Archive member included to satisfy reference by file (symbol)

/home/emanuele/st/stm32cubeide_1.15.0/plugins/com.st.stm32cube.ide.mcu.externaltools.gnu-tools-for-stm32.12.3.rel1.linux64_1.0.200.202406132123/tools/bin/../lib/gcc/arm-none-eabi/12.3.1/../../../../arm-none-eabi/lib/thumb/v7-m/nofp/libc_nano.a(libc_a-calloc.o)
                              Build/tee_client_api.o (calloc)
/home/emanuele/st/stm32cubeide_1.15.0/plugins/com.st.stm32cube.ide.mcu.externaltools.gnu-tools-for-stm32.12.3.rel1.linux64_1.0.200.202406132123/tools/bin/../lib/gcc/arm-none-eabi/12.3.1/../../../../arm-none-eabi/lib/thumb/v7-m/nofp/libc_nano.a(libc_a-callocr.o)
                              /home/emanuele/st/stm32cubeide_1.15.0/plugins/com.st.stm32cube.ide.mcu.externaltools.gnu-tools-for-stm32.12.3.rel1.linux64_1.0.200.202406132123/tools/bin/../lib/gcc/arm-none-eabi/12.3.1/../../../../arm-none-eabi/lib/thumb/v7-m/nofp/libc_nano.a(libc_a-calloc.o) (_calloc_r)
/home/emanuele/st/stm32cubeide_1.15.0/plugins/com.st.stm32cube.ide.mcu.externaltools.gnu-tools-for-stm32.12.3.rel1.linux64_1.0.200.202406132123/tools/bin/../lib/gcc/arm-none-eabi/12.3.1/../../../../arm-none-eabi/lib/thumb/v7-m/nofp/libc_nano.a(libc_a-exit.o)
                              /home/emanuele/st/stm32cubeide_1.15.0/plugins/com.st.stm32cube.ide.mcu.externaltools.gnu-tools-for-stm32.12.3.rel1.linux64_1.0.200.202406132123/tools/bin/../lib/gcc/arm-none-eabi/12.3.1/../../../../arm-none-eabi/lib/thumb/v7-m/nofp/crt0.o (exit)
/home/emanuele/st/stm32cubeide_1.15.0/plugins/com.st.stm32cube.ide.mcu.externaltools.gnu-tools-for-stm32.12.3.rel1.linux64_1.0.200.202406132123/tools/bin/../lib/gcc/arm-none-eabi/12.3.1/../../../../arm-none-eabi/lib/thumb/v7-m/nofp/libc_nano.a(libc_a-malloc.o)
                              Build/tee_client_api.o (free)
/home/emanuele/st/stm32cubeide_1.15.0/plugins/com.st.stm32cube.ide.mcu.externaltools.gnu-tools-for-stm32.12.3.rel1.linux64_1.0.200.202406132123/tools/bin/../lib/gcc/arm-none-eabi/12.3.1/../../../../arm-none-eabi/lib/thumb/v7-m/nofp/libc_nano.a(libc_a-mallocr.o)
                              /home/emanuele/st/stm32cubeide_1.15.0/plugins/com.st.stm32cube.ide.mcu.externaltools.gnu-tools-for-stm32.12.3.rel1.linux64_1.0.200.202406132123/tools/bin/../lib/gcc/arm-none-eabi/12.3.1/../../../../arm-none-eabi/lib/thumb/v7-m/nofp/libc_nano.a(libc_a-callocr.o) (_malloc_r)
/home/emanuele/st/stm32cubeide_1.15.0/plugins/com.st.stm32cube.ide.mcu.externaltools.gnu-tools-for-stm32.12.3.rel1.linux64_1.0.200.202406132123/tools/bin/../lib/gcc/arm-none-eabi/12.3.1/../../../../arm-none-eabi/lib/thumb/v7-m/nofp/libc_nano.a(libc_a-mlock.o)
                              /home/emanuele/st/stm32cubeide_1.15.0/plugins/com.st.stm32cube.ide.mcu.externaltools.gnu-tools-for-stm32.12.3.rel1.linux64_1.0.200.202406132123/tools/bin/../lib/gcc/arm-none-eabi/12.3.1/../../../../arm-none-eabi/lib/thumb/v7-m/nofp/libc_nano.a(libc_a-mallocr.o) (__malloc_lock)
/home/emanuele/st/stm32cubeide_1.15.0/plugins/com.st.stm32cube.ide.mcu.externaltools.gnu-tools-for-stm32.12.3.rel1.linux64_1.0.200.202406132123/tools/bin/../lib/gcc/arm-none-eabi/12.3.1/../../../../arm-none-eabi/lib/thumb/v7-m/nofp/libc_nano.a(libc_a-findfp.o)
                              /home/emanuele/st/stm32cubeide_1.15.0/plugins/com.st.stm32cube.ide.mcu.externaltools.gnu-tools-for-stm32.12.3.rel1.linux64_1.0.200.202406132123/tools/bin/../lib/gcc/arm-none-eabi/12.3.1/../../../../arm-none-eabi/lib/thumb/v7-m/nofp/libc_nano.a(libc_a-exit.o) (__stdio_exit_handler)
/home/emanuele/st/stm32cubeide_1.15.0/plugins/com.st.stm32cube.ide.mcu.externaltools.gnu-tools-for-stm32.12.3.rel1.linux64_1.0.200.202406132123/tools/bin/../lib/gcc/arm-none-eabi/12.3.1/../../../../arm-none-eabi/lib/thumb/v7-m/nofp/libc_nano.a(libc_a-fwalk.o)
                              /home/emanuele/st/stm32cubeide_1.15.0/plugins/com.st.stm32cube.ide.mcu.externaltools.gnu-tools-for-stm32.12.3.rel1.linux64_1.0.200.202406132123/tools/bin/../lib/gcc/arm-none-eabi/12.3.1/../../../../arm-none-eabi/lib/thumb/v7-m/nofp/libc_nano.a(libc_a-findfp.o) (_fwalk_sglue)
/home/emanuele/st/stm32cubeide_1.15.0/plugins/com.st.stm32cube.ide.mcu.externaltools.gnu-tools-for-stm32.12.3.rel1.linux64_1.0.200.202406132123/tools/bin/../lib/gcc/arm-none-eabi/12.3.1/../../../../arm-none-eabi/lib/thumb/v7-m/nofp/libc_nano.a(libc_a-printf.o)
                              Build/main.o (printf)
/home/emanuele/st/stm32cubeide_1.15.0/plugins/com.st.stm32cube.ide.mcu.externaltools.gnu-tools-for-stm32.12.3.rel1.linux64_1.0.200.202406132123/tools/bin/../lib/gcc/arm-none-eabi/12.3.1/../../../../arm-none-eabi/lib/thumb/v7-m/nofp/libc_nano.a(libc_a-stdio.o)
                              /home/emanuele/st/stm32cubeide_1.15.0/plugins/com.st.stm32cube.ide.mcu.externaltools.gnu-tools-for-stm32.12.3.rel1.linux64_1.0.200.202406132123/tools/bin/../lib/gcc/arm-none-eabi/12.3.1/../../../../arm-none-eabi/lib/thumb/v7-m/nofp/libc_nano.a(libc_a-findfp.o) (__sread)
[...]
Memory Configuration

Name             Origin             Length             Attributes
FLASH_BOOT       0x08000000         0x00020000         xr
FLASH_TA1        0x08020000         0x0003c000         xr
FLASH_SECURE_TA1 0x0805c000         0x00004000         rw
FLASH_TA2        0x08060000         0x0003c000         xr
FLASH_SECURE_TA2 0x0809c000         0x00004000         rw
FLASH            0x080a0000         0x00058000         xr
FLASH_BOOT_NOPRI 0x080f8000         0x00008000         xr
RAM_BOOT         0x10000000         0x00000020         xrw
RAM              0x10004000         0x00004000         xrw
RAM_TA1          0x20000000         0x0000c000         xrw
RAM_TA2          0x2000c000         0x0000c000         xrw
*default*        0x00000000         0xffffffff

Linker script and memory map

LOAD /home/emanuele/st/stm32cubeide_1.15.0/plugins/com.st.stm32cube.ide.mcu.externaltools.gnu-tools-for-stm32.12.3.rel1.linux64_1.0.200.202406132123/tools/bin/../lib/gcc/arm-none-eabi/12.3.1/thumb/v7-m/nofp/crti.o
LOAD /home/emanuele/st/stm32cubeide_1.15.0/plugins/com.st.stm32cube.ide.mcu.externaltools.gnu-tools-for-stm32.12.3.rel1.linux64_1.0.200.202406132123/tools/bin/../lib/gcc/arm-none-eabi/12.3.1/thumb/v7-m/nofp/crtbegin.o
LOAD /home/emanuele/st/stm32cubeide_1.15.0/plugins/com.st.stm32cube.ide.mcu.externaltools.gnu-tools-for-stm32.12.3.rel1.linux64_1.0.200.202406132123/tools/bin/../lib/gcc/arm-none-eabi/12.3.1/../../../../arm-none-eabi/lib/thumb/v7-m/nofp/crt0.o
LOAD Build/main.o
LOAD Build/stm32l4xx_hal_msp.o
LOAD Build/stm32l4xx_it.o
LOAD Build/syscalls.o
LOAD Build/sysmem.o
LOAD Build/system_stm32l4xx.o
LOAD Build/tee_client_api.o
LOAD Build/stm32l4xx_hal_cortex.o
LOAD Build/stm32l4xx_hal_dfsdm.o
LOAD Build/stm32l4xx_hal_dma_ex.o
LOAD Build/stm32l4xx_hal_dma.o
LOAD Build/stm32l4xx_hal_exti.o
LOAD Build/stm32l4xx_hal_flash_ex.o
LOAD Build/stm32l4xx_hal_flash_ramfunc.o
LOAD Build/stm32l4xx_hal_flash.o
LOAD Build/stm32l4xx_hal_gpio.o
LOAD Build/stm32l4xx_hal_i2c.o
LOAD Build/stm32l4xx_hal_i2c_ex.o
LOAD Build/stm32l4xx_hal_pcd_ex.o
LOAD Build/stm32l4xx_hal_pcd.o
LOAD Build/stm32l4xx_hal_pwr.o
LOAD Build/stm32l4xx_hal_pwr_ex.o
LOAD Build/stm32l4xx_hal_qspi.o
LOAD Build/stm32l4xx_hal_rcc.o
LOAD Build/stm32l4xx_hal_rcc_ex.o
LOAD Build/stm32l4xx_hal_rng.o
LOAD Build/stm32l4xx_hal_spi.o
LOAD Build/stm32l4xx_hal_spi_ex.o
LOAD Build/stm32l4xx_hal_tim.o
LOAD Build/stm32l4xx_hal_tim_ex.o
LOAD Build/stm32l4xx_hal_uart.o
LOAD Build/stm32l4xx_hal_uart_ex.o
LOAD Build/stm32l4xx_hal.o
LOAD Build/stm32l4xx_ll_usb.o
LOAD Build/startup_stm32l475vgtx.o
LOAD /home/emanuele/st/stm32cubeide_1.15.0/plugins/com.st.stm32cube.ide.mcu.externaltools.gnu-tools-for-stm32.12.3.rel1.linux64_1.0.200.202406132123/tools/bin/../lib/gcc/arm-none-eabi/12.3.1/../../../../arm-none-eabi/lib/thumb/v7-m/nofp/libc_nano.a
LOAD /home/emanuele/st/stm32cubeide_1.15.0/plugins/com.st.stm32cube.ide.mcu.externaltools.gnu-tools-for-stm32.12.3.rel1.linux64_1.0.200.202406132123/tools/bin/../lib/gcc/arm-none-eabi/12.3.1/../../../../arm-none-eabi/lib/thumb/v7-m/nofp/libm.a
LOAD /home/emanuele/st/stm32cubeide_1.15.0/plugins/com.st.stm32cube.ide.mcu.externaltools.gnu-tools-for-stm32.12.3.rel1.linux64_1.0.200.202406132123/tools/bin/../lib/gcc/arm-none-eabi/12.3.1/../../../../arm-none-eabi/lib/thumb/v7-m/nofp/libnosys.a
START GROUP
LOAD /home/emanuele/st/stm32cubeide_1.15.0/plugins/com.st.stm32cube.ide.mcu.externaltools.gnu-tools-for-stm32.12.3.rel1.linux64_1.0.200.202406132123/tools/bin/../lib/gcc/arm-none-eabi/12.3.1/thumb/v7-m/nofp/libgcc.a
LOAD /home/emanuele/st/stm32cubeide_1.15.0/plugins/com.st.stm32cube.ide.mcu.externaltools.gnu-tools-for-stm32.12.3.rel1.linux64_1.0.200.202406132123/tools/bin/../lib/gcc/arm-none-eabi/12.3.1/../../../../arm-none-eabi/lib/thumb/v7-m/nofp/libc_nano.a
END GROUP
START GROUP
LOAD /home/emanuele/st/stm32cubeide_1.15.0/plugins/com.st.stm32cube.ide.mcu.externaltools.gnu-tools-for-stm32.12.3.rel1.linux64_1.0.200.202406132123/tools/bin/../lib/gcc/arm-none-eabi/12.3.1/thumb/v7-m/nofp/libgcc.a
LOAD /home/emanuele/st/stm32cubeide_1.15.0/plugins/com.st.stm32cube.ide.mcu.externaltools.gnu-tools-for-stm32.12.3.rel1.linux64_1.0.200.202406132123/tools/bin/../lib/gcc/arm-none-eabi/12.3.1/../../../../arm-none-eabi/lib/thumb/v7-m/nofp/libc_nano.a
END GROUP
LOAD /home/emanuele/st/stm32cubeide_1.15.0/plugins/com.st.stm32cube.ide.mcu.externaltools.gnu-tools-for-stm32.12.3.rel1.linux64_1.0.200.202406132123/tools/bin/../lib/gcc/arm-none-eabi/12.3.1/thumb/v7-m/nofp/crtend.o
LOAD /home/emanuele/st/stm32cubeide_1.15.0/plugins/com.st.stm32cube.ide.mcu.externaltools.gnu-tools-for-stm32.12.3.rel1.linux64_1.0.200.202406132123/tools/bin/../lib/gcc/arm-none-eabi/12.3.1/thumb/v7-m/nofp/crtn.o
                0x10008000                        _estack = (ORIGIN (RAM) + LENGTH (RAM))
                0x00000200                        _Min_Heap_Size = 0x200
                0x00000400                        _Min_Stack_Size = 0x400
                0x08000000                        __flash_boot_start__ = ORIGIN (FLASH_BOOT)
                0x00020000                        __flash_boot_size__ = LENGTH (FLASH_BOOT)
                0x080f8000                        __flash_boot_nopri_start__ = ORIGIN (FLASH_BOOT_NOPRI)
                0x00008000                        __flash_boot_nopri_size__ = LENGTH (FLASH_BOOT_NOPRI)
                0x080a0000                        __flash_start__ = ORIGIN (FLASH)
                0x00058000                        __flash_size__ = LENGTH (FLASH)
                0x08020000                        __flash_TA1_start__ = ORIGIN (FLASH_TA1)
                0x0003c000                        __flash_TA1_size__ = LENGTH (FLASH_TA1)
                0x08060000                        __flash_TA2_start__ = ORIGIN (FLASH_TA2)
                0x0003c000                        __flash_TA2_size__ = LENGTH (FLASH_TA2)
                0x0805c000                        __flash_secure_TA1_start__ = ORIGIN (FLASH_SECURE_TA1)
                0x00004000                        __flash_secure_TA1_size__ = LENGTH (FLASH_SECURE_TA1)
                0x0809c000                        __flash_secure_TA2_start__ = ORIGIN (FLASH_SECURE_TA2)
                0x00004000                        __flash_secure_TA2_size__ = LENGTH (FLASH_SECURE_TA2)
                0x10000000                        __ram_boot_start__ = ORIGIN (RAM_BOOT)

.isr_vector     0x080a0000      0x188
                0x080a0000                        . = ALIGN (0x4)
 *(.isr_vector)
 .isr_vector    0x080a0000      0x188 Build/startup_stm32l475vgtx.o
                0x080a0000                g_pfnVectors
                0x080a0188                        . = ALIGN (0x4)

.text           0x080a0188     0x45d0
                0x080a0188                        . = ALIGN (0x4)
 *(.text)
 .text          0x080a0188       0x40 /home/emanuele/st/stm32cubeide_1.15.0/plugins/com.st.stm32cube.ide.mcu.externaltools.gnu-tools-for-stm32.12.3.rel1.linux64_1.0.200.202406132123/tools/bin/../lib/gcc/arm-none-eabi/12.3.1/thumb/v7-m/nofp/crtbegin.o
 .text          0x080a01c8       0x30 /home/emanuele/st/stm32cubeide_1.15.0/plugins/com.st.stm32cube.ide.mcu.externaltools.gnu-tools-for-stm32.12.3.rel1.linux64_1.0.200.202406132123/tools/bin/../lib/gcc/arm-none-eabi/12.3.1/thumb/v7-m/nofp/libgcc.a(_aeabi_uldivmod.o)
                0x080a01c8                __aeabi_uldivmod
 .text          0x080a01f8      0x2b8 /home/emanuele/st/stm32cubeide_1.15.0/plugins/com.st.stm32cube.ide.mcu.externaltools.gnu-tools-for-stm32.12.3.rel1.linux64_1.0.200.202406132123/tools/bin/../lib/gcc/arm-none-eabi/12.3.1/thumb/v7-m/nofp/libgcc.a(_udivmoddi4.o)
                0x080a01f8                __udivmoddi4
 .text          0x080a04b0        0x4 /home/emanuele/st/stm32cubeide_1.15.0/plugins/com.st.stm32cube.ide.mcu.externaltools.gnu-tools-for-stm32.12.3.rel1.linux64_1.0.200.202406132123/tools/bin/../lib/gcc/arm-none-eabi/12.3.1/thumb/v7-m/nofp/libgcc.a(_dvmd_tls.o)
                0x080a04b0                __aeabi_ldiv0
                0x080a04b0                __aeabi_idiv0
 *(.text*)
 .text.MX_GPIO_Init
                0x080a04b4      0x2b0 Build/main.o
 .text.ta_invoke_command
                0x080a0764       0x4c Build/main.o
 .text.Error_Handler
                0x080a07b0        0x6 Build/main.o
                0x080a07b0                Error_Handler
 *fill*         0x080a07b6        0x2 
 .text.MX_DFSDM1_Init
                0x080a07b8       0x40 Build/main.o
 .text.MX_I2C2_Init
                0x080a07f8       0x50 Build/main.o
 .text.MX_QUADSPI_Init
                0x080a0848       0x34 Build/main.o
 .text.MX_SPI3_Init
                0x080a087c       0x48 Build/main.o
 .text.MX_USART1_UART_Init
                0x080a08c4       0x38 Build/main.o
 .text.MX_USART3_UART_Init
                0x080a08fc       0x38 Build/main.o
 .text.MX_USB_OTG_FS_PCD_Init
                0x080a0934       0x34 Build/main.o
 .text.MX_RNG_Init
                0x080a0968       0x1c Build/main.o
 .text.SystemClock_Config
                0x080a0984       0x9c Build/main.o
                0x080a0984                SystemClock_Config
 .text.PeriphCommonClock_Config
                0x080a0a20       0x48 Build/main.o
                0x080a0a20                PeriphCommonClock_Config
 .text.main     0x080a0a68      0x1bc Build/main.o
                0x080a0a68                main
 .text.HAL_MspInit
                0x080a0c24       0x30 Build/stm32l4xx_hal_msp.o
                0x080a0c24                HAL_MspInit
 .text.HAL_DFSDM_ChannelMspInit
                0x080a0c54       0x90 Build/stm32l4xx_hal_msp.o
                0x080a0c54                HAL_DFSDM_ChannelMspInit
 .text.HAL_I2C_MspInit
                0x080a0ce4       0x8c Build/stm32l4xx_hal_msp.o
                0x080a0ce4                HAL_I2C_MspInit
 .text.HAL_QSPI_MspInit
                0x080a0d70       0x70 Build/stm32l4xx_hal_msp.o
                0x080a0d70                HAL_QSPI_MspInit
 .text.HAL_RNG_MspInit
                0x080a0de0       0x30 Build/stm32l4xx_hal_msp.o
                0x080a0de0                HAL_RNG_MspInit
 .text.HAL_SPI_MspInit
                0x080a0e10       0x6c Build/stm32l4xx_hal_msp.o
                0x080a0e10                HAL_SPI_MspInit
 .text.HAL_UART_MspInit
                0x080a0e7c       0xf0 Build/stm32l4xx_hal_msp.o
                0x080a0e7c                HAL_UART_MspInit
 .text.HAL_PCD_MspInit
                0x080a0f6c       0xa4 Build/stm32l4xx_hal_msp.o
                0x080a0f6c                HAL_PCD_MspInit
 .text.NMI_Handler
                0x080a1010        0x2 Build/stm32l4xx_it.o
                0x080a1010                NMI_Handler
 .text.HardFault_Handler
                0x080a1012        0x2 Build/stm32l4xx_it.o
                0x080a1012                HardFault_Handler
 .text.MemManage_Handler
                0x080a1014        0x2 Build/stm32l4xx_it.o
                0x080a1014                MemManage_Handler
 .text.BusFault_Handler
                0x080a1016        0x2 Build/stm32l4xx_it.o
                0x080a1016                BusFault_Handler
 .text.UsageFault_Handler
                0x080a1018        0x2 Build/stm32l4xx_it.o
                0x080a1018                UsageFault_Handler
 .text.SVC_Handler
                0x080a101a        0x2 Build/stm32l4xx_it.o
                0x080a101a                SVC_Handler
 .text.DebugMon_Handler
                0x080a101c        0x2 Build/stm32l4xx_it.o
                0x080a101c                DebugMon_Handler
 .text.PendSV_Handler
                0x080a101e        0x2 Build/stm32l4xx_it.o
                0x080a101e                PendSV_Handler
 .text.SysTick_Handler
                0x080a1020        0x8 Build/stm32l4xx_it.o
                0x080a1020                SysTick_Handler
 .text.EXTI9_5_IRQHandler
                0x080a1028       0x1e Build/stm32l4xx_it.o
                0x080a1028                EXTI9_5_IRQHandler
 .text.EXTI15_10_IRQHandler
                0x080a1046       0x2c Build/stm32l4xx_it.o
                0x080a1046                EXTI15_10_IRQHandler
 .text._read    0x080a1072       0x20 Build/syscalls.o
                0x080a1072                _read
 .text._write   0x080a1092       0x1c Build/syscalls.o
                0x080a1092                _write
 .text._close   0x080a10ae        0x6 Build/syscalls.o
                0x080a10ae                _close
 .text._fstat   0x080a10b4        0xa Build/syscalls.o
                0x080a10b4                _fstat
 .text._isatty  0x080a10be        0x4 Build/syscalls.o
                0x080a10be                _isatty
 .text._lseek   0x080a10c2        0x4 Build/syscalls.o
                0x080a10c2                _lseek
 *fill*         0x080a10c6        0x2 
 .text._sbrk    0x080a10c8       0x48 Build/sysmem.o
                0x080a10c8                _sbrk
 .text.SystemInit
                0x080a1110        0x2 Build/system_stm32l4xx.o
                0x080a1110                SystemInit
 *fill*         0x080a1112        0x2 
 .text.check_context
                0x080a1114       0x40 Build/tee_client_api.o
 .text.TEEC_InitializeContext
                0x080a1154       0x68 Build/tee_client_api.o
                0x080a1154                TEEC_InitializeContext
 .text.TEEC_FinalizeContext
                0x080a11bc       0x48 Build/tee_client_api.o
                0x080a11bc                TEEC_FinalizeContext
 .text.TEEC_OpenSession
                0x080a1204       0xc0 Build/tee_client_api.o
                0x080a1204                TEEC_OpenSession
 .text.TEEC_CloseSession
                0x080a12c4       0x34 Build/tee_client_api.o
                0x080a12c4                TEEC_CloseSession
 .text.TEEC_InvokeCommand
                0x080a12f8       0xbc Build/tee_client_api.o
                0x080a12f8                TEEC_InvokeCommand
 .text.__NVIC_EnableIRQ
                0x080a13b4       0x1c Build/stm32l4xx_hal_cortex.o
 .text.__NVIC_SetPriority
                0x080a13d0       0x28 Build/stm32l4xx_hal_cortex.o
 .text.NVIC_EncodePriority
                0x080a13f8       0x3e Build/stm32l4xx_hal_cortex.o
 *fill*         0x080a1436        0x2 
 .text.HAL_NVIC_SetPriorityGrouping
                0x080a1438       0x24 Build/stm32l4xx_hal_cortex.o
                0x080a1438                HAL_NVIC_SetPriorityGrouping
 .text.HAL_NVIC_SetPriority
                0x080a145c       0x20 Build/stm32l4xx_hal_cortex.o
                0x080a145c                HAL_NVIC_SetPriority
 .text.HAL_NVIC_EnableIRQ
                0x080a147c        0x8 Build/stm32l4xx_hal_cortex.o
                0x080a147c                HAL_NVIC_EnableIRQ
 .text.HAL_SYSTICK_Config
                0x080a1484       0x28 Build/stm32l4xx_hal_cortex.o
                0x080a1484                HAL_SYSTICK_Config
 .text.DFSDM_GetChannelFromInstance
                0x080a14ac       0x50 Build/stm32l4xx_hal_dfsdm.o
 .text.HAL_DFSDM_ChannelInit
                0x080a14fc      0x108 Build/stm32l4xx_hal_dfsdm.o
                0x080a14fc                HAL_DFSDM_ChannelInit
 .text.HAL_GPIO_Init
                0x080a1604      0x20c Build/stm32l4xx_hal_gpio.o
                0x080a1604                HAL_GPIO_Init
 .text.HAL_GPIO_WritePin
                0x080a1810        0xa Build/stm32l4xx_hal_gpio.o
                0x080a1810                HAL_GPIO_WritePin
 .text.HAL_GPIO_EXTI_Callback
                0x080a181a        0x2 Build/stm32l4xx_hal_gpio.o
                0x080a181a                HAL_GPIO_EXTI_Callback
 .text.HAL_GPIO_EXTI_IRQHandler
                0x080a181c       0x1c Build/stm32l4xx_hal_gpio.o
                0x080a181c                HAL_GPIO_EXTI_IRQHandler
 .text.HAL_I2C_Init
                0x080a1838       0xc8 Build/stm32l4xx_hal_i2c.o
                0x080a1838                HAL_I2C_Init
 .text.HAL_I2CEx_ConfigAnalogFilter
                0x080a1900       0x5c Build/stm32l4xx_hal_i2c_ex.o
                0x080a1900                HAL_I2CEx_ConfigAnalogFilter
 .text.HAL_I2CEx_ConfigDigitalFilter
                0x080a195c       0x58 Build/stm32l4xx_hal_i2c_ex.o
                0x080a195c                HAL_I2CEx_ConfigDigitalFilter
 .text.HAL_PCDEx_ActivateLPM
                0x080a19b4       0x26 Build/stm32l4xx_hal_pcd_ex.o
                0x080a19b4                HAL_PCDEx_ActivateLPM
 .text.HAL_PCD_Init
                0x080a19da      0x106 Build/stm32l4xx_hal_pcd.o
                0x080a19da                HAL_PCD_Init
 .text.HAL_PWR_EnableBkUpAccess
                0x080a1ae0       0x10 Build/stm32l4xx_hal_pwr.o
                0x080a1ae0                HAL_PWR_EnableBkUpAccess
 .text.HAL_PWREx_GetVoltageRange
                0x080a1af0       0x10 Build/stm32l4xx_hal_pwr_ex.o
                0x080a1af0                HAL_PWREx_GetVoltageRange
 .text.HAL_PWREx_ControlVoltageScaling
                0x080a1b00       0x90 Build/stm32l4xx_hal_pwr_ex.o
                0x080a1b00                HAL_PWREx_ControlVoltageScaling
 .text.HAL_PWREx_EnableVddUSB
                0x080a1b90       0x10 Build/stm32l4xx_hal_pwr_ex.o
                0x080a1b90                HAL_PWREx_EnableVddUSB
 .text.QSPI_WaitFlagStateUntilTimeout
                0x080a1ba0       0x54 Build/stm32l4xx_hal_qspi.o
 .text.HAL_QSPI_SetTimeout
                0x080a1bf4        0x4 Build/stm32l4xx_hal_qspi.o
                0x080a1bf4                HAL_QSPI_SetTimeout
 .text.HAL_QSPI_Init
                0x080a1bf8       0xa8 Build/stm32l4xx_hal_qspi.o
                0x080a1bf8                HAL_QSPI_Init
 .text.RCC_SetFlashLatencyFromMSIRange
                0x080a1ca0       0x90 Build/stm32l4xx_hal_rcc.o
 .text.HAL_RCC_GetSysClockFreq
                0x080a1d30       0xb4 Build/stm32l4xx_hal_rcc.o
                0x080a1d30                HAL_RCC_GetSysClockFreq
 .text.HAL_RCC_OscConfig
                0x080a1de4      0x61c Build/stm32l4xx_hal_rcc.o
                0x080a1de4                HAL_RCC_OscConfig
 .text.HAL_RCC_ClockConfig
                0x080a2400      0x188 Build/stm32l4xx_hal_rcc.o
                0x080a2400                HAL_RCC_ClockConfig
 .text.HAL_RCC_GetHCLKFreq
                0x080a2588        0xc Build/stm32l4xx_hal_rcc.o
                0x080a2588                HAL_RCC_GetHCLKFreq
 .text.HAL_RCC_GetPCLK1Freq
                0x080a2594       0x24 Build/stm32l4xx_hal_rcc.o
                0x080a2594                HAL_RCC_GetPCLK1Freq
 .text.HAL_RCC_GetPCLK2Freq
                0x080a25b8       0x24 Build/stm32l4xx_hal_rcc.o
                0x080a25b8                HAL_RCC_GetPCLK2Freq
 .text.RCCEx_PLLSAI1_Config
                0x080a25dc      0x170 Build/stm32l4xx_hal_rcc_ex.o
 .text.RCCEx_PLLSAI2_Config
                0x080a274c      0x14c Build/stm32l4xx_hal_rcc_ex.o
 .text.HAL_RCCEx_PeriphCLKConfig
                0x080a2898      0x454 Build/stm32l4xx_hal_rcc_ex.o
                0x080a2898                HAL_RCCEx_PeriphCLKConfig
 .text.HAL_RCCEx_EnableMSIPLLMode
                0x080a2cec       0x10 Build/stm32l4xx_hal_rcc_ex.o
                0x080a2cec                HAL_RCCEx_EnableMSIPLLMode
 .text.HAL_RNG_Init
                0x080a2cfc       0x72 Build/stm32l4xx_hal_rng.o
                0x080a2cfc                HAL_RNG_Init
 .text.HAL_SPI_Init
                0x080a2d6e       0xde Build/stm32l4xx_hal_spi.o
                0x080a2d6e                HAL_SPI_Init
 .text.UART_EndRxTransfer
                0x080a2e4c       0x52 Build/stm32l4xx_hal_uart.o
 *fill*         0x080a2e9e        0x2 
 .text.UART_SetConfig
                0x080a2ea0      0x328 Build/stm32l4xx_hal_uart.o
                0x080a2ea0                UART_SetConfig
 .text.UART_AdvFeatureConfig
                0x080a31c8       0xca Build/stm32l4xx_hal_uart.o
                0x080a31c8                UART_AdvFeatureConfig
 .text.UART_WaitOnFlagUntilTimeout
                0x080a3292       0x9e Build/stm32l4xx_hal_uart.o
                0x080a3292                UART_WaitOnFlagUntilTimeout
 .text.UART_CheckIdleState
                0x080a3330       0xc6 Build/stm32l4xx_hal_uart.o
                0x080a3330                UART_CheckIdleState
 .text.HAL_UART_Init
                0x080a33f6       0x62 Build/stm32l4xx_hal_uart.o
                0x080a33f6                HAL_UART_Init
 .text.HAL_InitTick
                0x080a3458       0x50 Build/stm32l4xx_hal.o
                0x080a3458                HAL_InitTick
 .text.HAL_Init
                0x080a34a8       0x1e Build/stm32l4xx_hal.o
                0x080a34a8                HAL_Init
 *fill*         0x080a34c6        0x2 
 .text.HAL_IncTick
                0x080a34c8       0x18 Build/stm32l4xx_hal.o
                0x080a34c8                HAL_IncTick
 .text.HAL_GetTick
                0x080a34e0        0xc Build/stm32l4xx_hal.o
                0x080a34e0                HAL_GetTick
 .text.HAL_Delay
                0x080a34ec       0x28 Build/stm32l4xx_hal.o
                0x080a34ec                HAL_Delay
 .text.USB_CoreReset
                0x080a3514       0x4a Build/stm32l4xx_ll_usb.o
 .text.USB_CoreInit
                0x080a355e       0x3a Build/stm32l4xx_ll_usb.o
                0x080a355e                USB_CoreInit
 .text.USB_DisableGlobalInt
                0x080a3598        0xc Build/stm32l4xx_ll_usb.o
                0x080a3598                USB_DisableGlobalInt
 .text.USB_FlushTxFifo
                0x080a35a4       0x4a Build/stm32l4xx_ll_usb.o
                0x080a35a4                USB_FlushTxFifo
 .text.USB_FlushRxFifo
                0x080a35ee       0x46 Build/stm32l4xx_ll_usb.o
                0x080a35ee                USB_FlushRxFifo
 .text.USB_SetDevSpeed
                0x080a3634        0xe Build/stm32l4xx_ll_usb.o
                0x080a3634                USB_SetDevSpeed
 *fill*         0x080a3642        0x2 
 .text.USB_DevInit
                0x080a3644      0x164 Build/stm32l4xx_ll_usb.o
                0x080a3644                USB_DevInit
 .text.USB_DevDisconnect
                0x080a37a8       0x1c Build/stm32l4xx_ll_usb.o
                0x080a37a8                USB_DevDisconnect
 .text.USB_GetMode
                0x080a37c4        0x8 Build/stm32l4xx_ll_usb.o
                0x080a37c4                USB_GetMode
 .text.USB_SetCurrentMode
                0x080a37cc       0x62 Build/stm32l4xx_ll_usb.o
                0x080a37cc                USB_SetCurrentMode
 *fill*         0x080a382e        0x2 
 .text.Reset_Handler
                0x080a3830       0x50 Build/startup_stm32l475vgtx.o
                0x080a3830                Reset_Handler
 .text.Default_Handler
                0x080a3880        0x2 Build/startup_stm32l475vgtx.o
                0x080a3880                RTC_Alarm_IRQHandler
                0x080a3880                EXTI2_IRQHandler
                0x080a3880                TIM8_TRG_COM_IRQHandler
                0x080a3880                TIM8_CC_IRQHandler
                0x080a3880                TIM1_CC_IRQHandler
                0x080a3880                TSC_IRQHandler
                0x080a3880                TAMP_STAMP_IRQHandler
                0x080a3880                EXTI3_IRQHandler
                0x080a3880                LPTIM2_IRQHandler
                0x080a3880                DFSDM1_FLT1_IRQHandler
                0x080a3880                I2C3_ER_IRQHandler
                0x080a3880                DFSDM1_FLT2_IRQHandler
                0x080a3880                EXTI0_IRQHandler
                0x080a3880                I2C2_EV_IRQHandler
                0x080a3880                CAN1_RX0_IRQHandler
                0x080a3880                FPU_IRQHandler
                0x080a3880                TIM1_UP_TIM16_IRQHandler
                0x080a3880                ADC1_2_IRQHandler
                0x080a3880                SPI1_IRQHandler
                0x080a3880                TIM6_DAC_IRQHandler
                0x080a3880                TIM8_UP_IRQHandler
                0x080a3880                DMA2_Channel2_IRQHandler
                0x080a3880                DMA1_Channel4_IRQHandler
                0x080a3880                SAI2_IRQHandler
                0x080a3880                DFSDM1_FLT3_IRQHandler
                0x080a3880                USART3_IRQHandler
                0x080a3880                DMA1_Channel7_IRQHandler
                0x080a3880                CAN1_RX1_IRQHandler
                0x080a3880                UART5_IRQHandler
                0x080a3880                ADC3_IRQHandler
                0x080a3880                TIM4_IRQHandler
                0x080a3880                DMA2_Channel1_IRQHandler
                0x080a3880                QUADSPI_IRQHandler
                0x080a3880                I2C1_EV_IRQHandler
                0x080a3880                DMA1_Channel6_IRQHandler
                0x080a3880                UART4_IRQHandler
                0x080a3880                DMA2_Channel4_IRQHandler
                0x080a3880                TIM3_IRQHandler
                0x080a3880                RCC_IRQHandler
                0x080a3880                DMA1_Channel1_IRQHandler
                0x080a3880                Default_Handler
                0x080a3880                DMA2_Channel7_IRQHandler
                0x080a3880                TIM7_IRQHandler
                0x080a3880                SDMMC1_IRQHandler
                0x080a3880                TIM5_IRQHandler
                0x080a3880                I2C3_EV_IRQHandler
                0x080a3880                RTC_WKUP_IRQHandler
                0x080a3880                PVD_PVM_IRQHandler
                0x080a3880                SPI2_IRQHandler
                0x080a3880                CAN1_TX_IRQHandler
                0x080a3880                DMA2_Channel5_IRQHandler
                0x080a3880                DMA1_Channel5_IRQHandler
                0x080a3880                EXTI4_IRQHandler
                0x080a3880                RNG_IRQHandler
                0x080a3880                TIM1_TRG_COM_TIM17_IRQHandler
                0x080a3880                DMA1_Channel3_IRQHandler
                0x080a3880                COMP_IRQHandler
                0x080a3880                WWDG_IRQHandler
                0x080a3880                LPUART1_IRQHandler
                0x080a3880                DMA2_Channel6_IRQHandler
                0x080a3880                TIM2_IRQHandler
                0x080a3880                EXTI1_IRQHandler
                0x080a3880                USART2_IRQHandler
                0x080a3880                DFSDM1_FLT0_IRQHandler
                0x080a3880                I2C2_ER_IRQHandler
                0x080a3880                DMA1_Channel2_IRQHandler
                0x080a3880                TIM8_BRK_IRQHandler
                0x080a3880                CAN1_SCE_IRQHandler
                0x080a3880                FLASH_IRQHandler
                0x080a3880                USART1_IRQHandler
                0x080a3880                OTG_FS_IRQHandler
                0x080a3880                SPI3_IRQHandler
                0x080a3880                I2C1_ER_IRQHandler
                0x080a3880                FMC_IRQHandler
                0x080a3880                SWPMI1_IRQHandler
                0x080a3880                LPTIM1_IRQHandler
                0x080a3880                SAI1_IRQHandler
                0x080a3880                DMA2_Channel3_IRQHandler
                0x080a3880                TIM1_BRK_TIM15_IRQHandler
 *fill*         0x080a3882        0x2 
 .text.calloc   0x080a3884       0x10 /home/emanuele/st/stm32cubeide_1.15.0/plugins/com.st.stm32cube.ide.mcu.externaltools.gnu-tools-for-stm32.12.3.rel1.linux64_1.0.200.202406132123/tools/bin/../lib/gcc/arm-none-eabi/12.3.1/../../../../arm-none-eabi/lib/thumb/v7-m/nofp/libc_nano.a(libc_a-calloc.o)
                0x080a3884                calloc
 .text._calloc_r
                0x080a3894       0x28 /home/emanuele/st/stm32cubeide_1.15.0/plugins/com.st.stm32cube.ide.mcu.externaltools.gnu-tools-for-stm32.12.3.rel1.linux64_1.0.200.202406132123/tools/bin/../lib/gcc/arm-none-eabi/12.3.1/../../../../arm-none-eabi/lib/thumb/v7-m/nofp/libc_nano.a(libc_a-callocr.o)
                0x080a3894                _calloc_r
 .text.free     0x080a38bc       0x10 /home/emanuele/st/stm32cubeide_1.15.0/plugins/com.st.stm32cube.ide.mcu.externaltools.gnu-tools-for-stm32.12.3.rel1.linux64_1.0.200.202406132123/tools/bin/../lib/gcc/arm-none-eabi/12.3.1/../../../../arm-none-eabi/lib/thumb/v7-m/nofp/libc_nano.a(libc_a-malloc.o)
                0x080a38bc                free
 .text.sbrk_aligned
                0x080a38cc       0x44 /home/emanuele/st/stm32cubeide_1.15.0/plugins/com.st.stm32cube.ide.mcu.externaltools.gnu-tools-for-stm32.12.3.rel1.linux64_1.0.200.202406132123/tools/bin/../lib/gcc/arm-none-eabi/12.3.1/../../../../arm-none-eabi/lib/thumb/v7-m/nofp/libc_nano.a(libc_a-mallocr.o)
 .text._malloc_r
                0x080a3910      0x100 /home/emanuele/st/stm32cubeide_1.15.0/plugins/com.st.stm32cube.ide.mcu.externaltools.gnu-tools-for-stm32.12.3.rel1.linux64_1.0.200.202406132123/tools/bin/../lib/gcc/arm-none-eabi/12.3.1/../../../../arm-none-eabi/lib/thumb/v7-m/nofp/libc_nano.a(libc_a-mallocr.o)
                0x080a3910                _malloc_r
 .text.__malloc_lock
                0x080a3a10        0xc /home/emanuele/st/stm32cubeide_1.15.0/plugins/com.st.stm32cube.ide.mcu.externaltools.gnu-tools-for-stm32.12.3.rel1.linux64_1.0.200.202406132123/tools/bin/../lib/gcc/arm-none-eabi/12.3.1/../../../../arm-none-eabi/lib/thumb/v7-m/nofp/libc_nano.a(libc_a-mlock.o)
                0x080a3a10                __malloc_lock
 .text.__malloc_unlock
                0x080a3a1c        0xc /home/emanuele/st/stm32cubeide_1.15.0/plugins/com.st.stm32cube.ide.mcu.externaltools.gnu-tools-for-stm32.12.3.rel1.linux64_1.0.200.202406132123/tools/bin/../lib/gcc/arm-none-eabi/12.3.1/../../../../arm-none-eabi/lib/thumb/v7-m/nofp/libc_nano.a(libc_a-mlock.o)
                0x080a3a1c                __malloc_unlock
 .text.std      0x080a3a28       0x6c /home/emanuele/st/stm32cubeide_1.15.0/plugins/com.st.stm32cube.ide.mcu.externaltools.gnu-tools-for-stm32.12.3.rel1.linux64_1.0.200.202406132123/tools/bin/../lib/gcc/arm-none-eabi/12.3.1/../../../../arm-none-eabi/lib/thumb/v7-m/nofp/libc_nano.a(libc_a-findfp.o)
 .text.stdio_exit_handler
                0x080a3a94       0x18 /home/emanuele/st/stm32cubeide_1.15.0/plugins/com.st.stm32cube.ide.mcu.externaltools.gnu-tools-for-stm32.12.3.rel1.linux64_1.0.200.202406132123/tools/bin/../lib/gcc/arm-none-eabi/12.3.1/../../../../arm-none-eabi/lib/thumb/v7-m/nofp/libc_nano.a(libc_a-findfp.o)
 .text.cleanup_stdio
                0x080a3aac       0x40 /home/emanuele/st/stm32cubeide_1.15.0/plugins/com.st.stm32cube.ide.mcu.externaltools.gnu-tools-for-stm32.12.3.rel1.linux64_1.0.200.202406132123/tools/bin/../lib/gcc/arm-none-eabi/12.3.1/../../../../arm-none-eabi/lib/thumb/v7-m/nofp/libc_nano.a(libc_a-findfp.o)
 .text.global_stdio_init.part.0
                0x080a3aec       0x3c /home/emanuele/st/stm32cubeide_1.15.0/plugins/com.st.stm32cube.ide.mcu.externaltools.gnu-tools-for-stm32.12.3.rel1.linux64_1.0.200.202406132123/tools/bin/../lib/gcc/arm-none-eabi/12.3.1/../../../../arm-none-eabi/lib/thumb/v7-m/nofp/libc_nano.a(libc_a-findfp.o)
 .text.__sfp_lock_acquire
                0x080a3b28        0xc /home/emanuele/st/stm32cubeide_1.15.0/plugins/com.st.stm32cube.ide.mcu.externaltools.gnu-tools-for-stm32.12.3.rel1.linux64_1.0.200.202406132123/tools/bin/../lib/gcc/arm-none-eabi/12.3.1/../../../../arm-none-eabi/lib/thumb/v7-m/nofp/libc_nano.a(libc_a-findfp.o)
                0x080a3b28                __sfp_lock_acquire
 .text.__sfp_lock_release
                0x080a3b34        0xc /home/emanuele/st/stm32cubeide_1.15.0/plugins/com.st.stm32cube.ide.mcu.externaltools.gnu-tools-for-stm32.12.3.rel1.linux64_1.0.200.202406132123/tools/bin/../lib/gcc/arm-none-eabi/12.3.1/../../../../arm-none-eabi/lib/thumb/v7-m/nofp/libc_nano.a(libc_a-findfp.o)
                0x080a3b34                __sfp_lock_release
 .text.__sinit  0x080a3b40       0x30 /home/emanuele/st/stm32cubeide_1.15.0/plugins/com.st.stm32cube.ide.mcu.externaltools.gnu-tools-for-stm32.12.3.rel1.linux64_1.0.200.202406132123/tools/bin/../lib/gcc/arm-none-eabi/12.3.1/../../../../arm-none-eabi/lib/thumb/v7-m/nofp/libc_nano.a(libc_a-findfp.o)
                0x080a3b40                __sinit
 .text._fwalk_sglue
                0x080a3b70       0x3c /home/emanuele/st/stm32cubeide_1.15.0/plugins/com.st.stm32cube.ide.mcu.externaltools.gnu-tools-for-stm32.12.3.rel1.linux64_1.0.200.202406132123/tools/bin/../lib/gcc/arm-none-eabi/12.3.1/../../../../arm-none-eabi/lib/thumb/v7-m/nofp/libc_nano.a(libc_a-fwalk.o)
                0x080a3b70                _fwalk_sglue
 .text.printf   0x080a3bac       0x24 /home/emanuele/st/stm32cubeide_1.15.0/plugins/com.st.stm32cube.ide.mcu.externaltools.gnu-tools-for-stm32.12.3.rel1.linux64_1.0.200.202406132123/tools/bin/../lib/gcc/arm-none-eabi/12.3.1/../../../../arm-none-eabi/lib/thumb/v7-m/nofp/libc_nano.a(libc_a-printf.o)
                0x080a3bac                printf
                0x080a3bac                iprintf
 .text.__sread  0x080a3bd0       0x22 /home/emanuele/st/stm32cubeide_1.15.0/plugins/com.st.stm32cube.ide.mcu.externaltools.gnu-tools-for-stm32.12.3.rel1.linux64_1.0.200.202406132123/tools/bin/../lib/gcc/arm-none-eabi/12.3.1/../../../../arm-none-eabi/lib/thumb/v7-m/nofp/libc_nano.a(libc_a-stdio.o)
                0x080a3bd0                __sread
 .text.__swrite
                0x080a3bf2       0x38 /home/emanuele/st/stm32cubeide_1.15.0/plugins/com.st.stm32cube.ide.mcu.externaltools.gnu-tools-for-stm32.12.3.rel1.linux64_1.0.200.202406132123/tools/bin/../lib/gcc/arm-none-eabi/12.3.1/../../../../arm-none-eabi/lib/thumb/v7-m/nofp/libc_nano.a(libc_a-stdio.o)
                0x080a3bf2                __swrite
 .text.__sseek  0x080a3c2a       0x24 /home/emanuele/st/stm32cubeide_1.15.0/plugins/com.st.stm32cube.ide.mcu.externaltools.gnu-tools-for-stm32.12.3.rel1.linux64_1.0.200.202406132123/tools/bin/../lib/gcc/arm-none-eabi/12.3.1/../../../../arm-none-eabi/lib/thumb/v7-m/nofp/libc_nano.a(libc_a-stdio.o)
                0x080a3c2a                __sseek
 .text.__sclose
                0x080a3c4e        0x8 /home/emanuele/st/stm32cubeide_1.15.0/plugins/com.st.stm32cube.ide.mcu.externaltools.gnu-tools-for-stm32.12.3.rel1.linux64_1.0.200.202406132123/tools/bin/../lib/gcc/arm-none-eabi/12.3.1/../../../../arm-none-eabi/lib/thumb/v7-m/nofp/libc_nano.a(libc_a-stdio.o)
                0x080a3c4e                __sclose
 .text.memset   0x080a3c56       0x10 /home/emanuele/st/stm32cubeide_1.15.0/plugins/com.st.stm32cube.ide.mcu.externaltools.gnu-tools-for-stm32.12.3.rel1.linux64_1.0.200.202406132123/tools/bin/../lib/gcc/arm-none-eabi/12.3.1/../../../../arm-none-eabi/lib/thumb/v7-m/nofp/libc_nano.a(libc_a-memset.o)
                0x080a3c56                memset
 *fill*         0x080a3c66        0x2 
 .text._close_r
                0x080a3c68       0x20 /home/emanuele/st/stm32cubeide_1.15.0/plugins/com.st.stm32cube.ide.mcu.externaltools.gnu-tools-for-stm32.12.3.rel1.linux64_1.0.200.202406132123/tools/bin/../lib/gcc/arm-none-eabi/12.3.1/../../../../arm-none-eabi/lib/thumb/v7-m/nofp/libc_nano.a(libc_a-closer.o)
                0x080a3c68                _close_r
 .text._lseek_r
                0x080a3c88       0x24 /home/emanuele/st/stm32cubeide_1.15.0/plugins/com.st.stm32cube.ide.mcu.externaltools.gnu-tools-for-stm32.12.3.rel1.linux64_1.0.200.202406132123/tools/bin/../lib/gcc/arm-none-eabi/12.3.1/../../../../arm-none-eabi/lib/thumb/v7-m/nofp/libc_nano.a(libc_a-lseekr.o)
                0x080a3c88                _lseek_r
 .text._read_r  0x080a3cac       0x24 /home/emanuele/st/stm32cubeide_1.15.0/plugins/com.st.stm32cube.ide.mcu.externaltools.gnu-tools-for-stm32.12.3.rel1.linux64_1.0.200.202406132123/tools/bin/../lib/gcc/arm-none-eabi/12.3.1/../../../../arm-none-eabi/lib/thumb/v7-m/nofp/libc_nano.a(libc_a-readr.o)
                0x080a3cac                _read_r
 .text._sbrk_r  0x080a3cd0       0x20 /home/emanuele/st/stm32cubeide_1.15.0/plugins/com.st.stm32cube.ide.mcu.externaltools.gnu-tools-for-stm32.12.3.rel1.linux64_1.0.200.202406132123/tools/bin/../lib/gcc/arm-none-eabi/12.3.1/../../../../arm-none-eabi/lib/thumb/v7-m/nofp/libc_nano.a(libc_a-sbrkr.o)
                0x080a3cd0                _sbrk_r
 .text._write_r
                0x080a3cf0       0x24 /home/emanuele/st/stm32cubeide_1.15.0/plugins/com.st.stm32cube.ide.mcu.externaltools.gnu-tools-for-stm32.12.3.rel1.linux64_1.0.200.202406132123/tools/bin/../lib/gcc/arm-none-eabi/12.3.1/../../../../arm-none-eabi/lib/thumb/v7-m/nofp/libc_nano.a(libc_a-writer.o)
                0x080a3cf0                _write_r
 .text.__errno  0x080a3d14        0xc /home/emanuele/st/stm32cubeide_1.15.0/plugins/com.st.stm32cube.ide.mcu.externaltools.gnu-tools-for-stm32.12.3.rel1.linux64_1.0.200.202406132123/tools/bin/../lib/gcc/arm-none-eabi/12.3.1/../../../../arm-none-eabi/lib/thumb/v7-m/nofp/libc_nano.a(libc_a-errno.o)
                0x080a3d14                __errno
 .text.__libc_init_array
                0x080a3d20       0x48 /home/emanuele/st/stm32cubeide_1.15.0/plugins/com.st.stm32cube.ide.mcu.externaltools.gnu-tools-for-stm32.12.3.rel1.linux64_1.0.200.202406132123/tools/bin/../lib/gcc/arm-none-eabi/12.3.1/../../../../arm-none-eabi/lib/thumb/v7-m/nofp/libc_nano.a(libc_a-init.o)
                0x080a3d20                __libc_init_array
 .text.__retarget_lock_init_recursive
                0x080a3d68        0x2 /home/emanuele/st/stm32cubeide_1.15.0/plugins/com.st.stm32cube.ide.mcu.externaltools.gnu-tools-for-stm32.12.3.rel1.linux64_1.0.200.202406132123/tools/bin/../lib/gcc/arm-none-eabi/12.3.1/../../../../arm-none-eabi/lib/thumb/v7-m/nofp/libc_nano.a(libc_a-lock.o)
                0x080a3d68                __retarget_lock_init_recursive
 .text.__retarget_lock_acquire_recursive
                0x080a3d6a        0x2 /home/emanuele/st/stm32cubeide_1.15.0/plugins/com.st.stm32cube.ide.mcu.externaltools.gnu-tools-for-stm32.12.3.rel1.linux64_1.0.200.202406132123/tools/bin/../lib/gcc/arm-none-eabi/12.3.1/../../../../arm-none-eabi/lib/thumb/v7-m/nofp/libc_nano.a(libc_a-lock.o)
                0x080a3d6a                __retarget_lock_acquire_recursive
 .text.__retarget_lock_release_recursive
                0x080a3d6c        0x2 /home/emanuele/st/stm32cubeide_1.15.0/plugins/com.st.stm32cube.ide.mcu.externaltools.gnu-tools-for-stm32.12.3.rel1.linux64_1.0.200.202406132123/tools/bin/../lib/gcc/arm-none-eabi/12.3.1/../../../../arm-none-eabi/lib/thumb/v7-m/nofp/libc_nano.a(libc_a-lock.o)
                0x080a3d6c                __retarget_lock_release_recursive
 *fill*         0x080a3d6e        0x2 
 .text._free_r  0x080a3d70       0x90 /home/emanuele/st/stm32cubeide_1.15.0/plugins/com.st.stm32cube.ide.mcu.externaltools.gnu-tools-for-stm32.12.3.rel1.linux64_1.0.200.202406132123/tools/bin/../lib/gcc/arm-none-eabi/12.3.1/../../../../arm-none-eabi/lib/thumb/v7-m/nofp/libc_nano.a(libc_a-freer.o)
                0x080a3d70                _free_r
 .text.__sfputc_r
                0x080a3e00       0x2a /home/emanuele/st/stm32cubeide_1.15.0/plugins/com.st.stm32cube.ide.mcu.externaltools.gnu-tools-for-stm32.12.3.rel1.linux64_1.0.200.202406132123/tools/bin/../lib/gcc/arm-none-eabi/12.3.1/../../../../arm-none-eabi/lib/thumb/v7-m/nofp/libc_nano.a(libc_a-nano-vfprintf.o)
 .text.__sfputs_r
                0x080a3e2a       0x24 /home/emanuele/st/stm32cubeide_1.15.0/plugins/com.st.stm32cube.ide.mcu.externaltools.gnu-tools-for-stm32.12.3.rel1.linux64_1.0.200.202406132123/tools/bin/../lib/gcc/arm-none-eabi/12.3.1/../../../../arm-none-eabi/lib/thumb/v7-m/nofp/libc_nano.a(libc_a-nano-vfprintf.o)
                0x080a3e2a                __sfputs_r
 *fill*         0x080a3e4e        0x2 
 .text._vfprintf_r
                0x080a3e50      0x230 /home/emanuele/st/stm32cubeide_1.15.0/plugins/com.st.stm32cube.ide.mcu.externaltools.gnu-tools-for-stm32.12.3.rel1.linux64_1.0.200.202406132123/tools/bin/../lib/gcc/arm-none-eabi/12.3.1/../../../../arm-none-eabi/lib/thumb/v7-m/nofp/libc_nano.a(libc_a-nano-vfprintf.o)
                0x080a3e50                _vfiprintf_r
                0x080a3e50                _vfprintf_r
 .text._printf_common
                0x080a4080       0xe4 /home/emanuele/st/stm32cubeide_1.15.0/plugins/com.st.stm32cube.ide.mcu.externaltools.gnu-tools-for-stm32.12.3.rel1.linux64_1.0.200.202406132123/tools/bin/../lib/gcc/arm-none-eabi/12.3.1/../../../../arm-none-eabi/lib/thumb/v7-m/nofp/libc_nano.a(libc_a-nano-vfprintf_i.o)
                0x080a4080                _printf_common
 .text._printf_i
                0x080a4164      0x240 /home/emanuele/st/stm32cubeide_1.15.0/plugins/com.st.stm32cube.ide.mcu.externaltools.gnu-tools-for-stm32.12.3.rel1.linux64_1.0.200.202406132123/tools/bin/../lib/gcc/arm-none-eabi/12.3.1/../../../../arm-none-eabi/lib/thumb/v7-m/nofp/libc_nano.a(libc_a-nano-vfprintf_i.o)
                0x080a4164                _printf_i
 .text.__sflush_r
                0x080a43a4      0x100 /home/emanuele/st/stm32cubeide_1.15.0/plugins/com.st.stm32cube.ide.mcu.externaltools.gnu-tools-for-stm32.12.3.rel1.linux64_1.0.200.202406132123/tools/bin/../lib/gcc/arm-none-eabi/12.3.1/../../../../arm-none-eabi/lib/thumb/v7-m/nofp/libc_nano.a(libc_a-fflush.o)
                0x080a43a4                __sflush_r
 .text._fflush_r
                0x080a44a4       0x50 /home/emanuele/st/stm32cubeide_1.15.0/plugins/com.st.stm32cube.ide.mcu.externaltools.gnu-tools-for-stm32.12.3.rel1.linux64_1.0.200.202406132123/tools/bin/../lib/gcc/arm-none-eabi/12.3.1/../../../../arm-none-eabi/lib/thumb/v7-m/nofp/libc_nano.a(libc_a-fflush.o)
                0x080a44a4                _fflush_r
 .text.__swbuf_r
                0x080a44f4       0x7c /home/emanuele/st/stm32cubeide_1.15.0/plugins/com.st.stm32cube.ide.mcu.externaltools.gnu-tools-for-stm32.12.3.rel1.linux64_1.0.200.202406132123/tools/bin/../lib/gcc/arm-none-eabi/12.3.1/../../../../arm-none-eabi/lib/thumb/v7-m/nofp/libc_nano.a(libc_a-wbuf.o)
                0x080a44f4                __swbuf_r
 .text.__swsetup_r
                0x080a4570       0xac /home/emanuele/st/stm32cubeide_1.15.0/plugins/com.st.stm32cube.ide.mcu.externaltools.gnu-tools-for-stm32.12.3.rel1.linux64_1.0.200.202406132123/tools/bin/../lib/gcc/arm-none-eabi/12.3.1/../../../../arm-none-eabi/lib/thumb/v7-m/nofp/libc_nano.a(libc_a-wsetup.o)
                0x080a4570                __swsetup_r
 .text.memchr   0x080a461c       0x1c /home/emanuele/st/stm32cubeide_1.15.0/plugins/com.st.stm32cube.ide.mcu.externaltools.gnu-tools-for-stm32.12.3.rel1.linux64_1.0.200.202406132123/tools/bin/../lib/gcc/arm-none-eabi/12.3.1/../../../../arm-none-eabi/lib/thumb/v7-m/nofp/libc_nano.a(libc_a-memchr-stub.o)
                0x080a461c                memchr
 .text.__swhatbuf_r
                0x080a4638       0x4a /home/emanuele/st/stm32cubeide_1.15.0/plugins/com.st.stm32cube.ide.mcu.externaltools.gnu-tools-for-stm32.12.3.rel1.linux64_1.0.200.202406132123/tools/bin/../lib/gcc/arm-none-eabi/12.3.1/../../../../arm-none-eabi/lib/thumb/v7-m/nofp/libc_nano.a(libc_a-makebuf.o)
                0x080a4638                __swhatbuf_r
 .text.__smakebuf_r
                0x080a4682       0x78 /home/emanuele/st/stm32cubeide_1.15.0/plugins/com.st.stm32cube.ide.mcu.externaltools.gnu-tools-for-stm32.12.3.rel1.linux64_1.0.200.202406132123/tools/bin/../lib/gcc/arm-none-eabi/12.3.1/../../../../arm-none-eabi/lib/thumb/v7-m/nofp/libc_nano.a(libc_a-makebuf.o)
                0x080a4682                __smakebuf_r
 *fill*         0x080a46fa        0x2 
 .text._fstat_r
                0x080a46fc       0x24 /home/emanuele/st/stm32cubeide_1.15.0/plugins/com.st.stm32cube.ide.mcu.externaltools.gnu-tools-for-stm32.12.3.rel1.linux64_1.0.200.202406132123/tools/bin/../lib/gcc/arm-none-eabi/12.3.1/../../../../arm-none-eabi/lib/thumb/v7-m/nofp/libc_nano.a(libc_a-fstatr.o)
                0x080a46fc                _fstat_r
 .text._isatty_r
                0x080a4720       0x20 /home/emanuele/st/stm32cubeide_1.15.0/plugins/com.st.stm32cube.ide.mcu.externaltools.gnu-tools-for-stm32.12.3.rel1.linux64_1.0.200.202406132123/tools/bin/../lib/gcc/arm-none-eabi/12.3.1/../../../../arm-none-eabi/lib/thumb/v7-m/nofp/libc_nano.a(libc_a-isattyr.o)
                0x080a4720                _isatty_r
 *(.glue_7)
 .glue_7        0x080a4740        0x0 linker stubs
 *(.glue_7t)
 .glue_7t       0x080a4740        0x0 linker stubs
 *(.eh_frame)
 .eh_frame      0x080a4740        0x0 /home/emanuele/st/stm32cubeide_1.15.0/plugins/com.st.stm32cube.ide.mcu.externaltools.gnu-tools-for-stm32.12.3.rel1.linux64_1.0.200.202406132123/tools/bin/../lib/gcc/arm-none-eabi/12.3.1/thumb/v7-m/nofp/crtbegin.o
 *(.init)
 .init          0x080a4740        0x4 /home/emanuele/st/stm32cubeide_1.15.0/plugins/com.st.stm32cube.ide.mcu.externaltools.gnu-tools-for-stm32.12.3.rel1.linux64_1.0.200.202406132123/tools/bin/../lib/gcc/arm-none-eabi/12.3.1/thumb/v7-m/nofp/crti.o
                0x080a4740                _init
 .init          0x080a4744        0x8 /home/emanuele/st/stm32cubeide_1.15.0/plugins/com.st.stm32cube.ide.mcu.externaltools.gnu-tools-for-stm32.12.3.rel1.linux64_1.0.200.202406132123/tools/bin/../lib/gcc/arm-none-eabi/12.3.1/thumb/v7-m/nofp/crtn.o
 *(.fini)
 .fini          0x080a474c        0x4 /home/emanuele/st/stm32cubeide_1.15.0/plugins/com.st.stm32cube.ide.mcu.externaltools.gnu-tools-for-stm32.12.3.rel1.linux64_1.0.200.202406132123/tools/bin/../lib/gcc/arm-none-eabi/12.3.1/thumb/v7-m/nofp/crti.o
                0x080a474c                _fini
 .fini          0x080a4750        0x8 /home/emanuele/st/stm32cubeide_1.15.0/plugins/com.st.stm32cube.ide.mcu.externaltools.gnu-tools-for-stm32.12.3.rel1.linux64_1.0.200.202406132123/tools/bin/../lib/gcc/arm-none-eabi/12.3.1/thumb/v7-m/nofp/crtn.o
                0x080a4758                        . = ALIGN (0x4)
                0x080a4758                        _etext = .

.vfp11_veneer   0x080a4758        0x0
 .vfp11_veneer  0x080a4758        0x0 linker stubs

.v4_bx          0x080a4758        0x0
 .v4_bx         0x080a4758        0x0 linker stubs

.iplt           0x080a4758        0x0
 .iplt          0x080a4758        0x0 /home/emanuele/st/stm32cubeide_1.15.0/plugins/com.st.stm32cube.ide.mcu.externaltools.gnu-tools-for-stm32.12.3.rel1.linux64_1.0.200.202406132123/tools/bin/../lib/gcc/arm-none-eabi/12.3.1/thumb/v7-m/nofp/crtbegin.o

.rodata         0x080a4758      0x69c
                0x080a4758                        . = ALIGN (0x4)
 *(.rodata)
 .rodata        0x080a4758       0x20 Build/main.o
 *(.rodata*)
 .rodata.ta_invoke_command.str1.4
                0x080a4778       0x6b Build/main.o
 *fill*         0x080a47e3        0x1 
 .rodata.main.str1.4
                0x080a47e4      0x2f2 Build/main.o
 *fill*         0x080a4ad6        0x2 
 .rodata.__func__.0
                0x080a4ad8       0x12 Build/main.o
 *fill*         0x080a4aea        0x2 
 .rodata.__func__.1
                0x080a4aec        0x5 Build/main.o
 *fill*         0x080a4af1        0x3 
 .rodata.MSIRangeTable
                0x080a4af4       0x30 Build/system_stm32l4xx.o
                0x080a4af4                MSIRangeTable
 .rodata.APBPrescTable
                0x080a4b24        0x8 Build/system_stm32l4xx.o
                0x080a4b24                APBPrescTable
 .rodata.AHBPrescTable
                0x080a4b2c       0x10 Build/system_stm32l4xx.o
                0x080a4b2c                AHBPrescTable
 .rodata.check_context.str1.4
                0x080a4b3c       0x81 Build/tee_client_api.o
 *fill*         0x080a4bbd        0x3 
 .rodata.TEEC_InitializeContext.str1.4
                0x080a4bc0       0x3a Build/tee_client_api.o
 *fill*         0x080a4bfa        0x2 
 .rodata.TEEC_FinalizeContext.str1.4
                0x080a4bfc       0x33 Build/tee_client_api.o
 *fill*         0x080a4c2f        0x1 
 .rodata.TEEC_OpenSession.str1.4
                0x080a4c30       0x2b Build/tee_client_api.o
 *fill*         0x080a4c5b        0x1 
 .rodata.TEEC_CloseSession.str1.4
                0x080a4c5c       0x30 Build/tee_client_api.o
 .rodata.TEEC_InvokeCommand.str1.4
                0x080a4c8c       0xb6 Build/tee_client_api.o
 *fill*         0x080a4d42        0x2 
 .rodata.__func__.1
                0x080a4d44       0x13 Build/tee_client_api.o
 *fill*         0x080a4d57        0x1 
 .rodata.__func__.2
                0x080a4d58       0x12 Build/tee_client_api.o
 *fill*         0x080a4d6a        0x2 
 .rodata.__func__.3
                0x080a4d6c        0xe Build/tee_client_api.o
 *fill*         0x080a4d7a        0x2 
 .rodata.__func__.4
                0x080a4d7c       0x11 Build/tee_client_api.o
 *fill*         0x080a4d8d        0x3 
 .rodata.__func__.5
                0x080a4d90       0x15 Build/tee_client_api.o
 *fill*         0x080a4da5        0x3 
 .rodata.__func__.6
                0x080a4da8       0x17 Build/tee_client_api.o
 .rodata._vfprintf_r.str1.1
                0x080a4dbf       0x11 /home/emanuele/st/stm32cubeide_1.15.0/plugins/com.st.stm32cube.ide.mcu.externaltools.gnu-tools-for-stm32.12.3.rel1.linux64_1.0.200.202406132123/tools/bin/../lib/gcc/arm-none-eabi/12.3.1/../../../../arm-none-eabi/lib/thumb/v7-m/nofp/libc_nano.a(libc_a-nano-vfprintf.o)
 .rodata._printf_i.str1.1
                0x080a4dd0       0x22 /home/emanuele/st/stm32cubeide_1.15.0/plugins/com.st.stm32cube.ide.mcu.externaltools.gnu-tools-for-stm32.12.3.rel1.linux64_1.0.200.202406132123/tools/bin/../lib/gcc/arm-none-eabi/12.3.1/../../../../arm-none-eabi/lib/thumb/v7-m/nofp/libc_nano.a(libc_a-nano-vfprintf_i.o)
                0x080a4df4                        . = ALIGN (0x4)
 *fill*         0x080a4df2        0x2 

.ARM.extab      0x080a4df4        0x0
                0x080a4df4                        . = ALIGN (0x4)
 *(.ARM.extab* .gnu.linkonce.armextab.*)
                0x080a4df4                        . = ALIGN (0x4)

.ARM            0x080a4df4        0x8
                0x080a4df4                        . = ALIGN (0x4)
                0x080a4df4                        __exidx_start = .
 *(.ARM.exidx*)
 .ARM.exidx     0x080a4df4        0x8 /home/emanuele/st/stm32cubeide_1.15.0/plugins/com.st.stm32cube.ide.mcu.externaltools.gnu-tools-for-stm32.12.3.rel1.linux64_1.0.200.202406132123/tools/bin/../lib/gcc/arm-none-eabi/12.3.1/thumb/v7-m/nofp/libgcc.a(_udivmoddi4.o)
                0x080a4dfc                        __exidx_end = .
                0x080a4dfc                        . = ALIGN (0x4)

.rel.dyn        0x080a4dfc        0x0
 .rel.iplt      0x080a4dfc        0x0 /home/emanuele/st/stm32cubeide_1.15.0/plugins/com.st.stm32cube.ide.mcu.externaltools.gnu-tools-for-stm32.12.3.rel1.linux64_1.0.200.202406132123/tools/bin/../lib/gcc/arm-none-eabi/12.3.1/thumb/v7-m/nofp/crtbegin.o

.preinit_array  0x080a4dfc        0x0
                0x080a4dfc                        . = ALIGN (0x4)
                0x080a4dfc                        PROVIDE (__preinit_array_start = .)
 *(.preinit_array*)
                0x080a4dfc                        PROVIDE (__preinit_array_end = .)
                0x080a4dfc                        . = ALIGN (0x4)

.init_array     0x080a4dfc        0x4
                0x080a4dfc                        . = ALIGN (0x4)
                0x080a4dfc                        PROVIDE (__init_array_start = .)
 *(SORT_BY_NAME(.init_array.*))
 *(.init_array*)
 .init_array    0x080a4dfc        0x4 /home/emanuele/st/stm32cubeide_1.15.0/plugins/com.st.stm32cube.ide.mcu.externaltools.gnu-tools-for-stm32.12.3.rel1.linux64_1.0.200.202406132123/tools/bin/../lib/gcc/arm-none-eabi/12.3.1/thumb/v7-m/nofp/crtbegin.o
                0x080a4e00                        PROVIDE (__init_array_end = .)
                0x080a4e00                        . = ALIGN (0x4)

.fini_array     0x080a4e00        0x4
                0x080a4e00                        . = ALIGN (0x4)
                [!provide]                        PROVIDE (__fini_array_start = .)
 *(SORT_BY_NAME(.fini_array.*))
 *(.fini_array*)
 .fini_array    0x080a4e00        0x4 /home/emanuele/st/stm32cubeide_1.15.0/plugins/com.st.stm32cube.ide.mcu.externaltools.gnu-tools-for-stm32.12.3.rel1.linux64_1.0.200.202406132123/tools/bin/../lib/gcc/arm-none-eabi/12.3.1/thumb/v7-m/nofp/crtbegin.o
                [!provide]                        PROVIDE (__fini_array_end = .)
                0x080a4e04                        . = ALIGN (0x4)
                0x080a4e04                        _sidata = LOADADDR (.data)

.data           0x10004000       0x68 load address 0x080a4e04
                0x10004000                        . = ALIGN (0x4)
                0x10004000                        _sdata = .
 *(.data)
 *(.data*)
 .data.SystemCoreClock
                0x10004000        0x4 Build/system_stm32l4xx.o
                0x10004000                SystemCoreClock
 .data.uwTickFreq
                0x10004004        0x1 Build/stm32l4xx_hal.o
                0x10004004                uwTickFreq
 *fill*         0x10004005        0x3 
 .data.uwTickPrio
                0x10004008        0x4 Build/stm32l4xx_hal.o
                0x10004008                uwTickPrio
 .data.__sglue  0x1000400c        0xc /home/emanuele/st/stm32cubeide_1.15.0/plugins/com.st.stm32cube.ide.mcu.externaltools.gnu-tools-for-stm32.12.3.rel1.linux64_1.0.200.202406132123/tools/bin/../lib/gcc/arm-none-eabi/12.3.1/../../../../arm-none-eabi/lib/thumb/v7-m/nofp/libc_nano.a(libc_a-findfp.o)
                0x1000400c                __sglue
 .data._impure_ptr
                0x10004018        0x4 /home/emanuele/st/stm32cubeide_1.15.0/plugins/com.st.stm32cube.ide.mcu.externaltools.gnu-tools-for-stm32.12.3.rel1.linux64_1.0.200.202406132123/tools/bin/../lib/gcc/arm-none-eabi/12.3.1/../../../../arm-none-eabi/lib/thumb/v7-m/nofp/libc_nano.a(libc_a-impure.o)
                0x10004018                _impure_ptr
 .data._impure_data
                0x1000401c       0x4c /home/emanuele/st/stm32cubeide_1.15.0/plugins/com.st.stm32cube.ide.mcu.externaltools.gnu-tools-for-stm32.12.3.rel1.linux64_1.0.200.202406132123/tools/bin/../lib/gcc/arm-none-eabi/12.3.1/../../../../arm-none-eabi/lib/thumb/v7-m/nofp/libc_nano.a(libc_a-impure.o)
                0x1000401c                _impure_data
 *(.RamFunc)
 *(.RamFunc*)
                0x10004068                        . = ALIGN (0x4)
                0x10004068                        _edata = .

.igot.plt       0x10004068        0x0 load address 0x080a4e6c
 .igot.plt      0x10004068        0x0 /home/emanuele/st/stm32cubeide_1.15.0/plugins/com.st.stm32cube.ide.mcu.externaltools.gnu-tools-for-stm32.12.3.rel1.linux64_1.0.200.202406132123/tools/bin/../lib/gcc/arm-none-eabi/12.3.1/thumb/v7-m/nofp/crtbegin.o

.myvars
 *(.myvars*)
                0x10004068                        . = ALIGN (0x4)

.bss            0x10004068      0x8d8
                0x10004068                        _sbss = .
                0x10004068                        __bss_start__ = _sbss
 *(.bss)
 .bss           0x10004068       0x1c /home/emanuele/st/stm32cubeide_1.15.0/plugins/com.st.stm32cube.ide.mcu.externaltools.gnu-tools-for-stm32.12.3.rel1.linux64_1.0.200.202406132123/tools/bin/../lib/gcc/arm-none-eabi/12.3.1/thumb/v7-m/nofp/crtbegin.o
 *(.bss*)
 .bss.hpcd_USB_OTG_FS
                0x10004084      0x4e4 Build/main.o
                0x10004084                hpcd_USB_OTG_FS
 .bss.huart3    0x10004568       0x88 Build/main.o
                0x10004568                huart3
 .bss.huart1    0x100045f0       0x88 Build/main.o
                0x100045f0                huart1
 .bss.hspi3     0x10004678       0x64 Build/main.o
                0x10004678                hspi3
 .bss.hrng      0x100046dc       0x10 Build/main.o
                0x100046dc                hrng
 .bss.hqspi     0x100046ec       0x44 Build/main.o
                0x100046ec                hqspi
 .bss.hi2c2     0x10004730       0x54 Build/main.o
                0x10004730                hi2c2
 .bss.hdfsdm1_channel1
                0x10004784       0x38 Build/main.o
                0x10004784                hdfsdm1_channel1
 .bss.DFSDM1_Init
                0x100047bc        0x4 Build/stm32l4xx_hal_msp.o
 .bss.__sbrk_heap_end
                0x100047c0        0x4 Build/sysmem.o
 .bss.internal_op
                0x100047c4        0x8 Build/tee_client_api.o
                0x100047c4                internal_op
 .bss.a_dfsdm1ChannelHandle
                0x100047cc       0x20 Build/stm32l4xx_hal_dfsdm.o
 .bss.v_dfsdm1ChannelCounter
                0x100047ec        0x4 Build/stm32l4xx_hal_dfsdm.o
 .bss.uwTick    0x100047f0        0x4 Build/stm32l4xx_hal.o
                0x100047f0                uwTick
 .bss.__malloc_sbrk_start
                0x100047f4        0x4 /home/emanuele/st/stm32cubeide_1.15.0/plugins/com.st.stm32cube.ide.mcu.externaltools.gnu-tools-for-stm32.12.3.rel1.linux64_1.0.200.202406132123/tools/bin/../lib/gcc/arm-none-eabi/12.3.1/../../../../arm-none-eabi/lib/thumb/v7-m/nofp/libc_nano.a(libc_a-mallocr.o)
                0x100047f4                __malloc_sbrk_start
 .bss.__malloc_free_list
                0x100047f8        0x4 /home/emanuele/st/stm32cubeide_1.15.0/plugins/com.st.stm32cube.ide.mcu.externaltools.gnu-tools-for-stm32.12.3.rel1.linux64_1.0.200.202406132123/tools/bin/../lib/gcc/arm-none-eabi/12.3.1/../../../../arm-none-eabi/lib/thumb/v7-m/nofp/libc_nano.a(libc_a-mallocr.o)
                0x100047f8                __malloc_free_list
 .bss.__sf      0x100047fc      0x138 /home/emanuele/st/stm32cubeide_1.15.0/plugins/com.st.stm32cube.ide.mcu.externaltools.gnu-tools-for-stm32.12.3.rel1.linux64_1.0.200.202406132123/tools/bin/../lib/gcc/arm-none-eabi/12.3.1/../../../../arm-none-eabi/lib/thumb/v7-m/nofp/libc_nano.a(libc_a-findfp.o)
                0x100047fc                __sf
 .bss.__stdio_exit_handler
                0x10004934        0x4 /home/emanuele/st/stm32cubeide_1.15.0/plugins/com.st.stm32cube.ide.mcu.externaltools.gnu-tools-for-stm32.12.3.rel1.linux64_1.0.200.202406132123/tools/bin/../lib/gcc/arm-none-eabi/12.3.1/../../../../arm-none-eabi/lib/thumb/v7-m/nofp/libc_nano.a(libc_a-findfp.o)
                0x10004934                __stdio_exit_handler
 .bss.errno     0x10004938        0x4 /home/emanuele/st/stm32cubeide_1.15.0/plugins/com.st.stm32cube.ide.mcu.externaltools.gnu-tools-for-stm32.12.3.rel1.linux64_1.0.200.202406132123/tools/bin/../lib/gcc/arm-none-eabi/12.3.1/../../../../arm-none-eabi/lib/thumb/v7-m/nofp/libc_nano.a(libc_a-reent.o)
                0x10004938                errno
 .bss.__lock___malloc_recursive_mutex
                0x1000493c        0x1 /home/emanuele/st/stm32cubeide_1.15.0/plugins/com.st.stm32cube.ide.mcu.externaltools.gnu-tools-for-stm32.12.3.rel1.linux64_1.0.200.202406132123/tools/bin/../lib/gcc/arm-none-eabi/12.3.1/../../../../arm-none-eabi/lib/thumb/v7-m/nofp/libc_nano.a(libc_a-lock.o)
                0x1000493c                __lock___malloc_recursive_mutex
 .bss.__lock___sfp_recursive_mutex
                0x1000493d        0x1 /home/emanuele/st/stm32cubeide_1.15.0/plugins/com.st.stm32cube.ide.mcu.externaltools.gnu-tools-for-stm32.12.3.rel1.linux64_1.0.200.202406132123/tools/bin/../lib/gcc/arm-none-eabi/12.3.1/../../../../arm-none-eabi/lib/thumb/v7-m/nofp/libc_nano.a(libc_a-lock.o)
                0x1000493d                __lock___sfp_recursive_mutex
 *(COMMON)
                0x10004940                        . = ALIGN (0x4)
 *fill*         0x1000493e        0x2 
                0x10004940                        _ebss = .
                0x10004940                        __bss_end__ = _ebss

._user_heap_stack
                0x10004940      0x600
                0x10004940                        . = ALIGN (0x8)
                [!provide]                        PROVIDE (end = .)
                0x10004940                        PROVIDE (_end = .)
                0x10004b40                        . = (. + _Min_Heap_Size)
 *fill*         0x10004940      0x200 
                0x10004f40                        . = (. + _Min_Stack_Size)
 *fill*         0x10004b40      0x400 
                0x10004f40                        . = ALIGN (0x8)

/DISCARD/
 libc.a(*)
 libm.a(*)
 libgcc.a(*)

.ARM.attributes
                0x00000000       0x29
 *(.ARM.attributes)
 .ARM.attributes
                0x00000000       0x1d /home/emanuele/st/stm32cubeide_1.15.0/plugins/com.st.stm32cube.ide.mcu.externaltools.gnu-tools-for-stm32.12.3.rel1.linux64_1.0.200.202406132123/tools/bin/../lib/gcc/arm-none-eabi/12.3.1/thumb/v7-m/nofp/crti.o
 .ARM.attributes
                0x0000001d       0x2d /home/emanuele/st/stm32cubeide_1.15.0/plugins/com.st.stm32cube.ide.mcu.externaltools.gnu-tools-for-stm32.12.3.rel1.linux64_1.0.200.202406132123/tools/bin/../lib/gcc/arm-none-eabi/12.3.1/thumb/v7-m/nofp/crtbegin.o
 .ARM.attributes
                0x0000004a       0x2d Build/main.o
 .ARM.attributes
                0x00000077       0x2d Build/stm32l4xx_hal_msp.o
 .ARM.attributes
                0x000000a4       0x2d Build/stm32l4xx_it.o
 .ARM.attributes
                0x000000d1       0x2d Build/syscalls.o
 .ARM.attributes
                0x000000fe       0x2d Build/sysmem.o
 .ARM.attributes
                0x0000012b       0x2d Build/system_stm32l4xx.o
 .ARM.attributes
                0x00000158       0x2d Build/tee_client_api.o
 .ARM.attributes
                0x00000185       0x2d Build/stm32l4xx_hal_cortex.o
 .ARM.attributes
                0x000001b2       0x2d Build/stm32l4xx_hal_dfsdm.o
 .ARM.attributes
                0x000001df       0x2d Build/stm32l4xx_hal_gpio.o
 .ARM.attributes
                0x0000020c       0x2d Build/stm32l4xx_hal_i2c.o
 .ARM.attributes
                0x00000239       0x2d Build/stm32l4xx_hal_i2c_ex.o
 .ARM.attributes
                0x00000266       0x2d Build/stm32l4xx_hal_pcd_ex.o
 .ARM.attributes
                0x00000293       0x2d Build/stm32l4xx_hal_pcd.o
 .ARM.attributes
                0x000002c0       0x2d Build/stm32l4xx_hal_pwr.o
 .ARM.attributes
                0x000002ed       0x2d Build/stm32l4xx_hal_pwr_ex.o
 .ARM.attributes
                0x0000031a       0x2d Build/stm32l4xx_hal_qspi.o
 .ARM.attributes
                0x00000347       0x2d Build/stm32l4xx_hal_rcc.o
 .ARM.attributes
                0x00000374       0x2d Build/stm32l4xx_hal_rcc_ex.o
 .ARM.attributes
                0x000003a1       0x2d Build/stm32l4xx_hal_rng.o
 .ARM.attributes
                0x000003ce       0x2d Build/stm32l4xx_hal_spi.o
 .ARM.attributes
                0x000003fb       0x2d Build/stm32l4xx_hal_uart.o
 .ARM.attributes
                0x00000428       0x2d Build/stm32l4xx_hal.o
 .ARM.attributes
                0x00000455       0x2d Build/stm32l4xx_ll_usb.o
 .ARM.attributes
                0x00000482       0x1b Build/startup_stm32l475vgtx.o
 .ARM.attributes
                0x0000049d       0x2d /home/emanuele/st/stm32cubeide_1.15.0/plugins/com.st.stm32cube.ide.mcu.externaltools.gnu-tools-for-stm32.12.3.rel1.linux64_1.0.200.202406132123/tools/bin/../lib/gcc/arm-none-eabi/12.3.1/../../../../arm-none-eabi/lib/thumb/v7-m/nofp/libc_nano.a(libc_a-calloc.o)
 .ARM.attributes
                0x000004ca       0x2d /home/emanuele/st/stm32cubeide_1.15.0/plugins/com.st.stm32cube.ide.mcu.externaltools.gnu-tools-for-stm32.12.3.rel1.linux64_1.0.200.202406132123/tools/bin/../lib/gcc/arm-none-eabi/12.3.1/../../../../arm-none-eabi/lib/thumb/v7-m/nofp/libc_nano.a(libc_a-callocr.o)
 .ARM.attributes
                0x000004f7       0x2d /home/emanuele/st/stm32cubeide_1.15.0/plugins/com.st.stm32cube.ide.mcu.externaltools.gnu-tools-for-stm32.12.3.rel1.linux64_1.0.200.202406132123/tools/bin/../lib/gcc/arm-none-eabi/12.3.1/../../../../arm-none-eabi/lib/thumb/v7-m/nofp/libc_nano.a(libc_a-malloc.o)
 .ARM.attributes
                0x00000524       0x2d /home/emanuele/st/stm32cubeide_1.15.0/plugins/com.st.stm32cube.ide.mcu.externaltools.gnu-tools-for-stm32.12.3.rel1.linux64_1.0.200.202406132123/tools/bin/../lib/gcc/arm-none-eabi/12.3.1/../../../../arm-none-eabi/lib/thumb/v7-m/nofp/libc_nano.a(libc_a-mallocr.o)
 .ARM.attributes
                0x00000551       0x2d /home/emanuele/st/stm32cubeide_1.15.0/plugins/com.st.stm32cube.ide.mcu.externaltools.gnu-tools-for-stm32.12.3.rel1.linux64_1.0.200.202406132123/tools/bin/../lib/gcc/arm-none-eabi/12.3.1/../../../../arm-none-eabi/lib/thumb/v7-m/nofp/libc_nano.a(libc_a-mlock.o)
 .ARM.attributes
                0x0000057e       0x2d /home/emanuele/st/stm32cubeide_1.15.0/plugins/com.st.stm32cube.ide.mcu.externaltools.gnu-tools-for-stm32.12.3.rel1.linux64_1.0.200.202406132123/tools/bin/../lib/gcc/arm-none-eabi/12.3.1/../../../../arm-none-eabi/lib/thumb/v7-m/nofp/libc_nano.a(libc_a-findfp.o)
 .ARM.attributes
                0x000005ab       0x2d /home/emanuele/st/stm32cubeide_1.15.0/plugins/com.st.stm32cube.ide.mcu.externaltools.gnu-tools-for-stm32.12.3.rel1.linux64_1.0.200.202406132123/tools/bin/../lib/gcc/arm-none-eabi/12.3.1/../../../../arm-none-eabi/lib/thumb/v7-m/nofp/libc_nano.a(libc_a-fwalk.o)
 .ARM.attributes
                0x000005d8       0x2d /home/emanuele/st/stm32cubeide_1.15.0/plugins/com.st.stm32cube.ide.mcu.externaltools.gnu-tools-for-stm32.12.3.rel1.linux64_1.0.200.202406132123/tools/bin/../lib/gcc/arm-none-eabi/12.3.1/../../../../arm-none-eabi/lib/thumb/v7-m/nofp/libc_nano.a(libc_a-printf.o)
 .ARM.attributes
                0x00000605       0x2d /home/emanuele/st/stm32cubeide_1.15.0/plugins/com.st.stm32cube.ide.mcu.externaltools.gnu-tools-for-stm32.12.3.rel1.linux64_1.0.200.202406132123/tools/bin/../lib/gcc/arm-none-eabi/12.3.1/../../../../arm-none-eabi/lib/thumb/v7-m/nofp/libc_nano.a(libc_a-stdio.o)
 .ARM.attributes
                0x00000632       0x2d /home/emanuele/st/stm32cubeide_1.15.0/plugins/com.st.stm32cube.ide.mcu.externaltools.gnu-tools-for-stm32.12.3.rel1.linux64_1.0.200.202406132123/tools/bin/../lib/gcc/arm-none-eabi/12.3.1/../../../../arm-none-eabi/lib/thumb/v7-m/nofp/libc_nano.a(libc_a-memset.o)
 .ARM.attributes
                0x0000065f       0x2d /home/emanuele/st/stm32cubeide_1.15.0/plugins/com.st.stm32cube.ide.mcu.externaltools.gnu-tools-for-stm32.12.3.rel1.linux64_1.0.200.202406132123/tools/bin/../lib/gcc/arm-none-eabi/12.3.1/../../../../arm-none-eabi/lib/thumb/v7-m/nofp/libc_nano.a(libc_a-closer.o)
 .ARM.attributes
                0x0000068c       0x2d /home/emanuele/st/stm32cubeide_1.15.0/plugins/com.st.stm32cube.ide.mcu.externaltools.gnu-tools-for-stm32.12.3.rel1.linux64_1.0.200.202406132123/tools/bin/../lib/gcc/arm-none-eabi/12.3.1/../../../../arm-none-eabi/lib/thumb/v7-m/nofp/libc_nano.a(libc_a-reent.o)
 .ARM.attributes
                0x000006b9       0x2d /home/emanuele/st/stm32cubeide_1.15.0/plugins/com.st.stm32cube.ide.mcu.externaltools.gnu-tools-for-stm32.12.3.rel1.linux64_1.0.200.202406132123/tools/bin/../lib/gcc/arm-none-eabi/12.3.1/../../../../arm-none-eabi/lib/thumb/v7-m/nofp/libc_nano.a(libc_a-impure.o)
 .ARM.attributes
                0x000006e6       0x2d /home/emanuele/st/stm32cubeide_1.15.0/plugins/com.st.stm32cube.ide.mcu.externaltools.gnu-tools-for-stm32.12.3.rel1.linux64_1.0.200.202406132123/tools/bin/../lib/gcc/arm-none-eabi/12.3.1/../../../../arm-none-eabi/lib/thumb/v7-m/nofp/libc_nano.a(libc_a-lseekr.o)
 .ARM.attributes
                0x00000713       0x2d /home/emanuele/st/stm32cubeide_1.15.0/plugins/com.st.stm32cube.ide.mcu.externaltools.gnu-tools-for-stm32.12.3.rel1.linux64_1.0.200.202406132123/tools/bin/../lib/gcc/arm-none-eabi/12.3.1/../../../../arm-none-eabi/lib/thumb/v7-m/nofp/libc_nano.a(libc_a-readr.o)
 .ARM.attributes
                0x00000740       0x2d /home/emanuele/st/stm32cubeide_1.15.0/plugins/com.st.stm32cube.ide.mcu.externaltools.gnu-tools-for-stm32.12.3.rel1.linux64_1.0.200.202406132123/tools/bin/../lib/gcc/arm-none-eabi/12.3.1/../../../../arm-none-eabi/lib/thumb/v7-m/nofp/libc_nano.a(libc_a-sbrkr.o)
 .ARM.attributes
                0x0000076d       0x2d /home/emanuele/st/stm32cubeide_1.15.0/plugins/com.st.stm32cube.ide.mcu.externaltools.gnu-tools-for-stm32.12.3.rel1.linux64_1.0.200.202406132123/tools/bin/../lib/gcc/arm-none-eabi/12.3.1/../../../../arm-none-eabi/lib/thumb/v7-m/nofp/libc_nano.a(libc_a-writer.o)
 .ARM.attributes
                0x0000079a       0x2d /home/emanuele/st/stm32cubeide_1.15.0/plugins/com.st.stm32cube.ide.mcu.externaltools.gnu-tools-for-stm32.12.3.rel1.linux64_1.0.200.202406132123/tools/bin/../lib/gcc/arm-none-eabi/12.3.1/../../../../arm-none-eabi/lib/thumb/v7-m/nofp/libc_nano.a(libc_a-errno.o)
 .ARM.attributes
                0x000007c7       0x2d /home/emanuele/st/stm32cubeide_1.15.0/plugins/com.st.stm32cube.ide.mcu.externaltools.gnu-tools-for-stm32.12.3.rel1.linux64_1.0.200.202406132123/tools/bin/../lib/gcc/arm-none-eabi/12.3.1/../../../../arm-none-eabi/lib/thumb/v7-m/nofp/libc_nano.a(libc_a-init.o)
 .ARM.attributes
                0x000007f4       0x2d /home/emanuele/st/stm32cubeide_1.15.0/plugins/com.st.stm32cube.ide.mcu.externaltools.gnu-tools-for-stm32.12.3.rel1.linux64_1.0.200.202406132123/tools/bin/../lib/gcc/arm-none-eabi/12.3.1/../../../../arm-none-eabi/lib/thumb/v7-m/nofp/libc_nano.a(libc_a-lock.o)
 .ARM.attributes
                0x00000821       0x2d /home/emanuele/st/stm32cubeide_1.15.0/plugins/com.st.stm32cube.ide.mcu.externaltools.gnu-tools-for-stm32.12.3.rel1.linux64_1.0.200.202406132123/tools/bin/../lib/gcc/arm-none-eabi/12.3.1/../../../../arm-none-eabi/lib/thumb/v7-m/nofp/libc_nano.a(libc_a-freer.o)
 .ARM.attributes
                0x0000084e       0x2d /home/emanuele/st/stm32cubeide_1.15.0/plugins/com.st.stm32cube.ide.mcu.externaltools.gnu-tools-for-stm32.12.3.rel1.linux64_1.0.200.202406132123/tools/bin/../lib/gcc/arm-none-eabi/12.3.1/../../../../arm-none-eabi/lib/thumb/v7-m/nofp/libc_nano.a(libc_a-nano-vfprintf.o)
 .ARM.attributes
                0x0000087b       0x2d /home/emanuele/st/stm32cubeide_1.15.0/plugins/com.st.stm32cube.ide.mcu.externaltools.gnu-tools-for-stm32.12.3.rel1.linux64_1.0.200.202406132123/tools/bin/../lib/gcc/arm-none-eabi/12.3.1/../../../../arm-none-eabi/lib/thumb/v7-m/nofp/libc_nano.a(libc_a-nano-vfprintf_i.o)
 .ARM.attributes
                0x000008a8       0x2d /home/emanuele/st/stm32cubeide_1.15.0/plugins/com.st.stm32cube.ide.mcu.externaltools.gnu-tools-for-stm32.12.3.rel1.linux64_1.0.200.202406132123/tools/bin/../lib/gcc/arm-none-eabi/12.3.1/../../../../arm-none-eabi/lib/thumb/v7-m/nofp/libc_nano.a(libc_a-fflush.o)
 .ARM.attributes
                0x000008d5       0x2d /home/emanuele/st/stm32cubeide_1.15.0/plugins/com.st.stm32cube.ide.mcu.externaltools.gnu-tools-for-stm32.12.3.rel1.linux64_1.0.200.202406132123/tools/bin/../lib/gcc/arm-none-eabi/12.3.1/../../../../arm-none-eabi/lib/thumb/v7-m/nofp/libc_nano.a(libc_a-wbuf.o)
 .ARM.attributes
                0x00000902       0x2d /home/emanuele/st/stm32cubeide_1.15.0/plugins/com.st.stm32cube.ide.mcu.externaltools.gnu-tools-for-stm32.12.3.rel1.linux64_1.0.200.202406132123/tools/bin/../lib/gcc/arm-none-eabi/12.3.1/../../../../arm-none-eabi/lib/thumb/v7-m/nofp/libc_nano.a(libc_a-wsetup.o)
 .ARM.attributes
                0x0000092f       0x2d /home/emanuele/st/stm32cubeide_1.15.0/plugins/com.st.stm32cube.ide.mcu.externaltools.gnu-tools-for-stm32.12.3.rel1.linux64_1.0.200.202406132123/tools/bin/../lib/gcc/arm-none-eabi/12.3.1/../../../../arm-none-eabi/lib/thumb/v7-m/nofp/libc_nano.a(libc_a-memchr-stub.o)
 .ARM.attributes
                0x0000095c       0x2d /home/emanuele/st/stm32cubeide_1.15.0/plugins/com.st.stm32cube.ide.mcu.externaltools.gnu-tools-for-stm32.12.3.rel1.linux64_1.0.200.202406132123/tools/bin/../lib/gcc/arm-none-eabi/12.3.1/../../../../arm-none-eabi/lib/thumb/v7-m/nofp/libc_nano.a(libc_a-makebuf.o)
 .ARM.attributes
                0x00000989       0x2d /home/emanuele/st/stm32cubeide_1.15.0/plugins/com.st.stm32cube.ide.mcu.externaltools.gnu-tools-for-stm32.12.3.rel1.linux64_1.0.200.202406132123/tools/bin/../lib/gcc/arm-none-eabi/12.3.1/../../../../arm-none-eabi/lib/thumb/v7-m/nofp/libc_nano.a(libc_a-fstatr.o)
 .ARM.attributes
                0x000009b6       0x2d /home/emanuele/st/stm32cubeide_1.15.0/plugins/com.st.stm32cube.ide.mcu.externaltools.gnu-tools-for-stm32.12.3.rel1.linux64_1.0.200.202406132123/tools/bin/../lib/gcc/arm-none-eabi/12.3.1/../../../../arm-none-eabi/lib/thumb/v7-m/nofp/libc_nano.a(libc_a-isattyr.o)
 .ARM.attributes
                0x000009e3       0x1d /home/emanuele/st/stm32cubeide_1.15.0/plugins/com.st.stm32cube.ide.mcu.externaltools.gnu-tools-for-stm32.12.3.rel1.linux64_1.0.200.202406132123/tools/bin/../lib/gcc/arm-none-eabi/12.3.1/thumb/v7-m/nofp/libgcc.a(_aeabi_uldivmod.o)
 .ARM.attributes
                0x00000a00       0x2d /home/emanuele/st/stm32cubeide_1.15.0/plugins/com.st.stm32cube.ide.mcu.externaltools.gnu-tools-for-stm32.12.3.rel1.linux64_1.0.200.202406132123/tools/bin/../lib/gcc/arm-none-eabi/12.3.1/thumb/v7-m/nofp/libgcc.a(_udivmoddi4.o)
 .ARM.attributes
                0x00000a2d       0x1d /home/emanuele/st/stm32cubeide_1.15.0/plugins/com.st.stm32cube.ide.mcu.externaltools.gnu-tools-for-stm32.12.3.rel1.linux64_1.0.200.202406132123/tools/bin/../lib/gcc/arm-none-eabi/12.3.1/thumb/v7-m/nofp/libgcc.a(_dvmd_tls.o)
 .ARM.attributes
                0x00000a4a       0x1d /home/emanuele/st/stm32cubeide_1.15.0/plugins/com.st.stm32cube.ide.mcu.externaltools.gnu-tools-for-stm32.12.3.rel1.linux64_1.0.200.202406132123/tools/bin/../lib/gcc/arm-none-eabi/12.3.1/thumb/v7-m/nofp/crtn.o
OUTPUT(double_trusted_application.elf elf32-littlearm)
LOAD linker stubs
LOAD /home/emanuele/st/stm32cubeide_1.15.0/plugins/com.st.stm32cube.ide.mcu.externaltools.gnu-tools-for-stm32.12.3.rel1.linux64_1.0.200.202406132123/tools/bin/../lib/gcc/arm-none-eabi/12.3.1/../../../../arm-none-eabi/lib/thumb/v7-m/nofp/libc.a
LOAD /home/emanuele/st/stm32cubeide_1.15.0/plugins/com.st.stm32cube.ide.mcu.externaltools.gnu-tools-for-stm32.12.3.rel1.linux64_1.0.200.202406132123/tools/bin/../lib/gcc/arm-none-eabi/12.3.1/../../../../arm-none-eabi/lib/thumb/v7-m/nofp/libm.a
LOAD /home/emanuele/st/stm32cubeide_1.15.0/plugins/com.st.stm32cube.ide.mcu.externaltools.gnu-tools-for-stm32.12.3.rel1.linux64_1.0.200.202406132123/tools/bin/../lib/gcc/arm-none-eabi/12.3.1/thumb/v7-m/nofp/libgcc.a

.debug_info     0x00000000    0x2363e
 .debug_info    0x00000000     0x3672 Build/main.o
 .debug_info    0x00003672     0x2812 Build/stm32l4xx_hal_msp.o
 .debug_info    0x00005e84      0x270 Build/stm32l4xx_it.o
 .debug_info    0x000060f4      0x842 Build/syscalls.o
 .debug_info    0x00006936      0x18c Build/sysmem.o
 .debug_info    0x00006ac2      0x48b Build/system_stm32l4xx.o
 .debug_info    0x00006f4d      0xca6 Build/tee_client_api.o
 .debug_info    0x00007bf3     0x118f Build/stm32l4xx_hal_cortex.o
 .debug_info    0x00008d82     0x23b2 Build/stm32l4xx_hal_dfsdm.o
 .debug_info    0x0000b134      0x91b Build/stm32l4xx_hal_gpio.o
 .debug_info    0x0000ba4f     0x4679 Build/stm32l4xx_hal_i2c.o
 .debug_info    0x000100c8      0xb52 Build/stm32l4xx_hal_i2c_ex.o
 .debug_info    0x00010c1a      0xb22 Build/stm32l4xx_hal_pcd_ex.o
 .debug_info    0x0001173c     0x1e09 Build/stm32l4xx_hal_pcd.o
 .debug_info    0x00013545      0xab2 Build/stm32l4xx_hal_pwr.o
 .debug_info    0x00013ff7      0xb9b Build/stm32l4xx_hal_pwr_ex.o
 .debug_info    0x00014b92     0x1a1d Build/stm32l4xx_hal_qspi.o
 .debug_info    0x000165af     0x10ad Build/stm32l4xx_hal_rcc.o
 .debug_info    0x0001765c     0x13ed Build/stm32l4xx_hal_rcc_ex.o
 .debug_info    0x00018a49      0x60b Build/stm32l4xx_hal_rng.o
 .debug_info    0x00019054     0x2226 Build/stm32l4xx_hal_spi.o
 .debug_info    0x0001b27a     0x5520 Build/stm32l4xx_hal_uart.o
 .debug_info    0x0002079a      0xd05 Build/stm32l4xx_hal.o
 .debug_info    0x0002149f     0x219f Build/stm32l4xx_ll_usb.o

.debug_abbrev   0x00000000     0x3a71
 .debug_abbrev  0x00000000      0x38b Build/main.o
 .debug_abbrev  0x0000038b      0x298 Build/stm32l4xx_hal_msp.o
 .debug_abbrev  0x00000623       0xcf Build/stm32l4xx_it.o
 .debug_abbrev  0x000006f2      0x1e3 Build/syscalls.o
 .debug_abbrev  0x000008d5       0xeb Build/sysmem.o
 .debug_abbrev  0x000009c0      0x11b Build/system_stm32l4xx.o
 .debug_abbrev  0x00000adb      0x2c9 Build/tee_client_api.o
 .debug_abbrev  0x00000da4      0x3ca Build/stm32l4xx_hal_cortex.o
 .debug_abbrev  0x0000116e      0x2c6 Build/stm32l4xx_hal_dfsdm.o
 .debug_abbrev  0x00001434      0x222 Build/stm32l4xx_hal_gpio.o
 .debug_abbrev  0x00001656      0x2e4 Build/stm32l4xx_hal_i2c.o
 .debug_abbrev  0x0000193a      0x1b5 Build/stm32l4xx_hal_i2c_ex.o
 .debug_abbrev  0x00001aef      0x287 Build/stm32l4xx_hal_pcd_ex.o
 .debug_abbrev  0x00001d76      0x308 Build/stm32l4xx_hal_pcd.o
 .debug_abbrev  0x0000207e      0x1d6 Build/stm32l4xx_hal_pwr.o
 .debug_abbrev  0x00002254      0x233 Build/stm32l4xx_hal_pwr_ex.o
 .debug_abbrev  0x00002487      0x298 Build/stm32l4xx_hal_qspi.o
 .debug_abbrev  0x0000271f      0x2de Build/stm32l4xx_hal_rcc.o
 .debug_abbrev  0x000029fd      0x2de Build/stm32l4xx_hal_rcc_ex.o
 .debug_abbrev  0x00002cdb      0x1fb Build/stm32l4xx_hal_rng.o
 .debug_abbrev  0x00002ed6      0x2a4 Build/stm32l4xx_hal_spi.o
 .debug_abbrev  0x0000317a      0x32f Build/stm32l4xx_hal_uart.o
 .debug_abbrev  0x000034a9      0x284 Build/stm32l4xx_hal.o
 .debug_abbrev  0x0000372d      0x344 Build/stm32l4xx_ll_usb.o

.debug_loc      0x00000000    0x1b11a
 .debug_loc     0x00000000      0x3e8 Build/main.o
 .debug_loc     0x000003e8      0x5b2 Build/stm32l4xx_hal_msp.o
 .debug_loc     0x0000099a       0x60 Build/stm32l4xx_it.o
 .debug_loc     0x000009fa      0x511 Build/syscalls.o
 .debug_loc     0x00000f0b       0x84 Build/sysmem.o
 .debug_loc     0x00000f8f      0x127 Build/system_stm32l4xx.o
 .debug_loc     0x000010b6      0x970 Build/tee_client_api.o
 .debug_loc     0x00001a26      0x7c7 Build/stm32l4xx_hal_cortex.o
 .debug_loc     0x000021ed     0x25c0 Build/stm32l4xx_hal_dfsdm.o
 .debug_loc     0x000047ad      0x489 Build/stm32l4xx_hal_gpio.o
 .debug_loc     0x00004c36     0x5df4 Build/stm32l4xx_hal_i2c.o
 .debug_loc     0x0000aa2a      0x237 Build/stm32l4xx_hal_i2c_ex.o
 .debug_loc     0x0000ac61      0x28e Build/stm32l4xx_hal_pcd_ex.o
 .debug_loc     0x0000aeef     0x1498 Build/stm32l4xx_hal_pcd.o
 .debug_loc     0x0000c387      0x1f1 Build/stm32l4xx_hal_pwr.o
 .debug_loc     0x0000c578      0x8e8 Build/stm32l4xx_hal_pwr_ex.o
 .debug_loc     0x0000ce60     0x18fc Build/stm32l4xx_hal_qspi.o
 .debug_loc     0x0000e75c      0x9ac Build/stm32l4xx_hal_rcc.o
 .debug_loc     0x0000f108     0x1ca4 Build/stm32l4xx_hal_rcc_ex.o
 .debug_loc     0x00010dac      0x4e0 Build/stm32l4xx_hal_rng.o
 .debug_loc     0x0001128c     0x2596 Build/stm32l4xx_hal_spi.o
 .debug_loc     0x00013822     0x5166 Build/stm32l4xx_hal_uart.o
 .debug_loc     0x00018988      0x2af Build/stm32l4xx_hal.o
 .debug_loc     0x00018c37     0x24e3 Build/stm32l4xx_ll_usb.o

.debug_aranges  0x00000000     0x16d8
 .debug_aranges
                0x00000000       0x88 Build/main.o
 .debug_aranges
                0x00000088       0x90 Build/stm32l4xx_hal_msp.o
 .debug_aranges
                0x00000118       0x70 Build/stm32l4xx_it.o
 .debug_aranges
                0x00000188       0xa8 Build/syscalls.o
 .debug_aranges
                0x00000230       0x20 Build/sysmem.o
 .debug_aranges
                0x00000250       0x28 Build/system_stm32l4xx.o
 .debug_aranges
                0x00000278       0x60 Build/tee_client_api.o
 .debug_aranges
                0x000002d8       0xf0 Build/stm32l4xx_hal_cortex.o
 .debug_aranges
                0x000003c8      0x248 Build/stm32l4xx_hal_dfsdm.o
 .debug_aranges
                0x00000610       0x58 Build/stm32l4xx_hal_gpio.o
 .debug_aranges
                0x00000668      0x2a0 Build/stm32l4xx_hal_i2c.o
 .debug_aranges
                0x00000908       0x48 Build/stm32l4xx_hal_i2c_ex.o
 .debug_aranges
                0x00000950       0x60 Build/stm32l4xx_hal_pcd_ex.o
 .debug_aranges
                0x000009b0      0x138 Build/stm32l4xx_hal_pcd.o
 .debug_aranges
                0x00000ae8       0x98 Build/stm32l4xx_hal_pwr.o
 .debug_aranges
                0x00000b80      0x150 Build/stm32l4xx_hal_pwr_ex.o
 .debug_aranges
                0x00000cd0      0x160 Build/stm32l4xx_hal_qspi.o
 .debug_aranges
                0x00000e30       0x90 Build/stm32l4xx_hal_rcc.o
 .debug_aranges
                0x00000ec0       0xc0 Build/stm32l4xx_hal_rcc_ex.o
 .debug_aranges
                0x00000f80       0x88 Build/stm32l4xx_hal_rng.o
 .debug_aranges
                0x00001008      0x1d8 Build/stm32l4xx_hal_spi.o
 .debug_aranges
                0x000011e0      0x228 Build/stm32l4xx_hal_uart.o
 .debug_aranges
                0x00001408      0x130 Build/stm32l4xx_hal.o
 .debug_aranges
                0x00001538      0x1a0 Build/stm32l4xx_ll_usb.o

.debug_ranges   0x00000000     0x15f0
 .debug_ranges  0x00000000       0x78 Build/main.o
 .debug_ranges  0x00000078       0x80 Build/stm32l4xx_hal_msp.o
 .debug_ranges  0x000000f8       0x60 Build/stm32l4xx_it.o
 .debug_ranges  0x00000158       0x98 Build/syscalls.o
 .debug_ranges  0x000001f0       0x10 Build/sysmem.o
 .debug_ranges  0x00000200       0x18 Build/system_stm32l4xx.o
 .debug_ranges  0x00000218       0x80 Build/tee_client_api.o
 .debug_ranges  0x00000298       0xe0 Build/stm32l4xx_hal_cortex.o
 .debug_ranges  0x00000378      0x258 Build/stm32l4xx_hal_dfsdm.o
 .debug_ranges  0x000005d0       0x48 Build/stm32l4xx_hal_gpio.o
 .debug_ranges  0x00000618      0x290 Build/stm32l4xx_hal_i2c.o
 .debug_ranges  0x000008a8       0x38 Build/stm32l4xx_hal_i2c_ex.o
 .debug_ranges  0x000008e0       0x50 Build/stm32l4xx_hal_pcd_ex.o
 .debug_ranges  0x00000930      0x128 Build/stm32l4xx_hal_pcd.o
 .debug_ranges  0x00000a58       0x88 Build/stm32l4xx_hal_pwr.o
 .debug_ranges  0x00000ae0      0x140 Build/stm32l4xx_hal_pwr_ex.o
 .debug_ranges  0x00000c20      0x150 Build/stm32l4xx_hal_qspi.o
 .debug_ranges  0x00000d70       0x98 Build/stm32l4xx_hal_rcc.o
 .debug_ranges  0x00000e08       0xc8 Build/stm32l4xx_hal_rcc_ex.o
 .debug_ranges  0x00000ed0       0x78 Build/stm32l4xx_hal_rng.o
 .debug_ranges  0x00000f48      0x1c8 Build/stm32l4xx_hal_spi.o
 .debug_ranges  0x00001110      0x230 Build/stm32l4xx_hal_uart.o
 .debug_ranges  0x00001340      0x120 Build/stm32l4xx_hal.o
 .debug_ranges  0x00001460      0x190 Build/stm32l4xx_ll_usb.o

.debug_line     0x00000000    0x1c9d5
 .debug_line    0x00000000      0xf2e Build/main.o
 .debug_line    0x00000f2e      0x8bb Build/stm32l4xx_hal_msp.o
 .debug_line    0x000017e9      0x355 Build/stm32l4xx_it.o
 .debug_line    0x00001b3e      0x4ad Build/syscalls.o
 .debug_line    0x00001feb      0x2ee Build/sysmem.o
 .debug_line    0x000022d9      0x333 Build/system_stm32l4xx.o
 .debug_line    0x0000260c      0x88e Build/tee_client_api.o
 .debug_line    0x00002e9a      0x8ff Build/stm32l4xx_hal_cortex.o
 .debug_line    0x00003799     0x2081 Build/stm32l4xx_hal_dfsdm.o
 .debug_line    0x0000581a      0x7b0 Build/stm32l4xx_hal_gpio.o
 .debug_line    0x00005fca     0x545b Build/stm32l4xx_hal_i2c.o
 .debug_line    0x0000b425      0x5c0 Build/stm32l4xx_hal_i2c_ex.o
 .debug_line    0x0000b9e5      0x587 Build/stm32l4xx_hal_pcd_ex.o
 .debug_line    0x0000bf6c     0x1489 Build/stm32l4xx_hal_pcd.o
 .debug_line    0x0000d3f5      0x4e6 Build/stm32l4xx_hal_pwr.o
 .debug_line    0x0000d8db      0xb30 Build/stm32l4xx_hal_pwr_ex.o
 .debug_line    0x0000e40b     0x16d6 Build/stm32l4xx_hal_qspi.o
 .debug_line    0x0000fae1      0xfc1 Build/stm32l4xx_hal_rcc.o
 .debug_line    0x00010aa2     0x15eb Build/stm32l4xx_hal_rcc_ex.o
 .debug_line    0x0001208d      0x6f0 Build/stm32l4xx_hal_rng.o
 .debug_line    0x0001277d     0x2b76 Build/stm32l4xx_hal_spi.o
 .debug_line    0x000152f3     0x52b2 Build/stm32l4xx_hal_uart.o
 .debug_line    0x0001a5a5      0x76a Build/stm32l4xx_hal.o
 .debug_line    0x0001ad0f     0x1cc6 Build/stm32l4xx_ll_usb.o

.debug_str      0x00000000     0x7246
 .debug_str     0x00000000     0x1fa2 Build/main.o
                               0x218b (size before relaxing)
 .debug_str     0x00001fa2      0x193 Build/stm32l4xx_hal_msp.o
                               0x186b (size before relaxing)
 .debug_str     0x00002135       0xf8 Build/stm32l4xx_it.o
                                0x271 (size before relaxing)
 .debug_str     0x0000222d      0x218 Build/syscalls.o
                                0x3e6 (size before relaxing)
 .debug_str     0x00002445       0x75 Build/sysmem.o
                                0x212 (size before relaxing)
 .debug_str     0x000024ba       0x9e Build/system_stm32l4xx.o
                                0x372 (size before relaxing)
 .debug_str     0x00002558      0x13f Build/tee_client_api.o
                                0x4b1 (size before relaxing)
 .debug_str     0x00002697      0x500 Build/stm32l4xx_hal_cortex.o
                                0xc36 (size before relaxing)
 .debug_str     0x00002b97      0xbb7 Build/stm32l4xx_hal_dfsdm.o
                               0x124c (size before relaxing)
 .debug_str     0x0000374e      0x11f Build/stm32l4xx_hal_gpio.o
                                0x52d (size before relaxing)
 .debug_str     0x0000386d      0x8d1 Build/stm32l4xx_hal_i2c.o
                                0xfc6 (size before relaxing)
 .debug_str     0x0000413e       0xb8 Build/stm32l4xx_hal_i2c_ex.o
                                0x8d3 (size before relaxing)
 .debug_str     0x000041f6      0x20f Build/stm32l4xx_hal_pcd_ex.o
                                0x815 (size before relaxing)
 .debug_str     0x00004405      0x76e Build/stm32l4xx_hal_pcd.o
                                0xdf9 (size before relaxing)
 .debug_str     0x00004b73      0x2d0 Build/stm32l4xx_hal_pwr.o
                                0x69b (size before relaxing)
 .debug_str     0x00004e43      0x405 Build/stm32l4xx_hal_pwr_ex.o
                                0x801 (size before relaxing)
 .debug_str     0x00005248      0x4ca Build/stm32l4xx_hal_qspi.o
                                0xb26 (size before relaxing)
 .debug_str     0x00005712      0x236 Build/stm32l4xx_hal_rcc.o
                                0x889 (size before relaxing)
 .debug_str     0x00005948      0x2a9 Build/stm32l4xx_hal_rcc_ex.o
                                0xaa8 (size before relaxing)
 .debug_str     0x00005bf1      0x153 Build/stm32l4xx_hal_rng.o
                                0x44d (size before relaxing)
 .debug_str     0x00005d44      0x510 Build/stm32l4xx_hal_spi.o
                                0xbc8 (size before relaxing)
 .debug_str     0x00006254      0x7a3 Build/stm32l4xx_hal_uart.o
                               0x1001 (size before relaxing)
 .debug_str     0x000069f7      0x3d7 Build/stm32l4xx_hal.o
                                0xcdc (size before relaxing)
 .debug_str     0x00006dce      0x478 Build/stm32l4xx_ll_usb.o
                                0xd1f (size before relaxing)

.comment        0x00000000       0x43
 .comment       0x00000000       0x43 Build/main.o
                                 0x44 (size before relaxing)
 .comment       0x00000043       0x44 Build/stm32l4xx_hal_msp.o
 .comment       0x00000043       0x44 Build/stm32l4xx_it.o
 .comment       0x00000043       0x44 Build/syscalls.o
 .comment       0x00000043       0x44 Build/sysmem.o
 .comment       0x00000043       0x44 Build/system_stm32l4xx.o
 .comment       0x00000043       0x44 Build/tee_client_api.o
 .comment       0x00000043       0x44 Build/stm32l4xx_hal_cortex.o
 .comment       0x00000043       0x44 Build/stm32l4xx_hal_dfsdm.o
 .comment       0x00000043       0x44 Build/stm32l4xx_hal_gpio.o
 .comment       0x00000043       0x44 Build/stm32l4xx_hal_i2c.o
 .comment       0x00000043       0x44 Build/stm32l4xx_hal_i2c_ex.o
 .comment       0x00000043       0x44 Build/stm32l4xx_hal_pcd_ex.o
 .comment       0x00000043       0x44 Build/stm32l4xx_hal_pcd.o
 .comment       0x00000043       0x44 Build/stm32l4xx_hal_pwr.o
 .comment       0x00000043       0x44 Build/stm32l4xx_hal_pwr_ex.o
 .comment       0x00000043       0x44 Build/stm32l4xx_hal_qspi.o
 .comment       0x00000043       0x44 Build/stm32l4xx_hal_rcc.o
 .comment       0x00000043       0x44 Build/stm32l4xx_hal_rcc_ex.o
 .comment       0x00000043       0x44 Build/stm32l4xx_hal_rng.o
 .comment       0x00000043       0x44 Build/stm32l4xx_hal_spi.o
 .comment       0x00000043       0x44 Build/stm32l4xx_hal_uart.o
 .comment       0x00000043       0x44 Build/stm32l4xx_hal.o
 .comment       0x00000043       0x44 Build/stm32l4xx_ll_usb.o

.debug_frame    0x00000000     0x4648
 .debug_frame   0x00000000      0x198 Build/main.o
 .debug_frame   0x00000198      0x1b0 Build/stm32l4xx_hal_msp.o
 .debug_frame   0x00000348       0xd8 Build/stm32l4xx_it.o
 .debug_frame   0x00000420      0x190 Build/syscalls.o
 .debug_frame   0x000005b0       0x28 Build/sysmem.o
 .debug_frame   0x000005d8       0x30 Build/system_stm32l4xx.o
 .debug_frame   0x00000608       0xf8 Build/tee_client_api.o
 .debug_frame   0x00000700      0x204 Build/stm32l4xx_hal_cortex.o
 .debug_frame   0x00000904      0x620 Build/stm32l4xx_hal_dfsdm.o
 .debug_frame   0x00000f24       0xd0 Build/stm32l4xx_hal_gpio.o
 .debug_frame   0x00000ff4      0x970 Build/stm32l4xx_hal_i2c.o
 .debug_frame   0x00001964       0x80 Build/stm32l4xx_hal_i2c_ex.o
 .debug_frame   0x000019e4       0xb8 Build/stm32l4xx_hal_pcd_ex.o
 .debug_frame   0x00001a9c      0x35c Build/stm32l4xx_hal_pcd.o
 .debug_frame   0x00001df8      0x120 Build/stm32l4xx_hal_pwr.o
 .debug_frame   0x00001f18      0x298 Build/stm32l4xx_hal_pwr_ex.o
 .debug_frame   0x000021b0      0x40c Build/stm32l4xx_hal_qspi.o
 .debug_frame   0x000025bc      0x19c Build/stm32l4xx_hal_rcc.o
 .debug_frame   0x00002758      0x204 Build/stm32l4xx_hal_rcc_ex.o
 .debug_frame   0x0000295c      0x130 Build/stm32l4xx_hal_rng.o
 .debug_frame   0x00002a8c      0x5f8 Build/stm32l4xx_hal_spi.o
 .debug_frame   0x00003084      0x600 Build/stm32l4xx_hal_uart.o
 .debug_frame   0x00003684      0x274 Build/stm32l4xx_hal.o
 .debug_frame   0x000038f8      0x478 Build/stm32l4xx_ll_usb.o
 .debug_frame   0x00003d70       0x20 /home/emanuele/st/stm32cubeide_1.15.0/plugins/com.st.stm32cube.ide.mcu.externaltools.gnu-tools-for-stm32.12.3.rel1.linux64_1.0.200.202406132123/tools/bin/../lib/gcc/arm-none-eabi/12.3.1/../../../../arm-none-eabi/lib/thumb/v7-m/nofp/libc_nano.a(libc_a-calloc.o)
 .debug_frame   0x00003d90       0x2c /home/emanuele/st/stm32cubeide_1.15.0/plugins/com.st.stm32cube.ide.mcu.externaltools.gnu-tools-for-stm32.12.3.rel1.linux64_1.0.200.202406132123/tools/bin/../lib/gcc/arm-none-eabi/12.3.1/../../../../arm-none-eabi/lib/thumb/v7-m/nofp/libc_nano.a(libc_a-callocr.o)
 .debug_frame   0x00003dbc       0x30 /home/emanuele/st/stm32cubeide_1.15.0/plugins/com.st.stm32cube.ide.mcu.externaltools.gnu-tools-for-stm32.12.3.rel1.linux64_1.0.200.202406132123/tools/bin/../lib/gcc/arm-none-eabi/12.3.1/../../../../arm-none-eabi/lib/thumb/v7-m/nofp/libc_nano.a(libc_a-malloc.o)
 .debug_frame   0x00003dec       0x50 /home/emanuele/st/stm32cubeide_1.15.0/plugins/com.st.stm32cube.ide.mcu.externaltools.gnu-tools-for-stm32.12.3.rel1.linux64_1.0.200.202406132123/tools/bin/../lib/gcc/arm-none-eabi/12.3.1/../../../../arm-none-eabi/lib/thumb/v7-m/nofp/libc_nano.a(libc_a-mallocr.o)
 .debug_frame   0x00003e3c       0x30 /home/emanuele/st/stm32cubeide_1.15.0/plugins/com.st.stm32cube.ide.mcu.externaltools.gnu-tools-for-stm32.12.3.rel1.linux64_1.0.200.202406132123/tools/bin/../lib/gcc/arm-none-eabi/12.3.1/../../../../arm-none-eabi/lib/thumb/v7-m/nofp/libc_nano.a(libc_a-mlock.o)
 .debug_frame   0x00003e6c      0x144 /home/emanuele/st/stm32cubeide_1.15.0/plugins/com.st.stm32cube.ide.mcu.externaltools.gnu-tools-for-stm32.12.3.rel1.linux64_1.0.200.202406132123/tools/bin/../lib/gcc/arm-none-eabi/12.3.1/../../../../arm-none-eabi/lib/thumb/v7-m/nofp/libc_nano.a(libc_a-findfp.o)
 .debug_frame   0x00003fb0       0x34 /home/emanuele/st/stm32cubeide_1.15.0/plugins/com.st.stm32cube.ide.mcu.externaltools.gnu-tools-for-stm32.12.3.rel1.linux64_1.0.200.202406132123/tools/bin/../lib/gcc/arm-none-eabi/12.3.1/../../../../arm-none-eabi/lib/thumb/v7-m/nofp/libc_nano.a(libc_a-fwalk.o)
 .debug_frame   0x00003fe4       0x6c /home/emanuele/st/stm32cubeide_1.15.0/plugins/com.st.stm32cube.ide.mcu.externaltools.gnu-tools-for-stm32.12.3.rel1.linux64_1.0.200.202406132123/tools/bin/../lib/gcc/arm-none-eabi/12.3.1/../../../../arm-none-eabi/lib/thumb/v7-m/nofp/libc_nano.a(libc_a-printf.o)
 .debug_frame   0x00004050       0x88 /home/emanuele/st/stm32cubeide_1.15.0/plugins/com.st.stm32cube.ide.mcu.externaltools.gnu-tools-for-stm32.12.3.rel1.linux64_1.0.200.202406132123/tools/bin/../lib/gcc/arm-none-eabi/12.3.1/../../../../arm-none-eabi/lib/thumb/v7-m/nofp/libc_nano.a(libc_a-stdio.o)
 .debug_frame   0x000040d8       0x20 /home/emanuele/st/stm32cubeide_1.15.0/plugins/com.st.stm32cube.ide.mcu.externaltools.gnu-tools-for-stm32.12.3.rel1.linux64_1.0.200.202406132123/tools/bin/../lib/gcc/arm-none-eabi/12.3.1/../../../../arm-none-eabi/lib/thumb/v7-m/nofp/libc_nano.a(libc_a-memset.o)
 .debug_frame   0x000040f8       0x2c /home/emanuele/st/stm32cubeide_1.15.0/plugins/com.st.stm32cube.ide.mcu.externaltools.gnu-tools-for-stm32.12.3.rel1.linux64_1.0.200.202406132123/tools/bin/../lib/gcc/arm-none-eabi/12.3.1/../../../../arm-none-eabi/lib/thumb/v7-m/nofp/libc_nano.a(libc_a-closer.o)
 .debug_frame   0x00004124       0x38 /home/emanuele/st/stm32cubeide_1.15.0/plugins/com.st.stm32cube.ide.mcu.externaltools.gnu-tools-for-stm32.12.3.rel1.linux64_1.0.200.202406132123/tools/bin/../lib/gcc/arm-none-eabi/12.3.1/../../../../arm-none-eabi/lib/thumb/v7-m/nofp/libc_nano.a(libc_a-reent.o)
 .debug_frame   0x0000415c       0x2c /home/emanuele/st/stm32cubeide_1.15.0/plugins/com.st.stm32cube.ide.mcu.externaltools.gnu-tools-for-stm32.12.3.rel1.linux64_1.0.200.202406132123/tools/bin/../lib/gcc/arm-none-eabi/12.3.1/../../../../arm-none-eabi/lib/thumb/v7-m/nofp/libc_nano.a(libc_a-lseekr.o)
 .debug_frame   0x00004188       0x2c /home/emanuele/st/stm32cubeide_1.15.0/plugins/com.st.stm32cube.ide.mcu.externaltools.gnu-tools-for-stm32.12.3.rel1.linux64_1.0.200.202406132123/tools/bin/../lib/gcc/arm-none-eabi/12.3.1/../../../../arm-none-eabi/lib/thumb/v7-m/nofp/libc_nano.a(libc_a-readr.o)
 .debug_frame   0x000041b4       0x2c /home/emanuele/st/stm32cubeide_1.15.0/plugins/com.st.stm32cube.ide.mcu.externaltools.gnu-tools-for-stm32.12.3.rel1.linux64_1.0.200.202406132123/tools/bin/../lib/gcc/arm-none-eabi/12.3.1/../../../../arm-none-eabi/lib/thumb/v7-m/nofp/libc_nano.a(libc_a-sbrkr.o)