Archive member included to satisfy reference by file (symbol)

/home/emanuele/st/stm32cubeide_1.15.0/plugins/com.st.stm32cube.ide.mcu.externaltools.gnu-tools-for-stm32.12.3.rel1.linux64_1.0.200.202406132123/tools/bin/../lib/gcc/arm-none-eabi/12.3.1/../../../../arm-none-eabi/lib/thumb/v7-m/nofp/libc_nano.a(libc_a-calloc.o)
                              Build/tee_client_api.o (calloc)
/home/emanuele/st/stm32cubeide_1.15.0/plugins/com.st.stm32cube.ide.mcu.externaltools.gnu-tools-for-stm32.12.3.rel1.linux64_1.0.200.202406132123/tools/bin/../lib/gcc/arm-none-eabi/12.3.1/../../../../arm-none-eabi/lib/thumb/v7-m/nofp/libc_nano.a(libc_a-callocr.o)
                              /home/emanuele/st/stm32cubeide_1.15.0/plugins/com.st.stm32cube.ide.mcu.externaltools.gnu-tools-for-stm32.12.3.rel1.linux64_1.0.200.202406132123/tools/bin/../lib/gcc/arm-none-eabi/12.3.1/../../../../arm-none-eabi/lib/thumb/v7-m/nofp/libc_nano.a(libc_a-calloc.o) (_calloc_r)
/home/emanuele/st/stm32cubeide_1.15.0/plugins/com.st.stm32cube.ide.mcu.externaltools.gnu-tools-for-stm32.12.3.rel1.linux64_1.0.200.202406132123/tools/bin/../lib/gcc/arm-none-eabi/12.3.1/../../../../arm-none-eabi/lib/thumb/v7-m/nofp/libc_nano.a(libc_a-exit.o)
                              /home/emanuele/st/stm32cubeide_1.15.0/plugins/com.st.stm32cube.ide.mcu.externaltools.gnu-tools-for-stm32.12.3.rel1.linux64_1.0.200.202406132123/tools/bin/../lib/gcc/arm-none-eabi/12.3.1/../../../../arm-none-eabi/lib/thumb/v7-m/nofp/crt0.o (exit)
/home/emanuele/st/stm32cubeide_1.15.0/plugins/com.st.stm32cube.ide.mcu.externaltools.gnu-tools-for-stm32.12.3.rel1.linux64_1.0.200.202406132123/tools/bin/../lib/gcc/arm-none-eabi/12.3.1/../../../../arm-none-eabi/lib/thumb/v7-m/nofp/libc_nano.a(libc_a-malloc.o)
                              Build/main.o (malloc)
/home/emanuele/st/stm32cubeide_1.15.0/plugins/com.st.stm32cube.ide.mcu.externaltools.gnu-tools-for-stm32.12.3.rel1.linux64_1.0.200.202406132123/tools/bin/../lib/gcc/arm-none-eabi/12.3.1/../../../../arm-none-eabi/lib/thumb/v7-m/nofp/libc_nano.a(libc_a-mallocr.o)
                              /home/emanuele/st/stm32cubeide_1.15.0/plugins/com.st.stm32cube.ide.mcu.externaltools.gnu-tools-for-stm32.12.3.rel1.linux64_1.0.200.202406132123/tools/bin/../lib/gcc/arm-none-eabi/12.3.1/../../../../arm-none-eabi/lib/thumb/v7-m/nofp/libc_nano.a(libc_a-callocr.o) (_malloc_r)
/home/emanuele/st/stm32cubeide_1.15.0/plugins/com.st.stm32cube.ide.mcu.externaltools.gnu-tools-for-stm32.12.3.rel1.linux64_1.0.200.202406132123/tools/bin/../lib/gcc/arm-none-eabi/12.3.1/../../../../arm-none-eabi/lib/thumb/v7-m/nofp/libc_nano.a(libc_a-mlock.o)
                              /home/emanuele/st/stm32cubeide_1.15.0/plugins/com.st.stm32cube.ide.mcu.externaltools.gnu-tools-for-stm32.12.3.rel1.linux64_1.0.200.202406132123/tools/bin/../lib/gcc/arm-none-eabi/12.3.1/../../../../arm-none-eabi/lib/thumb/v7-m/nofp/libc_nano.a(libc_a-mallocr.o) (__malloc_lock)
/home/emanuele/st/stm32cubeide_1.15.0/plugins/com.st.stm32cube.ide.mcu.externaltools.gnu-tools-for-stm32.12.3.rel1.linux64_1.0.200.202406132123/tools/bin/../lib/gcc/arm-none-eabi/12.3.1/../../../../arm-none-eabi/lib/thumb/v7-m/nofp/libc_nano.a(libc_a-realloc.o)
                              Build/tx.o (realloc)
/home/emanuele/st/stm32cubeide_1.15.0/plugins/com.st.stm32cube.ide.mcu.externaltools.gnu-tools-for-stm32.12.3.rel1.linux64_1.0.200.202406132123/tools/bin/../lib/gcc/arm-none-eabi/12.3.1/../../../../arm-none-eabi/lib/thumb/v7-m/nofp/libc_nano.a(libc_a-reallocr.o)
                              /home/emanuele/st/stm32cubeide_1.15.0/plugins/com.st.stm32cube.ide.mcu.externaltools.gnu-tools-for-stm32.12.3.rel1.linux64_1.0.200.202406132123/tools/bin/../lib/gcc/arm-none-eabi/12.3.1/../../../../arm-none-eabi/lib/thumb/v7-m/nofp/libc_nano.a(libc_a-realloc.o) (_realloc_r)
/home/emanuele/st/stm32cubeide_1.15.0/plugins/com.st.stm32cube.ide.mcu.externaltools.gnu-tools-for-stm32.12.3.rel1.linux64_1.0.200.202406132123/tools/bin/../lib/gcc/arm-none-eabi/12.3.1/../../../../arm-none-eabi/lib/thumb/v7-m/nofp/libc_nano.a(libc_a-findfp.o)
                              /home/emanuele/st/stm32cubeide_1.15.0/plugins/com.st.stm32cube.ide.mcu.externaltools.gnu-tools-for-stm32.12.3.rel1.linux64_1.0.200.202406132123/tools/bin/../lib/gcc/arm-none-eabi/12.3.1/../../../../arm-none-eabi/lib/thumb/v7-m/nofp/libc_nano.a(libc_a-exit.o) (__stdio_exit_handler)
/home/emanuele/st/stm32cubeide_1.15.0/plugins/com.st.stm32cube.ide.mcu.externaltools.gnu-tools-for-stm32.12.3.rel1.linux64_1.0.200.202406132123/tools/bin/../lib/gcc/arm-none-eabi/12.3.1/../../../../arm-none-eabi/lib/thumb/v7-m/nofp/libc_nano.a(libc_a-fwalk.o)
                              /home/emanuele/st/stm32cubeide_1.15.0/plugins/com.st.stm32cube.ide.mcu.externaltools.gnu-tools-for-stm32.12.3.rel1.linux64_1.0.200.202406132123/tools/bin/../lib/gcc/arm-none-eabi/12.3.1/../../../../arm-none-eabi/lib/thumb/v7-m/nofp/libc_nano.a(libc_a-findfp.o) (_fwalk_sglue)
[...]
Memory Configuration

Name             Origin             Length             Attributes
FLASH_BOOT       0x08000000         0x00020000         xr
FLASH_TA1        0x08020000         0x0003c000         xr
FLASH_SECURE_TA1 0x0805c000         0x00004000         rw
FLASH_TA2        0x08060000         0x0003c000         xr
FLASH_SECURE_TA2 0x0809c000         0x00004000         rw
FLASH            0x080a0000         0x00058000         xr
FLASH_BOOT_NOPRI 0x080f8000         0x00008000         xr
RAM_BOOT         0x10000000         0x00000020         xrw
RAM              0x10004000         0x00004000         xrw
RAM_TA1          0x20000000         0x0000c000         xrw
RAM_TA2          0x2000c000         0x0000c000         xrw
*default*        0x00000000         0xffffffff

Linker script and memory map

LOAD /home/emanuele/st/stm32cubeide_1.15.0/plugins/com.st.stm32cube.ide.mcu.externaltools.gnu-tools-for-stm32.12.3.rel1.linux64_1.0.200.202406132123/tools/bin/../lib/gcc/arm-none-eabi/12.3.1/thumb/v7-m/nofp/crti.o
LOAD /home/emanuele/st/stm32cubeide_1.15.0/plugins/com.st.stm32cube.ide.mcu.externaltools.gnu-tools-for-stm32.12.3.rel1.linux64_1.0.200.202406132123/tools/bin/../lib/gcc/arm-none-eabi/12.3.1/thumb/v7-m/nofp/crtbegin.o
LOAD /home/emanuele/st/stm32cubeide_1.15.0/plugins/com.st.stm32cube.ide.mcu.externaltools.gnu-tools-for-stm32.12.3.rel1.linux64_1.0.200.202406132123/tools/bin/../lib/gcc/arm-none-eabi/12.3.1/../../../../arm-none-eabi/lib/thumb/v7-m/nofp/crt0.o
LOAD Build/main.o
LOAD Build/stm32l4xx_hal_msp.o
LOAD Build/stm32l4xx_it.o
LOAD Build/syscalls.o
LOAD Build/sysmem.o
LOAD Build/system_stm32l4xx.o
LOAD Build/tee_client_api.o
LOAD Build/stm32l4xx_hal_cortex.o
LOAD Build/stm32l4xx_hal_dfsdm.o
LOAD Build/stm32l4xx_hal_dma_ex.o
LOAD Build/stm32l4xx_hal_dma.o
LOAD Build/stm32l4xx_hal_exti.o
LOAD Build/stm32l4xx_hal_flash_ex.o
LOAD Build/stm32l4xx_hal_flash_ramfunc.o
LOAD Build/stm32l4xx_hal_flash.o
LOAD Build/stm32l4xx_hal_gpio.o
LOAD Build/stm32l4xx_hal_i2c.o
LOAD Build/stm32l4xx_hal_i2c_ex.o
LOAD Build/stm32l4xx_hal_pcd_ex.o
LOAD Build/stm32l4xx_hal_pcd.o
LOAD Build/stm32l4xx_hal_pwr.o
LOAD Build/stm32l4xx_hal_pwr_ex.o
LOAD Build/stm32l4xx_hal_rcc.o
LOAD Build/stm32l4xx_hal_rcc_ex.o
LOAD Build/stm32l4xx_hal_rng.o
LOAD Build/stm32l4xx_hal_uart.o
LOAD Build/stm32l4xx_hal_uart_ex.o
LOAD Build/stm32l4xx_hal.o
LOAD Build/tx.o
LOAD Build/startup_stm32l475vgtx.o
LOAD /home/emanuele/st/stm32cubeide_1.15.0/plugins/com.st.stm32cube.ide.mcu.externaltools.gnu-tools-for-stm32.12.3.rel1.linux64_1.0.200.202406132123/tools/bin/../lib/gcc/arm-none-eabi/12.3.1/../../../../arm-none-eabi/lib/thumb/v7-m/nofp/libc_nano.a
LOAD /home/emanuele/st/stm32cubeide_1.15.0/plugins/com.st.stm32cube.ide.mcu.externaltools.gnu-tools-for-stm32.12.3.rel1.linux64_1.0.200.202406132123/tools/bin/../lib/gcc/arm-none-eabi/12.3.1/../../../../arm-none-eabi/lib/thumb/v7-m/nofp/libm.a
LOAD /home/emanuele/st/stm32cubeide_1.15.0/plugins/com.st.stm32cube.ide.mcu.externaltools.gnu-tools-for-stm32.12.3.rel1.linux64_1.0.200.202406132123/tools/bin/../lib/gcc/arm-none-eabi/12.3.1/../../../../arm-none-eabi/lib/thumb/v7-m/nofp/libnosys.a
START GROUP
LOAD /home/emanuele/st/stm32cubeide_1.15.0/plugins/com.st.stm32cube.ide.mcu.externaltools.gnu-tools-for-stm32.12.3.rel1.linux64_1.0.200.202406132123/tools/bin/../lib/gcc/arm-none-eabi/12.3.1/thumb/v7-m/nofp/libgcc.a
LOAD /home/emanuele/st/stm32cubeide_1.15.0/plugins/com.st.stm32cube.ide.mcu.externaltools.gnu-tools-for-stm32.12.3.rel1.linux64_1.0.200.202406132123/tools/bin/../lib/gcc/arm-none-eabi/12.3.1/../../../../arm-none-eabi/lib/thumb/v7-m/nofp/libc_nano.a
END GROUP
START GROUP
LOAD /home/emanuele/st/stm32cubeide_1.15.0/plugins/com.st.stm32cube.ide.mcu.externaltools.gnu-tools-for-stm32.12.3.rel1.linux64_1.0.200.202406132123/tools/bin/../lib/gcc/arm-none-eabi/12.3.1/thumb/v7-m/nofp/libgcc.a
LOAD /home/emanuele/st/stm32cubeide_1.15.0/plugins/com.st.stm32cube.ide.mcu.externaltools.gnu-tools-for-stm32.12.3.rel1.linux64_1.0.200.202406132123/tools/bin/../lib/gcc/arm-none-eabi/12.3.1/../../../../arm-none-eabi/lib/thumb/v7-m/nofp/libc_nano.a
END GROUP
LOAD /home/emanuele/st/stm32cubeide_1.15.0/plugins/com.st.stm32cube.ide.mcu.externaltools.gnu-tools-for-stm32.12.3.rel1.linux64_1.0.200.202406132123/tools/bin/../lib/gcc/arm-none-eabi/12.3.1/thumb/v7-m/nofp/crtend.o
LOAD /home/emanuele/st/stm32cubeide_1.15.0/plugins/com.st.stm32cube.ide.mcu.externaltools.gnu-tools-for-stm32.12.3.rel1.linux64_1.0.200.202406132123/tools/bin/../lib/gcc/arm-none-eabi/12.3.1/thumb/v7-m/nofp/crtn.o
                0x10008000                        _estack = (ORIGIN (RAM) + LENGTH (RAM))
                0x00000200                        _Min_Heap_Size = 0x200
                0x00000400                        _Min_Stack_Size = 0x400
                0x08000000                        __flash_boot_start__ = ORIGIN (FLASH_BOOT)
                0x00020000                        __flash_boot_size__ = LENGTH (FLASH_BOOT)
                0x080f8000                        __flash_boot_nopri_start__ = ORIGIN (FLASH_BOOT_NOPRI)
                0x00008000                        __flash_boot_nopri_size__ = LENGTH (FLASH_BOOT_NOPRI)
                0x080a0000                        __flash_start__ = ORIGIN (FLASH)
                0x00058000                        __flash_size__ = LENGTH (FLASH)
                0x08020000                        __flash_TA1_start__ = ORIGIN (FLASH_TA1)
                0x0003c000                        __flash_TA1_size__ = LENGTH (FLASH_TA1)
                0x08060000                        __flash_TA2_start__ = ORIGIN (FLASH_TA2)
                0x0003c000                        __flash_TA2_size__ = LENGTH (FLASH_TA2)
                0x0805c000                        __flash_secure_TA1_start__ = ORIGIN (FLASH_SECURE_TA1)
                0x00004000                        __flash_secure_TA1_size__ = LENGTH (FLASH_SECURE_TA1)
                0x0809c000                        __flash_secure_TA2_start__ = ORIGIN (FLASH_SECURE_TA2)
                0x00004000                        __flash_secure_TA2_size__ = LENGTH (FLASH_SECURE_TA2)
                0x10000000                        __ram_boot_start__ = ORIGIN (RAM_BOOT)

.isr_vector     0x080a0000      0x188
                0x080a0000                        . = ALIGN (0x4)
 *(.isr_vector)
 .isr_vector    0x080a0000      0x188 Build/startup_stm32l475vgtx.o
                0x080a0000                g_pfnVectors
                0x080a0188                        . = ALIGN (0x4)

.text           0x080a0188     0x42f8
                0x080a0188                        . = ALIGN (0x4)
 *(.text)
 .text          0x080a0188       0x40 /home/emanuele/st/stm32cubeide_1.15.0/plugins/com.st.stm32cube.ide.mcu.externaltools.gnu-tools-for-stm32.12.3.rel1.linux64_1.0.200.202406132123/tools/bin/../lib/gcc/arm-none-eabi/12.3.1/thumb/v7-m/nofp/crtbegin.o
 .text          0x080a01c8       0x10 /home/emanuele/st/stm32cubeide_1.15.0/plugins/com.st.stm32cube.ide.mcu.externaltools.gnu-tools-for-stm32.12.3.rel1.linux64_1.0.200.202406132123/tools/bin/../lib/gcc/arm-none-eabi/12.3.1/../../../../arm-none-eabi/lib/thumb/v7-m/nofp/libc_nano.a(libc_a-strlen.o)
                0x080a01c8                strlen
 .text          0x080a01d8       0x30 /home/emanuele/st/stm32cubeide_1.15.0/plugins/com.st.stm32cube.ide.mcu.externaltools.gnu-tools-for-stm32.12.3.rel1.linux64_1.0.200.202406132123/tools/bin/../lib/gcc/arm-none-eabi/12.3.1/thumb/v7-m/nofp/libgcc.a(_aeabi_uldivmod.o)
                0x080a01d8                __aeabi_uldivmod
 .text          0x080a0208      0x2b8 /home/emanuele/st/stm32cubeide_1.15.0/plugins/com.st.stm32cube.ide.mcu.externaltools.gnu-tools-for-stm32.12.3.rel1.linux64_1.0.200.202406132123/tools/bin/../lib/gcc/arm-none-eabi/12.3.1/thumb/v7-m/nofp/libgcc.a(_udivmoddi4.o)
                0x080a0208                __udivmoddi4
 .text          0x080a04c0        0x4 /home/emanuele/st/stm32cubeide_1.15.0/plugins/com.st.stm32cube.ide.mcu.externaltools.gnu-tools-for-stm32.12.3.rel1.linux64_1.0.200.202406132123/tools/bin/../lib/gcc/arm-none-eabi/12.3.1/thumb/v7-m/nofp/libgcc.a(_dvmd_tls.o)
                0x080a04c0                __aeabi_ldiv0
                0x080a04c0                __aeabi_idiv0
 *(.text*)
 .text.MX_GPIO_Init
                0x080a04c4      0x2b0 Build/main.o
 .text.ta_bitcoin_cmd_check_masterkey
                0x080a0774       0x94 Build/main.o
 .text.ta_bitcoin_cmd_erase_masterkey
                0x080a0808       0x94 Build/main.o
 .text.ta_bitcoin_cmd_mnemonic_to_masterkey
                0x080a089c       0x94 Build/main.o
 .text.ta_bitcoin_cmd_generate_new_masterkey
                0x080a0930       0xc8 Build/main.o
 .text.print_uint8
                0x080a09f8       0x24 Build/main.o
 .text.ta_bitcoin_cmd_get_bitcoin_address
                0x080a0a1c       0x98 Build/main.o
 .text.ta_bitcoin_cmd_issue_transactions
                0x080a0ab4      0x158 Build/main.o
 .text.__io_putchar
                0x080a0c0c       0x20 Build/main.o
                0x080a0c0c                __io_putchar
 .text.rng_init
                0x080a0c2c       0x2c Build/main.o
                0x080a0c2c                rng_init
 .text.rng_deinit
                0x080a0c58       0x20 Build/main.o
                0x080a0c58                rng_deinit
 .text.Error_Handler
                0x080a0c78        0x6 Build/main.o
                0x080a0c78                Error_Handler
 *fill*         0x080a0c7e        0x2 
 .text.MX_USART1_UART_Init
                0x080a0c80       0x38 Build/main.o
 .text.MX_RNG_Init
                0x080a0cb8       0x1c Build/main.o
 .text.SystemClock_Config
                0x080a0cd4       0x9c Build/main.o
                0x080a0cd4                SystemClock_Config
 .text.PeriphCommonClock_Config
                0x080a0d70       0x48 Build/main.o
                0x080a0d70                PeriphCommonClock_Config
 .text.main     0x080a0db8      0x1c0 Build/main.o
                0x080a0db8                main
 .text.HAL_MspInit
                0x080a0f78       0x30 Build/stm32l4xx_hal_msp.o
                0x080a0f78                HAL_MspInit
 .text.HAL_RNG_MspInit
                0x080a0fa8       0x30 Build/stm32l4xx_hal_msp.o
                0x080a0fa8                HAL_RNG_MspInit
 .text.HAL_UART_MspInit
                0x080a0fd8       0xf0 Build/stm32l4xx_hal_msp.o
                0x080a0fd8                HAL_UART_MspInit
 .text.NMI_Handler
                0x080a10c8        0x2 Build/stm32l4xx_it.o
                0x080a10c8                NMI_Handler
 .text.HardFault_Handler
                0x080a10ca        0x2 Build/stm32l4xx_it.o
                0x080a10ca                HardFault_Handler
 .text.MemManage_Handler
                0x080a10cc        0x2 Build/stm32l4xx_it.o
                0x080a10cc                MemManage_Handler
 .text.BusFault_Handler
                0x080a10ce        0x2 Build/stm32l4xx_it.o
                0x080a10ce                BusFault_Handler
 .text.UsageFault_Handler
                0x080a10d0        0x2 Build/stm32l4xx_it.o
                0x080a10d0                UsageFault_Handler
 .text.SVC_Handler
                0x080a10d2        0x2 Build/stm32l4xx_it.o
                0x080a10d2                SVC_Handler
 .text.DebugMon_Handler
                0x080a10d4        0x2 Build/stm32l4xx_it.o
                0x080a10d4                DebugMon_Handler
 .text.PendSV_Handler
                0x080a10d6        0x2 Build/stm32l4xx_it.o
                0x080a10d6                PendSV_Handler
 .text.SysTick_Handler
                0x080a10d8        0x8 Build/stm32l4xx_it.o
                0x080a10d8                SysTick_Handler
 .text.EXTI9_5_IRQHandler
                0x080a10e0       0x1e Build/stm32l4xx_it.o
                0x080a10e0                EXTI9_5_IRQHandler
 .text.EXTI15_10_IRQHandler
                0x080a10fe       0x2c Build/stm32l4xx_it.o
                0x080a10fe                EXTI15_10_IRQHandler
 .text._read    0x080a112a       0x20 Build/syscalls.o
                0x080a112a                _read
 .text._write   0x080a114a       0x1c Build/syscalls.o
                0x080a114a                _write
 .text._close   0x080a1166        0x6 Build/syscalls.o
                0x080a1166                _close
 .text._fstat   0x080a116c        0xa Build/syscalls.o
                0x080a116c                _fstat
 .text._isatty  0x080a1176        0x4 Build/syscalls.o
                0x080a1176                _isatty
 .text._lseek   0x080a117a        0x4 Build/syscalls.o
                0x080a117a                _lseek
 *fill*         0x080a117e        0x2 
 .text._sbrk    0x080a1180       0x48 Build/sysmem.o
                0x080a1180                _sbrk
 .text.SystemInit
                0x080a11c8        0x2 Build/system_stm32l4xx.o
                0x080a11c8                SystemInit
 *fill*         0x080a11ca        0x2 
 .text.check_context
                0x080a11cc       0x40 Build/tee_client_api.o
 .text.TEEC_InitializeContext
                0x080a120c       0x68 Build/tee_client_api.o
                0x080a120c                TEEC_InitializeContext
 .text.TEEC_FinalizeContext
                0x080a1274       0x48 Build/tee_client_api.o
                0x080a1274                TEEC_FinalizeContext
 .text.TEEC_OpenSession
                0x080a12bc       0xc0 Build/tee_client_api.o
                0x080a12bc                TEEC_OpenSession
 .text.TEEC_CloseSession
                0x080a137c       0x34 Build/tee_client_api.o
                0x080a137c                TEEC_CloseSession
 .text.TEEC_InvokeCommand
                0x080a13b0       0xbc Build/tee_client_api.o
                0x080a13b0                TEEC_InvokeCommand
 .text.__NVIC_EnableIRQ
                0x080a146c       0x1c Build/stm32l4xx_hal_cortex.o
 .text.__NVIC_SetPriority
                0x080a1488       0x28 Build/stm32l4xx_hal_cortex.o
 .text.NVIC_EncodePriority
                0x080a14b0       0x3e Build/stm32l4xx_hal_cortex.o
 *fill*         0x080a14ee        0x2 
 .text.HAL_NVIC_SetPriorityGrouping
                0x080a14f0       0x24 Build/stm32l4xx_hal_cortex.o
                0x080a14f0                HAL_NVIC_SetPriorityGrouping
 .text.HAL_NVIC_SetPriority
                0x080a1514       0x20 Build/stm32l4xx_hal_cortex.o
                0x080a1514                HAL_NVIC_SetPriority
 .text.HAL_NVIC_EnableIRQ
                0x080a1534        0x8 Build/stm32l4xx_hal_cortex.o
                0x080a1534                HAL_NVIC_EnableIRQ
 .text.HAL_SYSTICK_Config
                0x080a153c       0x28 Build/stm32l4xx_hal_cortex.o
                0x080a153c                HAL_SYSTICK_Config
 .text.HAL_GPIO_Init
                0x080a1564      0x20c Build/stm32l4xx_hal_gpio.o
                0x080a1564                HAL_GPIO_Init
 .text.HAL_GPIO_WritePin
                0x080a1770        0xa Build/stm32l4xx_hal_gpio.o
                0x080a1770                HAL_GPIO_WritePin
 .text.HAL_GPIO_TogglePin
                0x080a177a       0x12 Build/stm32l4xx_hal_gpio.o
                0x080a177a                HAL_GPIO_TogglePin
 .text.HAL_GPIO_EXTI_Callback
                0x080a178c        0x2 Build/stm32l4xx_hal_gpio.o
                0x080a178c                HAL_GPIO_EXTI_Callback
 *fill*         0x080a178e        0x2 
 .text.HAL_GPIO_EXTI_IRQHandler
                0x080a1790       0x1c Build/stm32l4xx_hal_gpio.o
                0x080a1790                HAL_GPIO_EXTI_IRQHandler
 .text.HAL_PWR_EnableBkUpAccess
                0x080a17ac       0x10 Build/stm32l4xx_hal_pwr.o
                0x080a17ac                HAL_PWR_EnableBkUpAccess
 .text.HAL_PWREx_GetVoltageRange
                0x080a17bc       0x10 Build/stm32l4xx_hal_pwr_ex.o
                0x080a17bc                HAL_PWREx_GetVoltageRange
 .text.HAL_PWREx_ControlVoltageScaling
                0x080a17cc       0x90 Build/stm32l4xx_hal_pwr_ex.o
                0x080a17cc                HAL_PWREx_ControlVoltageScaling
 .text.RCC_SetFlashLatencyFromMSIRange
                0x080a185c       0x90 Build/stm32l4xx_hal_rcc.o
 .text.HAL_RCC_GetSysClockFreq
                0x080a18ec       0xb4 Build/stm32l4xx_hal_rcc.o
                0x080a18ec                HAL_RCC_GetSysClockFreq
 .text.HAL_RCC_OscConfig
                0x080a19a0      0x61c Build/stm32l4xx_hal_rcc.o
                0x080a19a0                HAL_RCC_OscConfig
 .text.HAL_RCC_ClockConfig
                0x080a1fbc      0x188 Build/stm32l4xx_hal_rcc.o
                0x080a1fbc                HAL_RCC_ClockConfig
 .text.HAL_RCC_GetHCLKFreq
                0x080a2144        0xc Build/stm32l4xx_hal_rcc.o
                0x080a2144                HAL_RCC_GetHCLKFreq
 .text.HAL_RCC_GetPCLK1Freq
                0x080a2150       0x24 Build/stm32l4xx_hal_rcc.o
                0x080a2150                HAL_RCC_GetPCLK1Freq
 .text.HAL_RCC_GetPCLK2Freq
                0x080a2174       0x24 Build/stm32l4xx_hal_rcc.o
                0x080a2174                HAL_RCC_GetPCLK2Freq
 .text.RCCEx_PLLSAI1_Config
                0x080a2198      0x170 Build/stm32l4xx_hal_rcc_ex.o
 .text.RCCEx_PLLSAI2_Config
                0x080a2308      0x14c Build/stm32l4xx_hal_rcc_ex.o
 .text.HAL_RCCEx_PeriphCLKConfig
                0x080a2454      0x454 Build/stm32l4xx_hal_rcc_ex.o
                0x080a2454                HAL_RCCEx_PeriphCLKConfig
 .text.HAL_RCCEx_EnableMSIPLLMode
                0x080a28a8       0x10 Build/stm32l4xx_hal_rcc_ex.o
                0x080a28a8                HAL_RCCEx_EnableMSIPLLMode
 .text.HAL_RNG_Init
                0x080a28b8       0x72 Build/stm32l4xx_hal_rng.o
                0x080a28b8                HAL_RNG_Init
 .text.UART_EndRxTransfer
                0x080a292a       0x52 Build/stm32l4xx_hal_uart.o
 .text.UART_SetConfig
                0x080a297c      0x328 Build/stm32l4xx_hal_uart.o
                0x080a297c                UART_SetConfig
 .text.UART_AdvFeatureConfig
                0x080a2ca4       0xca Build/stm32l4xx_hal_uart.o
                0x080a2ca4                UART_AdvFeatureConfig
 .text.UART_WaitOnFlagUntilTimeout
                0x080a2d6e       0x9e Build/stm32l4xx_hal_uart.o
                0x080a2d6e                UART_WaitOnFlagUntilTimeout
 .text.HAL_UART_Transmit
                0x080a2e0c       0xc8 Build/stm32l4xx_hal_uart.o
                0x080a2e0c                HAL_UART_Transmit
 .text.UART_CheckIdleState
                0x080a2ed4       0xc6 Build/stm32l4xx_hal_uart.o
                0x080a2ed4                UART_CheckIdleState
 .text.HAL_UART_Init
                0x080a2f9a       0x62 Build/stm32l4xx_hal_uart.o
                0x080a2f9a                HAL_UART_Init
 .text.HAL_InitTick
                0x080a2ffc       0x50 Build/stm32l4xx_hal.o
                0x080a2ffc                HAL_InitTick
 .text.HAL_Init
                0x080a304c       0x1e Build/stm32l4xx_hal.o
                0x080a304c                HAL_Init
 *fill*         0x080a306a        0x2 
 .text.HAL_IncTick
                0x080a306c       0x18 Build/stm32l4xx_hal.o
                0x080a306c                HAL_IncTick
 .text.HAL_GetTick
                0x080a3084        0xc Build/stm32l4xx_hal.o
                0x080a3084                HAL_GetTick
 .text.HAL_Delay
                0x080a3090       0x28 Build/stm32l4xx_hal.o
                0x080a3090                HAL_Delay
 .text.new_intx
                0x080a30b8       0x94 Build/tx.o
                0x080a30b8                new_intx
 .text.new_outtx
                0x080a314c       0x4e Build/tx.o
                0x080a314c                new_outtx
 .text.new_tx   0x080a319a       0x44 Build/tx.o
                0x080a319a                new_tx
 .text.new_txbuf
                0x080a31de       0x20 Build/tx.o
                0x080a31de                new_txbuf
 .text.free_intx
                0x080a31fe       0x28 Build/tx.o
                0x080a31fe                free_intx
 .text.free_outtx
                0x080a3226       0x1c Build/tx.o
                0x080a3226                free_outtx
 .text.free_tx  0x080a3242       0x28 Build/tx.o
                0x080a3242                free_tx
 .text.free_txbuf
                0x080a326a       0x16 Build/tx.o
                0x080a326a                free_txbuf
 .text.reserve_space
                0x080a3280       0x22 Build/tx.o
                0x080a3280                reserve_space
 .text.serialize_bytestr
                0x080a32a2       0x24 Build/tx.o
                0x080a32a2                serialize_bytestr
 .text.serialize_intx
                0x080a32c6       0x3c Build/tx.o
                0x080a32c6                serialize_intx
 .text.serialize_outtx
                0x080a3302       0x2a Build/tx.o
                0x080a3302                serialize_outtx
 .text.serialize_tx
                0x080a332c       0x46 Build/tx.o
                0x080a332c                serialize_tx
 .text.get_txbuf_data
                0x080a3372        0x4 Build/tx.o
                0x080a3372                get_txbuf_data
 .text.get_txbuf_next
                0x080a3376        0x4 Build/tx.o
                0x080a3376                get_txbuf_next
 *fill*         0x080a337a        0x2 
 .text.Reset_Handler
                0x080a337c       0x50 Build/startup_stm32l475vgtx.o
                0x080a337c                Reset_Handler
 .text.Default_Handler
                0x080a33cc        0x2 Build/startup_stm32l475vgtx.o
                0x080a33cc                RTC_Alarm_IRQHandler
                0x080a33cc                EXTI2_IRQHandler
                0x080a33cc                TIM8_TRG_COM_IRQHandler
                0x080a33cc                TIM8_CC_IRQHandler
                0x080a33cc                TIM1_CC_IRQHandler
                0x080a33cc                TSC_IRQHandler
                0x080a33cc                TAMP_STAMP_IRQHandler
                0x080a33cc                EXTI3_IRQHandler
                0x080a33cc                LPTIM2_IRQHandler
                0x080a33cc                DFSDM1_FLT1_IRQHandler
                0x080a33cc                I2C3_ER_IRQHandler
                0x080a33cc                DFSDM1_FLT2_IRQHandler
                0x080a33cc                EXTI0_IRQHandler
                0x080a33cc                I2C2_EV_IRQHandler
                0x080a33cc                CAN1_RX0_IRQHandler
                0x080a33cc                FPU_IRQHandler
                0x080a33cc                TIM1_UP_TIM16_IRQHandler
                0x080a33cc                ADC1_2_IRQHandler
                0x080a33cc                SPI1_IRQHandler
                0x080a33cc                TIM6_DAC_IRQHandler
                0x080a33cc                TIM8_UP_IRQHandler
                0x080a33cc                DMA2_Channel2_IRQHandler
                0x080a33cc                DMA1_Channel4_IRQHandler
                0x080a33cc                SAI2_IRQHandler
                0x080a33cc                DFSDM1_FLT3_IRQHandler
                0x080a33cc                USART3_IRQHandler
                0x080a33cc                DMA1_Channel7_IRQHandler
                0x080a33cc                CAN1_RX1_IRQHandler
                0x080a33cc                UART5_IRQHandler
                0x080a33cc                ADC3_IRQHandler
                0x080a33cc                TIM4_IRQHandler
                0x080a33cc                DMA2_Channel1_IRQHandler
                0x080a33cc                QUADSPI_IRQHandler
                0x080a33cc                I2C1_EV_IRQHandler
                0x080a33cc                DMA1_Channel6_IRQHandler
                0x080a33cc                UART4_IRQHandler
                0x080a33cc                DMA2_Channel4_IRQHandler
                0x080a33cc                TIM3_IRQHandler
                0x080a33cc                RCC_IRQHandler
                0x080a33cc                DMA1_Channel1_IRQHandler
                0x080a33cc                Default_Handler
                0x080a33cc                DMA2_Channel7_IRQHandler
                0x080a33cc                TIM7_IRQHandler
                0x080a33cc                SDMMC1_IRQHandler
                0x080a33cc                TIM5_IRQHandler
                0x080a33cc                I2C3_EV_IRQHandler
                0x080a33cc                RTC_WKUP_IRQHandler
                0x080a33cc                PVD_PVM_IRQHandler
                0x080a33cc                SPI2_IRQHandler
                0x080a33cc                CAN1_TX_IRQHandler
                0x080a33cc                DMA2_Channel5_IRQHandler
                0x080a33cc                DMA1_Channel5_IRQHandler
                0x080a33cc                EXTI4_IRQHandler
                0x080a33cc                RNG_IRQHandler
                0x080a33cc                TIM1_TRG_COM_TIM17_IRQHandler
                0x080a33cc                DMA1_Channel3_IRQHandler
                0x080a33cc                COMP_IRQHandler
                0x080a33cc                WWDG_IRQHandler
                0x080a33cc                LPUART1_IRQHandler
                0x080a33cc                DMA2_Channel6_IRQHandler
                0x080a33cc                TIM2_IRQHandler
                0x080a33cc                EXTI1_IRQHandler
                0x080a33cc                USART2_IRQHandler
                0x080a33cc                DFSDM1_FLT0_IRQHandler
                0x080a33cc                I2C2_ER_IRQHandler
                0x080a33cc                DMA1_Channel2_IRQHandler
                0x080a33cc                TIM8_BRK_IRQHandler
                0x080a33cc                CAN1_SCE_IRQHandler
                0x080a33cc                FLASH_IRQHandler
                0x080a33cc                USART1_IRQHandler
                0x080a33cc                OTG_FS_IRQHandler
                0x080a33cc                SPI3_IRQHandler
                0x080a33cc                I2C1_ER_IRQHandler
                0x080a33cc                FMC_IRQHandler
                0x080a33cc                SWPMI1_IRQHandler
                0x080a33cc                LPTIM1_IRQHandler
                0x080a33cc                SAI1_IRQHandler
                0x080a33cc                DMA2_Channel3_IRQHandler
                0x080a33cc                TIM1_BRK_TIM15_IRQHandler
 *fill*         0x080a33ce        0x2 
 .text.calloc   0x080a33d0       0x10 /home/emanuele/st/stm32cubeide_1.15.0/plugins/com.st.stm32cube.ide.mcu.externaltools.gnu-tools-for-stm32.12.3.rel1.linux64_1.0.200.202406132123/tools/bin/../lib/gcc/arm-none-eabi/12.3.1/../../../../arm-none-eabi/lib/thumb/v7-m/nofp/libc_nano.a(libc_a-calloc.o)
                0x080a33d0                calloc
 .text._calloc_r
                0x080a33e0       0x28 /home/emanuele/st/stm32cubeide_1.15.0/plugins/com.st.stm32cube.ide.mcu.externaltools.gnu-tools-for-stm32.12.3.rel1.linux64_1.0.200.202406132123/tools/bin/../lib/gcc/arm-none-eabi/12.3.1/../../../../arm-none-eabi/lib/thumb/v7-m/nofp/libc_nano.a(libc_a-callocr.o)
                0x080a33e0                _calloc_r
 .text.malloc   0x080a3408       0x10 /home/emanuele/st/stm32cubeide_1.15.0/plugins/com.st.stm32cube.ide.mcu.externaltools.gnu-tools-for-stm32.12.3.rel1.linux64_1.0.200.202406132123/tools/bin/../lib/gcc/arm-none-eabi/12.3.1/../../../../arm-none-eabi/lib/thumb/v7-m/nofp/libc_nano.a(libc_a-malloc.o)
                0x080a3408                malloc
 .text.free     0x080a3418       0x10 /home/emanuele/st/stm32cubeide_1.15.0/plugins/com.st.stm32cube.ide.mcu.externaltools.gnu-tools-for-stm32.12.3.rel1.linux64_1.0.200.202406132123/tools/bin/../lib/gcc/arm-none-eabi/12.3.1/../../../../arm-none-eabi/lib/thumb/v7-m/nofp/libc_nano.a(libc_a-malloc.o)
                0x080a3418                free
 .text.sbrk_aligned
                0x080a3428       0x44 /home/emanuele/st/stm32cubeide_1.15.0/plugins/com.st.stm32cube.ide.mcu.externaltools.gnu-tools-for-stm32.12.3.rel1.linux64_1.0.200.202406132123/tools/bin/../lib/gcc/arm-none-eabi/12.3.1/../../../../arm-none-eabi/lib/thumb/v7-m/nofp/libc_nano.a(libc_a-mallocr.o)
 .text._malloc_r
                0x080a346c      0x100 /home/emanuele/st/stm32cubeide_1.15.0/plugins/com.st.stm32cube.ide.mcu.externaltools.gnu-tools-for-stm32.12.3.rel1.linux64_1.0.200.202406132123/tools/bin/../lib/gcc/arm-none-eabi/12.3.1/../../../../arm-none-eabi/lib/thumb/v7-m/nofp/libc_nano.a(libc_a-mallocr.o)
                0x080a346c                _malloc_r
 .text.__malloc_lock
                0x080a356c        0xc /home/emanuele/st/stm32cubeide_1.15.0/plugins/com.st.stm32cube.ide.mcu.externaltools.gnu-tools-for-stm32.12.3.rel1.linux64_1.0.200.202406132123/tools/bin/../lib/gcc/arm-none-eabi/12.3.1/../../../../arm-none-eabi/lib/thumb/v7-m/nofp/libc_nano.a(libc_a-mlock.o)
                0x080a356c                __malloc_lock
 .text.__malloc_unlock
                0x080a3578        0xc /home/emanuele/st/stm32cubeide_1.15.0/plugins/com.st.stm32cube.ide.mcu.externaltools.gnu-tools-for-stm32.12.3.rel1.linux64_1.0.200.202406132123/tools/bin/../lib/gcc/arm-none-eabi/12.3.1/../../../../arm-none-eabi/lib/thumb/v7-m/nofp/libc_nano.a(libc_a-mlock.o)
                0x080a3578                __malloc_unlock
 .text.realloc  0x080a3584       0x10 /home/emanuele/st/stm32cubeide_1.15.0/plugins/com.st.stm32cube.ide.mcu.externaltools.gnu-tools-for-stm32.12.3.rel1.linux64_1.0.200.202406132123/tools/bin/../lib/gcc/arm-none-eabi/12.3.1/../../../../arm-none-eabi/lib/thumb/v7-m/nofp/libc_nano.a(libc_a-realloc.o)
                0x080a3584                realloc
 .text._realloc_r
                0x080a3594       0x5c /home/emanuele/st/stm32cubeide_1.15.0/plugins/com.st.stm32cube.ide.mcu.externaltools.gnu-tools-for-stm32.12.3.rel1.linux64_1.0.200.202406132123/tools/bin/../lib/gcc/arm-none-eabi/12.3.1/../../../../arm-none-eabi/lib/thumb/v7-m/nofp/libc_nano.a(libc_a-reallocr.o)
                0x080a3594                _realloc_r
 .text.std      0x080a35f0       0x6c /home/emanuele/st/stm32cubeide_1.15.0/plugins/com.st.stm32cube.ide.mcu.externaltools.gnu-tools-for-stm32.12.3.rel1.linux64_1.0.200.202406132123/tools/bin/../lib/gcc/arm-none-eabi/12.3.1/../../../../arm-none-eabi/lib/thumb/v7-m/nofp/libc_nano.a(libc_a-findfp.o)
 .text.stdio_exit_handler
                0x080a365c       0x18 /home/emanuele/st/stm32cubeide_1.15.0/plugins/com.st.stm32cube.ide.mcu.externaltools.gnu-tools-for-stm32.12.3.rel1.linux64_1.0.200.202406132123/tools/bin/../lib/gcc/arm-none-eabi/12.3.1/../../../../arm-none-eabi/lib/thumb/v7-m/nofp/libc_nano.a(libc_a-findfp.o)
 .text.cleanup_stdio
                0x080a3674       0x40 /home/emanuele/st/stm32cubeide_1.15.0/plugins/com.st.stm32cube.ide.mcu.externaltools.gnu-tools-for-stm32.12.3.rel1.linux64_1.0.200.202406132123/tools/bin/../lib/gcc/arm-none-eabi/12.3.1/../../../../arm-none-eabi/lib/thumb/v7-m/nofp/libc_nano.a(libc_a-findfp.o)
 .text.global_stdio_init.part.0
                0x080a36b4       0x3c /home/emanuele/st/stm32cubeide_1.15.0/plugins/com.st.stm32cube.ide.mcu.externaltools.gnu-tools-for-stm32.12.3.rel1.linux64_1.0.200.202406132123/tools/bin/../lib/gcc/arm-none-eabi/12.3.1/../../../../arm-none-eabi/lib/thumb/v7-m/nofp/libc_nano.a(libc_a-findfp.o)
 .text.__sfp_lock_acquire
                0x080a36f0        0xc /home/emanuele/st/stm32cubeide_1.15.0/plugins/com.st.stm32cube.ide.mcu.externaltools.gnu-tools-for-stm32.12.3.rel1.linux64_1.0.200.202406132123/tools/bin/../lib/gcc/arm-none-eabi/12.3.1/../../../../arm-none-eabi/lib/thumb/v7-m/nofp/libc_nano.a(libc_a-findfp.o)
                0x080a36f0                __sfp_lock_acquire
 .text.__sfp_lock_release
                0x080a36fc        0xc /home/emanuele/st/stm32cubeide_1.15.0/plugins/com.st.stm32cube.ide.mcu.externaltools.gnu-tools-for-stm32.12.3.rel1.linux64_1.0.200.202406132123/tools/bin/../lib/gcc/arm-none-eabi/12.3.1/../../../../arm-none-eabi/lib/thumb/v7-m/nofp/libc_nano.a(libc_a-findfp.o)
                0x080a36fc                __sfp_lock_release
 .text.__sinit  0x080a3708       0x30 /home/emanuele/st/stm32cubeide_1.15.0/plugins/com.st.stm32cube.ide.mcu.externaltools.gnu-tools-for-stm32.12.3.rel1.linux64_1.0.200.202406132123/tools/bin/../lib/gcc/arm-none-eabi/12.3.1/../../../../arm-none-eabi/lib/thumb/v7-m/nofp/libc_nano.a(libc_a-findfp.o)
                0x080a3708                __sinit
 .text._fwalk_sglue
                0x080a3738       0x3c /home/emanuele/st/stm32cubeide_1.15.0/plugins/com.st.stm32cube.ide.mcu.externaltools.gnu-tools-for-stm32.12.3.rel1.linux64_1.0.200.202406132123/tools/bin/../lib/gcc/arm-none-eabi/12.3.1/../../../../arm-none-eabi/lib/thumb/v7-m/nofp/libc_nano.a(libc_a-fwalk.o)
                0x080a3738                _fwalk_sglue
 .text.printf   0x080a3774       0x24 /home/emanuele/st/stm32cubeide_1.15.0/plugins/com.st.stm32cube.ide.mcu.externaltools.gnu-tools-for-stm32.12.3.rel1.linux64_1.0.200.202406132123/tools/bin/../lib/gcc/arm-none-eabi/12.3.1/../../../../arm-none-eabi/lib/thumb/v7-m/nofp/libc_nano.a(libc_a-printf.o)
                0x080a3774                printf
                0x080a3774                iprintf
 .text.putchar  0x080a3798       0x10 /home/emanuele/st/stm32cubeide_1.15.0/plugins/com.st.stm32cube.ide.mcu.externaltools.gnu-tools-for-stm32.12.3.rel1.linux64_1.0.200.202406132123/tools/bin/../lib/gcc/arm-none-eabi/12.3.1/../../../../arm-none-eabi/lib/thumb/v7-m/nofp/libc_nano.a(libc_a-putchar.o)
                0x080a3798                putchar
 .text._puts_r  0x080a37a8       0xaa /home/emanuele/st/stm32cubeide_1.15.0/plugins/com.st.stm32cube.ide.mcu.externaltools.gnu-tools-for-stm32.12.3.rel1.linux64_1.0.200.202406132123/tools/bin/../lib/gcc/arm-none-eabi/12.3.1/../../../../arm-none-eabi/lib/thumb/v7-m/nofp/libc_nano.a(libc_a-puts.o)
                0x080a37a8                _puts_r
 *fill*         0x080a3852        0x2 
 .text.puts     0x080a3854       0x10 /home/emanuele/st/stm32cubeide_1.15.0/plugins/com.st.stm32cube.ide.mcu.externaltools.gnu-tools-for-stm32.12.3.rel1.linux64_1.0.200.202406132123/tools/bin/../lib/gcc/arm-none-eabi/12.3.1/../../../../arm-none-eabi/lib/thumb/v7-m/nofp/libc_nano.a(libc_a-puts.o)
                0x080a3854                puts
 .text.__sread  0x080a3864       0x22 /home/emanuele/st/stm32cubeide_1.15.0/plugins/com.st.stm32cube.ide.mcu.externaltools.gnu-tools-for-stm32.12.3.rel1.linux64_1.0.200.202406132123/tools/bin/../lib/gcc/arm-none-eabi/12.3.1/../../../../arm-none-eabi/lib/thumb/v7-m/nofp/libc_nano.a(libc_a-stdio.o)
                0x080a3864                __sread
 .text.__swrite
                0x080a3886       0x38 /home/emanuele/st/stm32cubeide_1.15.0/plugins/com.st.stm32cube.ide.mcu.externaltools.gnu-tools-for-stm32.12.3.rel1.linux64_1.0.200.202406132123/tools/bin/../lib/gcc/arm-none-eabi/12.3.1/../../../../arm-none-eabi/lib/thumb/v7-m/nofp/libc_nano.a(libc_a-stdio.o)
                0x080a3886                __swrite
 .text.__sseek  0x080a38be       0x24 /home/emanuele/st/stm32cubeide_1.15.0/plugins/com.st.stm32cube.ide.mcu.externaltools.gnu-tools-for-stm32.12.3.rel1.linux64_1.0.200.202406132123/tools/bin/../lib/gcc/arm-none-eabi/12.3.1/../../../../arm-none-eabi/lib/thumb/v7-m/nofp/libc_nano.a(libc_a-stdio.o)
                0x080a38be                __sseek
 .text.__sclose
                0x080a38e2        0x8 /home/emanuele/st/stm32cubeide_1.15.0/plugins/com.st.stm32cube.ide.mcu.externaltools.gnu-tools-for-stm32.12.3.rel1.linux64_1.0.200.202406132123/tools/bin/../lib/gcc/arm-none-eabi/12.3.1/../../../../arm-none-eabi/lib/thumb/v7-m/nofp/libc_nano.a(libc_a-stdio.o)
                0x080a38e2                __sclose
 .text.__swbuf_r
                0x080a38ea       0x7c /home/emanuele/st/stm32cubeide_1.15.0/plugins/com.st.stm32cube.ide.mcu.externaltools.gnu-tools-for-stm32.12.3.rel1.linux64_1.0.200.202406132123/tools/bin/../lib/gcc/arm-none-eabi/12.3.1/../../../../arm-none-eabi/lib/thumb/v7-m/nofp/libc_nano.a(libc_a-wbuf.o)
                0x080a38ea                __swbuf_r
 *fill*         0x080a3966        0x2 
 .text.__swsetup_r
                0x080a3968       0xac /home/emanuele/st/stm32cubeide_1.15.0/plugins/com.st.stm32cube.ide.mcu.externaltools.gnu-tools-for-stm32.12.3.rel1.linux64_1.0.200.202406132123/tools/bin/../lib/gcc/arm-none-eabi/12.3.1/../../../../arm-none-eabi/lib/thumb/v7-m/nofp/libc_nano.a(libc_a-wsetup.o)
                0x080a3968                __swsetup_r
 .text.memset   0x080a3a14       0x10 /home/emanuele/st/stm32cubeide_1.15.0/plugins/com.st.stm32cube.ide.mcu.externaltools.gnu-tools-for-stm32.12.3.rel1.linux64_1.0.200.202406132123/tools/bin/../lib/gcc/arm-none-eabi/12.3.1/../../../../arm-none-eabi/lib/thumb/v7-m/nofp/libc_nano.a(libc_a-memset.o)
                0x080a3a14                memset
 .text._close_r
                0x080a3a24       0x20 /home/emanuele/st/stm32cubeide_1.15.0/plugins/com.st.stm32cube.ide.mcu.externaltools.gnu-tools-for-stm32.12.3.rel1.linux64_1.0.200.202406132123/tools/bin/../lib/gcc/arm-none-eabi/12.3.1/../../../../arm-none-eabi/lib/thumb/v7-m/nofp/libc_nano.a(libc_a-closer.o)
                0x080a3a24                _close_r
 .text._lseek_r
                0x080a3a44       0x24 /home/emanuele/st/stm32cubeide_1.15.0/plugins/com.st.stm32cube.ide.mcu.externaltools.gnu-tools-for-stm32.12.3.rel1.linux64_1.0.200.202406132123/tools/bin/../lib/gcc/arm-none-eabi/12.3.1/../../../../arm-none-eabi/lib/thumb/v7-m/nofp/libc_nano.a(libc_a-lseekr.o)
                0x080a3a44                _lseek_r
 .text._read_r  0x080a3a68       0x24 /home/emanuele/st/stm32cubeide_1.15.0/plugins/com.st.stm32cube.ide.mcu.externaltools.gnu-tools-for-stm32.12.3.rel1.linux64_1.0.200.202406132123/tools/bin/../lib/gcc/arm-none-eabi/12.3.1/../../../../arm-none-eabi/lib/thumb/v7-m/nofp/libc_nano.a(libc_a-readr.o)
                0x080a3a68                _read_r
 .text._sbrk_r  0x080a3a8c       0x20 /home/emanuele/st/stm32cubeide_1.15.0/plugins/com.st.stm32cube.ide.mcu.externaltools.gnu-tools-for-stm32.12.3.rel1.linux64_1.0.200.202406132123/tools/bin/../lib/gcc/arm-none-eabi/12.3.1/../../../../arm-none-eabi/lib/thumb/v7-m/nofp/libc_nano.a(libc_a-sbrkr.o)
                0x080a3a8c                _sbrk_r
 .text._write_r
                0x080a3aac       0x24 /home/emanuele/st/stm32cubeide_1.15.0/plugins/com.st.stm32cube.ide.mcu.externaltools.gnu-tools-for-stm32.12.3.rel1.linux64_1.0.200.202406132123/tools/bin/../lib/gcc/arm-none-eabi/12.3.1/../../../../arm-none-eabi/lib/thumb/v7-m/nofp/libc_nano.a(libc_a-writer.o)
                0x080a3aac                _write_r
 .text.__errno  0x080a3ad0        0xc /home/emanuele/st/stm32cubeide_1.15.0/plugins/com.st.stm32cube.ide.mcu.externaltools.gnu-tools-for-stm32.12.3.rel1.linux64_1.0.200.202406132123/tools/bin/../lib/gcc/arm-none-eabi/12.3.1/../../../../arm-none-eabi/lib/thumb/v7-m/nofp/libc_nano.a(libc_a-errno.o)
                0x080a3ad0                __errno
 .text.__libc_init_array
                0x080a3adc       0x48 /home/emanuele/st/stm32cubeide_1.15.0/plugins/com.st.stm32cube.ide.mcu.externaltools.gnu-tools-for-stm32.12.3.rel1.linux64_1.0.200.202406132123/tools/bin/../lib/gcc/arm-none-eabi/12.3.1/../../../../arm-none-eabi/lib/thumb/v7-m/nofp/libc_nano.a(libc_a-init.o)
                0x080a3adc                __libc_init_array
 .text.__retarget_lock_init_recursive
                0x080a3b24        0x2 /home/emanuele/st/stm32cubeide_1.15.0/plugins/com.st.stm32cube.ide.mcu.externaltools.gnu-tools-for-stm32.12.3.rel1.linux64_1.0.200.202406132123/tools/bin/../lib/gcc/arm-none-eabi/12.3.1/../../../../arm-none-eabi/lib/thumb/v7-m/nofp/libc_nano.a(libc_a-lock.o)
                0x080a3b24                __retarget_lock_init_recursive
 .text.__retarget_lock_acquire_recursive
                0x080a3b26        0x2 /home/emanuele/st/stm32cubeide_1.15.0/plugins/com.st.stm32cube.ide.mcu.externaltools.gnu-tools-for-stm32.12.3.rel1.linux64_1.0.200.202406132123/tools/bin/../lib/gcc/arm-none-eabi/12.3.1/../../../../arm-none-eabi/lib/thumb/v7-m/nofp/libc_nano.a(libc_a-lock.o)
                0x080a3b26                __retarget_lock_acquire_recursive
 .text.__retarget_lock_release_recursive
                0x080a3b28        0x2 /home/emanuele/st/stm32cubeide_1.15.0/plugins/com.st.stm32cube.ide.mcu.externaltools.gnu-tools-for-stm32.12.3.rel1.linux64_1.0.200.202406132123/tools/bin/../lib/gcc/arm-none-eabi/12.3.1/../../../../arm-none-eabi/lib/thumb/v7-m/nofp/libc_nano.a(libc_a-lock.o)
                0x080a3b28                __retarget_lock_release_recursive
 .text.memcpy   0x080a3b2a       0x1c /home/emanuele/st/stm32cubeide_1.15.0/plugins/com.st.stm32cube.ide.mcu.externaltools.gnu-tools-for-stm32.12.3.rel1.linux64_1.0.200.202406132123/tools/bin/../lib/gcc/arm-none-eabi/12.3.1/../../../../arm-none-eabi/lib/thumb/v7-m/nofp/libc_nano.a(libc_a-memcpy-stub.o)
                0x080a3b2a                memcpy
 *fill*         0x080a3b46        0x2 
 .text._free_r  0x080a3b48       0x90 /home/emanuele/st/stm32cubeide_1.15.0/plugins/com.st.stm32cube.ide.mcu.externaltools.gnu-tools-for-stm32.12.3.rel1.linux64_1.0.200.202406132123/tools/bin/../lib/gcc/arm-none-eabi/12.3.1/../../../../arm-none-eabi/lib/thumb/v7-m/nofp/libc_nano.a(libc_a-freer.o)
                0x080a3b48                _free_r
 .text._malloc_usable_size_r
                0x080a3bd8       0x10 /home/emanuele/st/stm32cubeide_1.15.0/plugins/com.st.stm32cube.ide.mcu.externaltools.gnu-tools-for-stm32.12.3.rel1.linux64_1.0.200.202406132123/tools/bin/../lib/gcc/arm-none-eabi/12.3.1/../../../../arm-none-eabi/lib/thumb/v7-m/nofp/libc_nano.a(libc_a-msizer.o)
                0x080a3bd8                _malloc_usable_size_r
 .text.__sfputc_r
                0x080a3be8       0x2a /home/emanuele/st/stm32cubeide_1.15.0/plugins/com.st.stm32cube.ide.mcu.externaltools.gnu-tools-for-stm32.12.3.rel1.linux64_1.0.200.202406132123/tools/bin/../lib/gcc/arm-none-eabi/12.3.1/../../../../arm-none-eabi/lib/thumb/v7-m/nofp/libc_nano.a(libc_a-nano-vfprintf.o)
 .text.__sfputs_r
                0x080a3c12       0x24 /home/emanuele/st/stm32cubeide_1.15.0/plugins/com.st.stm32cube.ide.mcu.externaltools.gnu-tools-for-stm32.12.3.rel1.linux64_1.0.200.202406132123/tools/bin/../lib/gcc/arm-none-eabi/12.3.1/../../../../arm-none-eabi/lib/thumb/v7-m/nofp/libc_nano.a(libc_a-nano-vfprintf.o)
                0x080a3c12                __sfputs_r
 *fill*         0x080a3c36        0x2 
 .text._vfprintf_r
                0x080a3c38      0x230 /home/emanuele/st/stm32cubeide_1.15.0/plugins/com.st.stm32cube.ide.mcu.externaltools.gnu-tools-for-stm32.12.3.rel1.linux64_1.0.200.202406132123/tools/bin/../lib/gcc/arm-none-eabi/12.3.1/../../../../arm-none-eabi/lib/thumb/v7-m/nofp/libc_nano.a(libc_a-nano-vfprintf.o)
                0x080a3c38                _vfiprintf_r
                0x080a3c38                _vfprintf_r
 .text._printf_common
                0x080a3e68       0xe4 /home/emanuele/st/stm32cubeide_1.15.0/plugins/com.st.stm32cube.ide.mcu.externaltools.gnu-tools-for-stm32.12.3.rel1.linux64_1.0.200.202406132123/tools/bin/../lib/gcc/arm-none-eabi/12.3.1/../../../../arm-none-eabi/lib/thumb/v7-m/nofp/libc_nano.a(libc_a-nano-vfprintf_i.o)
                0x080a3e68                _printf_common
 .text._printf_i
                0x080a3f4c      0x240 /home/emanuele/st/stm32cubeide_1.15.0/plugins/com.st.stm32cube.ide.mcu.externaltools.gnu-tools-for-stm32.12.3.rel1.linux64_1.0.200.202406132123/tools/bin/../lib/gcc/arm-none-eabi/12.3.1/../../../../arm-none-eabi/lib/thumb/v7-m/nofp/libc_nano.a(libc_a-nano-vfprintf_i.o)
                0x080a3f4c                _printf_i
 .text.__sflush_r
                0x080a418c      0x100 /home/emanuele/st/stm32cubeide_1.15.0/plugins/com.st.stm32cube.ide.mcu.externaltools.gnu-tools-for-stm32.12.3.rel1.linux64_1.0.200.202406132123/tools/bin/../lib/gcc/arm-none-eabi/12.3.1/../../../../arm-none-eabi/lib/thumb/v7-m/nofp/libc_nano.a(libc_a-fflush.o)
                0x080a418c                __sflush_r
 .text._fflush_r
                0x080a428c       0x50 /home/emanuele/st/stm32cubeide_1.15.0/plugins/com.st.stm32cube.ide.mcu.externaltools.gnu-tools-for-stm32.12.3.rel1.linux64_1.0.200.202406132123/tools/bin/../lib/gcc/arm-none-eabi/12.3.1/../../../../arm-none-eabi/lib/thumb/v7-m/nofp/libc_nano.a(libc_a-fflush.o)
                0x080a428c                _fflush_r
 .text.__swhatbuf_r
                0x080a42dc       0x4a /home/emanuele/st/stm32cubeide_1.15.0/plugins/com.st.stm32cube.ide.mcu.externaltools.gnu-tools-for-stm32.12.3.rel1.linux64_1.0.200.202406132123/tools/bin/../lib/gcc/arm-none-eabi/12.3.1/../../../../arm-none-eabi/lib/thumb/v7-m/nofp/libc_nano.a(libc_a-makebuf.o)
                0x080a42dc                __swhatbuf_r
 .text.__smakebuf_r
                0x080a4326       0x78 /home/emanuele/st/stm32cubeide_1.15.0/plugins/com.st.stm32cube.ide.mcu.externaltools.gnu-tools-for-stm32.12.3.rel1.linux64_1.0.200.202406132123/tools/bin/../lib/gcc/arm-none-eabi/12.3.1/../../../../arm-none-eabi/lib/thumb/v7-m/nofp/libc_nano.a(libc_a-makebuf.o)
                0x080a4326                __smakebuf_r
 .text._putc_r  0x080a439e       0x68 /home/emanuele/st/stm32cubeide_1.15.0/plugins/com.st.stm32cube.ide.mcu.externaltools.gnu-tools-for-stm32.12.3.rel1.linux64_1.0.200.202406132123/tools/bin/../lib/gcc/arm-none-eabi/12.3.1/../../../../arm-none-eabi/lib/thumb/v7-m/nofp/libc_nano.a(libc_a-putc.o)
                0x080a439e                _putc_r
 *fill*         0x080a4406        0x2 
 .text._fstat_r
                0x080a4408       0x24 /home/emanuele/st/stm32cubeide_1.15.0/plugins/com.st.stm32cube.ide.mcu.externaltools.gnu-tools-for-stm32.12.3.rel1.linux64_1.0.200.202406132123/tools/bin/../lib/gcc/arm-none-eabi/12.3.1/../../../../arm-none-eabi/lib/thumb/v7-m/nofp/libc_nano.a(libc_a-fstatr.o)
                0x080a4408                _fstat_r
 .text._isatty_r
                0x080a442c       0x20 /home/emanuele/st/stm32cubeide_1.15.0/plugins/com.st.stm32cube.ide.mcu.externaltools.gnu-tools-for-stm32.12.3.rel1.linux64_1.0.200.202406132123/tools/bin/../lib/gcc/arm-none-eabi/12.3.1/../../../../arm-none-eabi/lib/thumb/v7-m/nofp/libc_nano.a(libc_a-isattyr.o)
                0x080a442c                _isatty_r
 .text.memchr   0x080a444c       0x1c /home/emanuele/st/stm32cubeide_1.15.0/plugins/com.st.stm32cube.ide.mcu.externaltools.gnu-tools-for-stm32.12.3.rel1.linux64_1.0.200.202406132123/tools/bin/../lib/gcc/arm-none-eabi/12.3.1/../../../../arm-none-eabi/lib/thumb/v7-m/nofp/libc_nano.a(libc_a-memchr-stub.o)
                0x080a444c                memchr
 *(.glue_7)
 .glue_7        0x080a4468        0x0 linker stubs
 *(.glue_7t)
 .glue_7t       0x080a4468        0x0 linker stubs
 *(.eh_frame)
 .eh_frame      0x080a4468        0x0 /home/emanuele/st/stm32cubeide_1.15.0/plugins/com.st.stm32cube.ide.mcu.externaltools.gnu-tools-for-stm32.12.3.rel1.linux64_1.0.200.202406132123/tools/bin/../lib/gcc/arm-none-eabi/12.3.1/thumb/v7-m/nofp/crtbegin.o
 *(.init)
 .init          0x080a4468        0x4 /home/emanuele/st/stm32cubeide_1.15.0/plugins/com.st.stm32cube.ide.mcu.externaltools.gnu-tools-for-stm32.12.3.rel1.linux64_1.0.200.202406132123/tools/bin/../lib/gcc/arm-none-eabi/12.3.1/thumb/v7-m/nofp/crti.o
                0x080a4468                _init
 .init          0x080a446c        0x8 /home/emanuele/st/stm32cubeide_1.15.0/plugins/com.st.stm32cube.ide.mcu.externaltools.gnu-tools-for-stm32.12.3.rel1.linux64_1.0.200.202406132123/tools/bin/../lib/gcc/arm-none-eabi/12.3.1/thumb/v7-m/nofp/crtn.o
 *(.fini)
 .fini          0x080a4474        0x4 /home/emanuele/st/stm32cubeide_1.15.0/plugins/com.st.stm32cube.ide.mcu.externaltools.gnu-tools-for-stm32.12.3.rel1.linux64_1.0.200.202406132123/tools/bin/../lib/gcc/arm-none-eabi/12.3.1/thumb/v7-m/nofp/crti.o
                0x080a4474                _fini
 .fini          0x080a4478        0x8 /home/emanuele/st/stm32cubeide_1.15.0/plugins/com.st.stm32cube.ide.mcu.externaltools.gnu-tools-for-stm32.12.3.rel1.linux64_1.0.200.202406132123/tools/bin/../lib/gcc/arm-none-eabi/12.3.1/thumb/v7-m/nofp/crtn.o
                0x080a4480                        . = ALIGN (0x4)
                0x080a4480                        _etext = .

.vfp11_veneer   0x080a4480        0x0
 .vfp11_veneer  0x080a4480        0x0 linker stubs

.v4_bx          0x080a4480        0x0
 .v4_bx         0x080a4480        0x0 linker stubs

.iplt           0x080a4480        0x0
 .iplt          0x080a4480        0x0 /home/emanuele/st/stm32cubeide_1.15.0/plugins/com.st.stm32cube.ide.mcu.externaltools.gnu-tools-for-stm32.12.3.rel1.linux64_1.0.200.202406132123/tools/bin/../lib/gcc/arm-none-eabi/12.3.1/thumb/v7-m/nofp/crtbegin.o

.rodata         0x080a4480      0x834
                0x080a4480                        . = ALIGN (0x4)
 *(.rodata)
 .rodata        0x080a4480       0x38 Build/main.o
 *(.rodata*)
 .rodata.ta_bitcoin_cmd_check_masterkey.str1.4
                0x080a44b8       0xf3 Build/main.o
 *fill*         0x080a45ab        0x1 
 .rodata.ta_bitcoin_cmd_erase_masterkey.str1.4
                0x080a45ac       0x4e Build/main.o
 *fill*         0x080a45fa        0x2 
 .rodata.ta_bitcoin_cmd_mnemonic_to_masterkey.str1.4
                0x080a45fc       0x36 Build/main.o
 *fill*         0x080a4632        0x2 
 .rodata.ta_bitcoin_cmd_generate_new_masterkey.str1.4
                0x080a4634       0x46 Build/main.o
 *fill*         0x080a467a        0x2 
 .rodata.print_uint8.str1.4
                0x080a467c        0x3 Build/main.o
 *fill*         0x080a467f        0x1 
 .rodata.ta_bitcoin_cmd_get_bitcoin_address.str1.4
                0x080a4680       0x9c Build/main.o
 .rodata.ta_bitcoin_cmd_issue_transactions.str1.4
                0x080a471c       0x9c Build/main.o
 .rodata.main.str1.4
                0x080a47b8      0x119 Build/main.o
 *fill*         0x080a48d1        0x3 
 .rodata.__func__.0
                0x080a48d4       0x23 Build/main.o
 *fill*         0x080a48f7        0x1 
 .rodata.__func__.1
                0x080a48f8       0x22 Build/main.o
 *fill*         0x080a491a        0x2 
 .rodata.__func__.2
                0x080a491c       0x1f Build/main.o
 *fill*         0x080a493b        0x1 
 .rodata.__func__.3
                0x080a493c       0x25 Build/main.o
 *fill*         0x080a4961        0x3 
 .rodata.__func__.4
                0x080a4964       0x26 Build/main.o
 *fill*         0x080a498a        0x2 
 .rodata.__func__.5
                0x080a498c       0x1f Build/main.o
 *fill*         0x080a49ab        0x1 
 .rodata.__func__.6
                0x080a49ac        0x5 Build/main.o
 *fill*         0x080a49b1        0x3 
 .rodata.MSIRangeTable
                0x080a49b4       0x30 Build/system_stm32l4xx.o
                0x080a49b4                MSIRangeTable
 .rodata.APBPrescTable
                0x080a49e4        0x8 Build/system_stm32l4xx.o
                0x080a49e4                APBPrescTable
 .rodata.AHBPrescTable
                0x080a49ec       0x10 Build/system_stm32l4xx.o
                0x080a49ec                AHBPrescTable
 .rodata.check_context.str1.4
                0x080a49fc       0x81 Build/tee_client_api.o
 *fill*         0x080a4a7d        0x3 
 .rodata.TEEC_InitializeContext.str1.4
                0x080a4a80       0x3a Build/tee_client_api.o
 *fill*         0x080a4aba        0x2 
 .rodata.TEEC_FinalizeContext.str1.4
                0x080a4abc       0x33 Build/tee_client_api.o
 *fill*         0x080a4aef        0x1 
 .rodata.TEEC_OpenSession.str1.4
                0x080a4af0       0x2b Build/tee_client_api.o
 *fill*         0x080a4b1b        0x1 
 .rodata.TEEC_CloseSession.str1.4
                0x080a4b1c       0x30 Build/tee_client_api.o
 .rodata.TEEC_InvokeCommand.str1.4
                0x080a4b4c       0xb6 Build/tee_client_api.o
 *fill*         0x080a4c02        0x2 
 .rodata.__func__.1
                0x080a4c04       0x13 Build/tee_client_api.o
 *fill*         0x080a4c17        0x1 
 .rodata.__func__.2
                0x080a4c18       0x12 Build/tee_client_api.o
 *fill*         0x080a4c2a        0x2 
 .rodata.__func__.3
                0x080a4c2c        0xe Build/tee_client_api.o
 *fill*         0x080a4c3a        0x2 
 .rodata.__func__.4
                0x080a4c3c       0x11 Build/tee_client_api.o
 *fill*         0x080a4c4d        0x3 
 .rodata.__func__.5
                0x080a4c50       0x15 Build/tee_client_api.o
 *fill*         0x080a4c65        0x3 
 .rodata.__func__.6
                0x080a4c68       0x17 Build/tee_client_api.o
 .rodata._vfprintf_r.str1.1
                0x080a4c7f       0x11 /home/emanuele/st/stm32cubeide_1.15.0/plugins/com.st.stm32cube.ide.mcu.externaltools.gnu-tools-for-stm32.12.3.rel1.linux64_1.0.200.202406132123/tools/bin/../lib/gcc/arm-none-eabi/12.3.1/../../../../arm-none-eabi/lib/thumb/v7-m/nofp/libc_nano.a(libc_a-nano-vfprintf.o)
 .rodata._printf_i.str1.1
                0x080a4c90       0x22 /home/emanuele/st/stm32cubeide_1.15.0/plugins/com.st.stm32cube.ide.mcu.externaltools.gnu-tools-for-stm32.12.3.rel1.linux64_1.0.200.202406132123/tools/bin/../lib/gcc/arm-none-eabi/12.3.1/../../../../arm-none-eabi/lib/thumb/v7-m/nofp/libc_nano.a(libc_a-nano-vfprintf_i.o)
                0x080a4cb4                        . = ALIGN (0x4)
 *fill*         0x080a4cb2        0x2 

.ARM.extab      0x080a4cb4        0x0
                0x080a4cb4                        . = ALIGN (0x4)
 *(.ARM.extab* .gnu.linkonce.armextab.*)
                0x080a4cb4                        . = ALIGN (0x4)

.ARM            0x080a4cb4        0x8
                0x080a4cb4                        . = ALIGN (0x4)
                0x080a4cb4                        __exidx_start = .
 *(.ARM.exidx*)
 .ARM.exidx     0x080a4cb4        0x8 /home/emanuele/st/stm32cubeide_1.15.0/plugins/com.st.stm32cube.ide.mcu.externaltools.gnu-tools-for-stm32.12.3.rel1.linux64_1.0.200.202406132123/tools/bin/../lib/gcc/arm-none-eabi/12.3.1/../../../../arm-none-eabi/lib/thumb/v7-m/nofp/libc_nano.a(libc_a-strlen.o)
 .ARM.exidx     0x080a4cbc        0x0 /home/emanuele/st/stm32cubeide_1.15.0/plugins/com.st.stm32cube.ide.mcu.externaltools.gnu-tools-for-stm32.12.3.rel1.linux64_1.0.200.202406132123/tools/bin/../lib/gcc/arm-none-eabi/12.3.1/thumb/v7-m/nofp/libgcc.a(_udivmoddi4.o)
                                  0x8 (size before relaxing)
                0x080a4cbc                        __exidx_end = .
                0x080a4cbc                        . = ALIGN (0x4)

.rel.dyn        0x080a4cbc        0x0
 .rel.iplt      0x080a4cbc        0x0 /home/emanuele/st/stm32cubeide_1.15.0/plugins/com.st.stm32cube.ide.mcu.externaltools.gnu-tools-for-stm32.12.3.rel1.linux64_1.0.200.202406132123/tools/bin/../lib/gcc/arm-none-eabi/12.3.1/thumb/v7-m/nofp/crtbegin.o

.preinit_array  0x080a4cbc        0x0
                0x080a4cbc                        . = ALIGN (0x4)
                0x080a4cbc                        PROVIDE (__preinit_array_start = .)
 *(.preinit_array*)
                0x080a4cbc                        PROVIDE (__preinit_array_end = .)
                0x080a4cbc                        . = ALIGN (0x4)

.init_array     0x080a4cbc        0x4
                0x080a4cbc                        . = ALIGN (0x4)
                0x080a4cbc                        PROVIDE (__init_array_start = .)
 *(SORT_BY_NAME(.init_array.*))
 *(.init_array*)
 .init_array    0x080a4cbc        0x4 /home/emanuele/st/stm32cubeide_1.15.0/plugins/com.st.stm32cube.ide.mcu.externaltools.gnu-tools-for-stm32.12.3.rel1.linux64_1.0.200.202406132123/tools/bin/../lib/gcc/arm-none-eabi/12.3.1/thumb/v7-m/nofp/crtbegin.o
                0x080a4cc0                        PROVIDE (__init_array_end = .)
                0x080a4cc0                        . = ALIGN (0x4)

.fini_array     0x080a4cc0        0x4
                0x080a4cc0                        . = ALIGN (0x4)
                [!provide]                        PROVIDE (__fini_array_start = .)
 *(SORT_BY_NAME(.fini_array.*))
 *(.fini_array*)
 .fini_array    0x080a4cc0        0x4 /home/emanuele/st/stm32cubeide_1.15.0/plugins/com.st.stm32cube.ide.mcu.externaltools.gnu-tools-for-stm32.12.3.rel1.linux64_1.0.200.202406132123/tools/bin/../lib/gcc/arm-none-eabi/12.3.1/thumb/v7-m/nofp/crtbegin.o
                [!provide]                        PROVIDE (__fini_array_end = .)
                0x080a4cc4                        . = ALIGN (0x4)
                0x080a4cc4                        _sidata = LOADADDR (.data)

.data           0x10004000       0x80 load address 0x080a4cc4
                0x10004000                        . = ALIGN (0x4)
                0x10004000                        _sdata = .
 *(.data)
 *(.data*)
 .data.command_ids
                0x10004000       0x18 Build/main.o
                0x10004000                command_ids
 .data.SystemCoreClock
                0x10004018        0x4 Build/system_stm32l4xx.o
                0x10004018                SystemCoreClock
 .data.uwTickFreq
                0x1000401c        0x1 Build/stm32l4xx_hal.o
                0x1000401c                uwTickFreq
 *fill*         0x1000401d        0x3 
 .data.uwTickPrio
                0x10004020        0x4 Build/stm32l4xx_hal.o
                0x10004020                uwTickPrio
 .data.__sglue  0x10004024        0xc /home/emanuele/st/stm32cubeide_1.15.0/plugins/com.st.stm32cube.ide.mcu.externaltools.gnu-tools-for-stm32.12.3.rel1.linux64_1.0.200.202406132123/tools/bin/../lib/gcc/arm-none-eabi/12.3.1/../../../../arm-none-eabi/lib/thumb/v7-m/nofp/libc_nano.a(libc_a-findfp.o)
                0x10004024                __sglue
 .data._impure_ptr
                0x10004030        0x4 /home/emanuele/st/stm32cubeide_1.15.0/plugins/com.st.stm32cube.ide.mcu.externaltools.gnu-tools-for-stm32.12.3.rel1.linux64_1.0.200.202406132123/tools/bin/../lib/gcc/arm-none-eabi/12.3.1/../../../../arm-none-eabi/lib/thumb/v7-m/nofp/libc_nano.a(libc_a-impure.o)
                0x10004030                _impure_ptr
 .data._impure_data
                0x10004034       0x4c /home/emanuele/st/stm32cubeide_1.15.0/plugins/com.st.stm32cube.ide.mcu.externaltools.gnu-tools-for-stm32.12.3.rel1.linux64_1.0.200.202406132123/tools/bin/../lib/gcc/arm-none-eabi/12.3.1/../../../../arm-none-eabi/lib/thumb/v7-m/nofp/libc_nano.a(libc_a-impure.o)
                0x10004034                _impure_data
 *(.RamFunc)
 *(.RamFunc*)
                0x10004080                        . = ALIGN (0x4)
                0x10004080                        _edata = .

.igot.plt       0x10004080        0x0 load address 0x080a4d44
 .igot.plt      0x10004080        0x0 /home/emanuele/st/stm32cubeide_1.15.0/plugins/com.st.stm32cube.ide.mcu.externaltools.gnu-tools-for-stm32.12.3.rel1.linux64_1.0.200.202406132123/tools/bin/../lib/gcc/arm-none-eabi/12.3.1/thumb/v7-m/nofp/crtbegin.o

.myvars
 *(.myvars*)
                0x10004080                        . = ALIGN (0x4)

.bss            0x10004080      0x210
                0x10004080                        _sbss = .
                0x10004080                        __bss_start__ = _sbss
 *(.bss)
 .bss           0x10004080       0x1c /home/emanuele/st/stm32cubeide_1.15.0/plugins/com.st.stm32cube.ide.mcu.externaltools.gnu-tools-for-stm32.12.3.rel1.linux64_1.0.200.202406132123/tools/bin/../lib/gcc/arm-none-eabi/12.3.1/thumb/v7-m/nofp/crtbegin.o
 *(.bss*)
 .bss.huart1    0x1000409c       0x88 Build/main.o
                0x1000409c                huart1
 .bss.hrng      0x10004124       0x10 Build/main.o
                0x10004124                hrng
 .bss.__sbrk_heap_end
                0x10004134        0x4 Build/sysmem.o
 .bss.internal_op
                0x10004138        0x8 Build/tee_client_api.o
                0x10004138                internal_op
 .bss.uwTick    0x10004140        0x4 Build/stm32l4xx_hal.o
                0x10004140                uwTick
 .bss.__malloc_sbrk_start
                0x10004144        0x4 /home/emanuele/st/stm32cubeide_1.15.0/plugins/com.st.stm32cube.ide.mcu.externaltools.gnu-tools-for-stm32.12.3.rel1.linux64_1.0.200.202406132123/tools/bin/../lib/gcc/arm-none-eabi/12.3.1/../../../../arm-none-eabi/lib/thumb/v7-m/nofp/libc_nano.a(libc_a-mallocr.o)
                0x10004144                __malloc_sbrk_start
 .bss.__malloc_free_list
                0x10004148        0x4 /home/emanuele/st/stm32cubeide_1.15.0/plugins/com.st.stm32cube.ide.mcu.externaltools.gnu-tools-for-stm32.12.3.rel1.linux64_1.0.200.202406132123/tools/bin/../lib/gcc/arm-none-eabi/12.3.1/../../../../arm-none-eabi/lib/thumb/v7-m/nofp/libc_nano.a(libc_a-mallocr.o)
                0x10004148                __malloc_free_list
 .bss.__sf      0x1000414c      0x138 /home/emanuele/st/stm32cubeide_1.15.0/plugins/com.st.stm32cube.ide.mcu.externaltools.gnu-tools-for-stm32.12.3.rel1.linux64_1.0.200.202406132123/tools/bin/../lib/gcc/arm-none-eabi/12.3.1/../../../../arm-none-eabi/lib/thumb/v7-m/nofp/libc_nano.a(libc_a-findfp.o)
                0x1000414c                __sf
 .bss.__stdio_exit_handler
                0x10004284        0x4 /home/emanuele/st/stm32cubeide_1.15.0/plugins/com.st.stm32cube.ide.mcu.externaltools.gnu-tools-for-stm32.12.3.rel1.linux64_1.0.200.202406132123/tools/bin/../lib/gcc/arm-none-eabi/12.3.1/../../../../arm-none-eabi/lib/thumb/v7-m/nofp/libc_nano.a(libc_a-findfp.o)
                0x10004284                __stdio_exit_handler
 .bss.errno     0x10004288        0x4 /home/emanuele/st/stm32cubeide_1.15.0/plugins/com.st.stm32cube.ide.mcu.externaltools.gnu-tools-for-stm32.12.3.rel1.linux64_1.0.200.202406132123/tools/bin/../lib/gcc/arm-none-eabi/12.3.1/../../../../arm-none-eabi/lib/thumb/v7-m/nofp/libc_nano.a(libc_a-reent.o)
                0x10004288                errno
 .bss.__lock___malloc_recursive_mutex
                0x1000428c        0x1 /home/emanuele/st/stm32cubeide_1.15.0/plugins/com.st.stm32cube.ide.mcu.externaltools.gnu-tools-for-stm32.12.3.rel1.linux64_1.0.200.202406132123/tools/bin/../lib/gcc/arm-none-eabi/12.3.1/../../../../arm-none-eabi/lib/thumb/v7-m/nofp/libc_nano.a(libc_a-lock.o)
                0x1000428c                __lock___malloc_recursive_mutex
 .bss.__lock___sfp_recursive_mutex
                0x1000428d        0x1 /home/emanuele/st/stm32cubeide_1.15.0/plugins/com.st.stm32cube.ide.mcu.externaltools.gnu-tools-for-stm32.12.3.rel1.linux64_1.0.200.202406132123/tools/bin/../lib/gcc/arm-none-eabi/12.3.1/../../../../arm-none-eabi/lib/thumb/v7-m/nofp/libc_nano.a(libc_a-lock.o)
                0x1000428d                __lock___sfp_recursive_mutex
 *(COMMON)
                0x10004290                        . = ALIGN (0x4)
 *fill*         0x1000428e        0x2 
                0x10004290                        _ebss = .
                0x10004290                        __bss_end__ = _ebss

._user_heap_stack
                0x10004290      0x600
                0x10004290                        . = ALIGN (0x8)
                [!provide]                        PROVIDE (end = .)
                0x10004290                        PROVIDE (_end = .)
                0x10004490                        . = (. + _Min_Heap_Size)
 *fill*         0x10004290      0x200 
                0x10004890                        . = (. + _Min_Stack_Size)
 *fill*         0x10004490      0x400 
                0x10004890                        . = ALIGN (0x8)

/DISCARD/
 libc.a(*)
 libm.a(*)
 libgcc.a(*)

.ARM.attributes
                0x00000000       0x29
 *(.ARM.attributes)
 .ARM.attributes
                0x00000000       0x1d /home/emanuele/st/stm32cubeide_1.15.0/plugins/com.st.stm32cube.ide.mcu.externaltools.gnu-tools-for-stm32.12.3.rel1.linux64_1.0.200.202406132123/tools/bin/../lib/gcc/arm-none-eabi/12.3.1/thumb/v7-m/nofp/crti.o
 .ARM.attributes
                0x0000001d       0x2d /home/emanuele/st/stm32cubeide_1.15.0/plugins/com.st.stm32cube.ide.mcu.externaltools.gnu-tools-for-stm32.12.3.rel1.linux64_1.0.200.202406132123/tools/bin/../lib/gcc/arm-none-eabi/12.3.1/thumb/v7-m/nofp/crtbegin.o
 .ARM.attributes
                0x0000004a       0x2d Build/main.o
 .ARM.attributes
                0x00000077       0x2d Build/stm32l4xx_hal_msp.o
 .ARM.attributes
                0x000000a4       0x2d Build/stm32l4xx_it.o
 .ARM.attributes
                0x000000d1       0x2d Build/syscalls.o
 .ARM.attributes
                0x000000fe       0x2d Build/sysmem.o
 .ARM.attributes
                0x0000012b       0x2d Build/system_stm32l4xx.o
 .ARM.attributes
                0x00000158       0x2d Build/tee_client_api.o
 .ARM.attributes
                0x00000185       0x2d Build/stm32l4xx_hal_cortex.o
 .ARM.attributes
                0x000001b2       0x2d Build/stm32l4xx_hal_gpio.o
 .ARM.attributes
                0x000001df       0x2d Build/stm32l4xx_hal_pwr.o
 .ARM.attributes
                0x0000020c       0x2d Build/stm32l4xx_hal_pwr_ex.o
 .ARM.attributes
                0x00000239       0x2d Build/stm32l4xx_hal_rcc.o
 .ARM.attributes
                0x00000266       0x2d Build/stm32l4xx_hal_rcc_ex.o
 .ARM.attributes
                0x00000293       0x2d Build/stm32l4xx_hal_rng.o
 .ARM.attributes
                0x000002c0       0x2d Build/stm32l4xx_hal_uart.o
 .ARM.attributes
                0x000002ed       0x2d Build/stm32l4xx_hal.o
 .ARM.attributes
                0x0000031a       0x2d Build/tx.o
 .ARM.attributes
                0x00000347       0x1b Build/startup_stm32l475vgtx.o
 .ARM.attributes
                0x00000362       0x2d /home/emanuele/st/stm32cubeide_1.15.0/plugins/com.st.stm32cube.ide.mcu.externaltools.gnu-tools-for-stm32.12.3.rel1.linux64_1.0.200.202406132123/tools/bin/../lib/gcc/arm-none-eabi/12.3.1/../../../../arm-none-eabi/lib/thumb/v7-m/nofp/libc_nano.a(libc_a-calloc.o)
 .ARM.attributes
                0x0000038f       0x2d /home/emanuele/st/stm32cubeide_1.15.0/plugins/com.st.stm32cube.ide.mcu.externaltools.gnu-tools-for-stm32.12.3.rel1.linux64_1.0.200.202406132123/tools/bin/../lib/gcc/arm-none-eabi/12.3.1/../../../../arm-none-eabi/lib/thumb/v7-m/nofp/libc_nano.a(libc_a-callocr.o)
 .ARM.attributes
                0x000003bc       0x2d /home/emanuele/st/stm32cubeide_1.15.0/plugins/com.st.stm32cube.ide.mcu.externaltools.gnu-tools-for-stm32.12.3.rel1.linux64_1.0.200.202406132123/tools/bin/../lib/gcc/arm-none-eabi/12.3.1/../../../../arm-none-eabi/lib/thumb/v7-m/nofp/libc_nano.a(libc_a-malloc.o)
 .ARM.attributes
                0x000003e9       0x2d /home/emanuele/st/stm32cubeide_1.15.0/plugins/com.st.stm32cube.ide.mcu.externaltools.gnu-tools-for-stm32.12.3.rel1.linux64_1.0.200.202406132123/tools/bin/../lib/gcc/arm-none-eabi/12.3.1/../../../../arm-none-eabi/lib/thumb/v7-m/nofp/libc_nano.a(libc_a-mallocr.o)
 .ARM.attributes
                0x00000416       0x2d /home/emanuele/st/stm32cubeide_1.15.0/plugins/com.st.stm32cube.ide.mcu.externaltools.gnu-tools-for-stm32.12.3.rel1.linux64_1.0.200.202406132123/tools/bin/../lib/gcc/arm-none-eabi/12.3.1/../../../../arm-none-eabi/lib/thumb/v7-m/nofp/libc_nano.a(libc_a-mlock.o)
 .ARM.attributes
                0x00000443       0x2d /home/emanuele/st/stm32cubeide_1.15.0/plugins/com.st.stm32cube.ide.mcu.externaltools.gnu-tools-for-stm32.12.3.rel1.linux64_1.0.200.202406132123/tools/bin/../lib/gcc/arm-none-eabi/12.3.1/../../../../arm-none-eabi/lib/thumb/v7-m/nofp/libc_nano.a(libc_a-realloc.o)
 .ARM.attributes
                0x00000470       0x2d /home/emanuele/st/stm32cubeide_1.15.0/plugins/com.st.stm32cube.ide.mcu.externaltools.gnu-tools-for-stm32.12.3.rel1.linux64_1.0.200.202406132123/tools/bin/../lib/gcc/arm-none-eabi/12.3.1/../../../../arm-none-eabi/lib/thumb/v7-m/nofp/libc_nano.a(libc_a-reallocr.o)
 .ARM.attributes
                0x0000049d       0x2d /home/emanuele/st/stm32cubeide_1.15.0/plugins/com.st.stm32cube.ide.mcu.externaltools.gnu-tools-for-stm32.12.3.rel1.linux64_1.0.200.202406132123/tools/bin/../lib/gcc/arm-none-eabi/12.3.1/../../../../arm-none-eabi/lib/thumb/v7-m/nofp/libc_nano.a(libc_a-findfp.o)
 .ARM.attributes
                0x000004ca       0x2d /home/emanuele/st/stm32cubeide_1.15.0/plugins/com.st.stm32cube.ide.mcu.externaltools.gnu-tools-for-stm32.12.3.rel1.linux64_1.0.200.202406132123/tools/bin/../lib/gcc/arm-none-eabi/12.3.1/../../../../arm-none-eabi/lib/thumb/v7-m/nofp/libc_nano.a(libc_a-fwalk.o)
 .ARM.attributes
                0x000004f7       0x2d /home/emanuele/st/stm32cubeide_1.15.0/plugins/com.st.stm32cube.ide.mcu.externaltools.gnu-tools-for-stm32.12.3.rel1.linux64_1.0.200.202406132123/tools/bin/../lib/gcc/arm-none-eabi/12.3.1/../../../../arm-none-eabi/lib/thumb/v7-m/nofp/libc_nano.a(libc_a-printf.o)
 .ARM.attributes
                0x00000524       0x2d /home/emanuele/st/stm32cubeide_1.15.0/plugins/com.st.stm32cube.ide.mcu.externaltools.gnu-tools-for-stm32.12.3.rel1.linux64_1.0.200.202406132123/tools/bin/../lib/gcc/arm-none-eabi/12.3.1/../../../../arm-none-eabi/lib/thumb/v7-m/nofp/libc_nano.a(libc_a-putchar.o)
 .ARM.attributes
                0x00000551       0x2d /home/emanuele/st/stm32cubeide_1.15.0/plugins/com.st.stm32cube.ide.mcu.externaltools.gnu-tools-for-stm32.12.3.rel1.linux64_1.0.200.202406132123/tools/bin/../lib/gcc/arm-none-eabi/12.3.1/../../../../arm-none-eabi/lib/thumb/v7-m/nofp/libc_nano.a(libc_a-puts.o)
 .ARM.attributes
                0x0000057e       0x2d /home/emanuele/st/stm32cubeide_1.15.0/plugins/com.st.stm32cube.ide.mcu.externaltools.gnu-tools-for-stm32.12.3.rel1.linux64_1.0.200.202406132123/tools/bin/../lib/gcc/arm-none-eabi/12.3.1/../../../../arm-none-eabi/lib/thumb/v7-m/nofp/libc_nano.a(libc_a-stdio.o)
 .ARM.attributes
                0x000005ab       0x2d /home/emanuele/st/stm32cubeide_1.15.0/plugins/com.st.stm32cube.ide.mcu.externaltools.gnu-tools-for-stm32.12.3.rel1.linux64_1.0.200.202406132123/tools/bin/../lib/gcc/arm-none-eabi/12.3.1/../../../../arm-none-eabi/lib/thumb/v7-m/nofp/libc_nano.a(libc_a-wbuf.o)
 .ARM.attributes
                0x000005d8       0x2d /home/emanuele/st/stm32cubeide_1.15.0/plugins/com.st.stm32cube.ide.mcu.externaltools.gnu-tools-for-stm32.12.3.rel1.linux64_1.0.200.202406132123/tools/bin/../lib/gcc/arm-none-eabi/12.3.1/../../../../arm-none-eabi/lib/thumb/v7-m/nofp/libc_nano.a(libc_a-wsetup.o)
 .ARM.attributes
                0x00000605       0x2d /home/emanuele/st/stm32cubeide_1.15.0/plugins/com.st.stm32cube.ide.mcu.externaltools.gnu-tools-for-stm32.12.3.rel1.linux64_1.0.200.202406132123/tools/bin/../lib/gcc/arm-none-eabi/12.3.1/../../../../arm-none-eabi/lib/thumb/v7-m/nofp/libc_nano.a(libc_a-memset.o)
 .ARM.attributes
                0x00000632       0x2d /home/emanuele/st/stm32cubeide_1.15.0/plugins/com.st.stm32cube.ide.mcu.externaltools.gnu-tools-for-stm32.12.3.rel1.linux64_1.0.200.202406132123/tools/bin/../lib/gcc/arm-none-eabi/12.3.1/../../../../arm-none-eabi/lib/thumb/v7-m/nofp/libc_nano.a(libc_a-closer.o)
 .ARM.attributes
                0x0000065f       0x2d /home/emanuele/st/stm32cubeide_1.15.0/plugins/com.st.stm32cube.ide.mcu.externaltools.gnu-tools-for-stm32.12.3.rel1.linux64_1.0.200.202406132123/tools/bin/../lib/gcc/arm-none-eabi/12.3.1/../../../../arm-none-eabi/lib/thumb/v7-m/nofp/libc_nano.a(libc_a-reent.o)
 .ARM.attributes
                0x0000068c       0x2d /home/emanuele/st/stm32cubeide_1.15.0/plugins/com.st.stm32cube.ide.mcu.externaltools.gnu-tools-for-stm32.12.3.rel1.linux64_1.0.200.202406132123/tools/bin/../lib/gcc/arm-none-eabi/12.3.1/../../../../arm-none-eabi/lib/thumb/v7-m/nofp/libc_nano.a(libc_a-impure.o)
 .ARM.attributes
                0x000006b9       0x2d /home/emanuele/st/stm32cubeide_1.15.0/plugins/com.st.stm32cube.ide.mcu.externaltools.gnu-tools-for-stm32.12.3.rel1.linux64_1.0.200.202406132123/tools/bin/../lib/gcc/arm-none-eabi/12.3.1/../../../../arm-none-eabi/lib/thumb/v7-m/nofp/libc_nano.a(libc_a-lseekr.o)
 .ARM.attributes
                0x000006e6       0x2d /home/emanuele/st/stm32cubeide_1.15.0/plugins/com.st.stm32cube.ide.mcu.externaltools.gnu-tools-for-stm32.12.3.rel1.linux64_1.0.200.202406132123/tools/bin/../lib/gcc/arm-none-eabi/12.3.1/../../../../arm-none-eabi/lib/thumb/v7-m/nofp/libc_nano.a(libc_a-readr.o)
 .ARM.attributes
                0x00000713       0x2d /home/emanuele/st/stm32cubeide_1.15.0/plugins/com.st.stm32cube.ide.mcu.externaltools.gnu-tools-for-stm32.12.3.rel1.linux64_1.0.200.202406132123/tools/bin/../lib/gcc/arm-none-eabi/12.3.1/../../../../arm-none-eabi/lib/thumb/v7-m/nofp/libc_nano.a(libc_a-sbrkr.o)
 .ARM.attributes
                0x00000740       0x2d /home/emanuele/st/stm32cubeide_1.15.0/plugins/com.st.stm32cube.ide.mcu.externaltools.gnu-tools-for-stm32.12.3.rel1.linux64_1.0.200.202406132123/tools/bin/../lib/gcc/arm-none-eabi/12.3.1/../../../../arm-none-eabi/lib/thumb/v7-m/nofp/libc_nano.a(libc_a-writer.o)
 .ARM.attributes
                0x0000076d       0x2d /home/emanuele/st/stm32cubeide_1.15.0/plugins/com.st.stm32cube.ide.mcu.externaltools.gnu-tools-for-stm32.12.3.rel1.linux64_1.0.200.202406132123/tools/bin/../lib/gcc/arm-none-eabi/12.3.1/../../../../arm-none-eabi/lib/thumb/v7-m/nofp/libc_nano.a(libc_a-errno.o)
 .ARM.attributes
                0x0000079a       0x2d /home/emanuele/st/stm32cubeide_1.15.0/plugins/com.st.stm32cube.ide.mcu.externaltools.gnu-tools-for-stm32.12.3.rel1.linux64_1.0.200.202406132123/tools/bin/../lib/gcc/arm-none-eabi/12.3.1/../../../../arm-none-eabi/lib/thumb/v7-m/nofp/libc_nano.a(libc_a-init.o)
 .ARM.attributes
                0x000007c7       0x2d /home/emanuele/st/stm32cubeide_1.15.0/plugins/com.st.stm32cube.ide.mcu.externaltools.gnu-tools-for-stm32.12.3.rel1.linux64_1.0.200.202406132123/tools/bin/../lib/gcc/arm-none-eabi/12.3.1/../../../../arm-none-eabi/lib/thumb/v7-m/nofp/libc_nano.a(libc_a-lock.o)
 .ARM.attributes
                0x000007f4       0x2d /home/emanuele/st/stm32cubeide_1.15.0/plugins/com.st.stm32cube.ide.mcu.externaltools.gnu-tools-for-stm32.12.3.rel1.linux64_1.0.200.202406132123/tools/bin/../lib/gcc/arm-none-eabi/12.3.1/../../../../arm-none-eabi/lib/thumb/v7-m/nofp/libc_nano.a(libc_a-memcpy-stub.o)
 .ARM.attributes
                0x00000821       0x17 /home/emanuele/st/stm32cubeide_1.15.0/plugins/com.st.stm32cube.ide.mcu.externaltools.gnu-tools-for-stm32.12.3.rel1.linux64_1.0.200.202406132123/tools/bin/../lib/gcc/arm-none-eabi/12.3.1/../../../../arm-none-eabi/lib/thumb/v7-m/nofp/libc_nano.a(libc_a-strlen.o)
 .ARM.attributes
                0x00000838       0x2d /home/emanuele/st/stm32cubeide_1.15.0/plugins/com.st.stm32cube.ide.mcu.externaltools.gnu-tools-for-stm32.12.3.rel1.linux64_1.0.200.202406132123/tools/bin/../lib/gcc/arm-none-eabi/12.3.1/../../../../arm-none-eabi/lib/thumb/v7-m/nofp/libc_nano.a(libc_a-freer.o)
 .ARM.attributes
                0x00000865       0x2d /home/emanuele/st/stm32cubeide_1.15.0/plugins/com.st.stm32cube.ide.mcu.externaltools.gnu-tools-for-stm32.12.3.rel1.linux64_1.0.200.202406132123/tools/bin/../lib/gcc/arm-none-eabi/12.3.1/../../../../arm-none-eabi/lib/thumb/v7-m/nofp/libc_nano.a(libc_a-msizer.o)
 .ARM.attributes
                0x00000892       0x2d /home/emanuele/st/stm32cubeide_1.15.0/plugins/com.st.stm32cube.ide.mcu.externaltools.gnu-tools-for-stm32.12.3.rel1.linux64_1.0.200.202406132123/tools/bin/../lib/gcc/arm-none-eabi/12.3.1/../../../../arm-none-eabi/lib/thumb/v7-m/nofp/libc_nano.a(libc_a-nano-vfprintf.o)
 .ARM.attributes
                0x000008bf       0x2d /home/emanuele/st/stm32cubeide_1.15.0/plugins/com.st.stm32cube.ide.mcu.externaltools.gnu-tools-for-stm32.12.3.rel1.linux64_1.0.200.202406132123/tools/bin/../lib/gcc/arm-none-eabi/12.3.1/../../../../arm-none-eabi/lib/thumb/v7-m/nofp/libc_nano.a(libc_a-nano-vfprintf_i.o)
 .ARM.attributes
                0x000008ec       0x2d /home/emanuele/st/stm32cubeide_1.15.0/plugins/com.st.stm32cube.ide.mcu.externaltools.gnu-tools-for-stm32.12.3.rel1.linux64_1.0.200.202406132123/tools/bin/../lib/gcc/arm-none-eabi/12.3.1/../../../../arm-none-eabi/lib/thumb/v7-m/nofp/libc_nano.a(libc_a-fflush.o)
 .ARM.attributes
                0x00000919       0x2d /home/emanuele/st/stm32cubeide_1.15.0/plugins/com.st.stm32cube.ide.mcu.externaltools.gnu-tools-for-stm32.12.3.rel1.linux64_1.0.200.202406132123/tools/bin/../lib/gcc/arm-none-eabi/12.3.1/../../../../arm-none-eabi/lib/thumb/v7-m/nofp/libc_nano.a(libc_a-makebuf.o)
 .ARM.attributes
                0x00000946       0x2d /home/emanuele/st/stm32cubeide_1.15.0/plugins/com.st.stm32cube.ide.mcu.externaltools.gnu-tools-for-stm32.12.3.rel1.linux64_1.0.200.202406132123/tools/bin/../lib/gcc/arm-none-eabi/12.3.1/../../../../arm-none-eabi/lib/thumb/v7-m/nofp/libc_nano.a(libc_a-putc.o)
 .ARM.attributes
                0x00000973       0x2d /home/emanuele/st/stm32cubeide_1.15.0/plugins/com.st.stm32cube.ide.mcu.externaltools.gnu-tools-for-stm32.12.3.rel1.linux64_1.0.200.202406132123/tools/bin/../lib/gcc/arm-none-eabi/12.3.1/../../../../arm-none-eabi/lib/thumb/v7-m/nofp/libc_nano.a(libc_a-fstatr.o)
 .ARM.attributes
                0x000009a0       0x2d /home/emanuele/st/stm32cubeide_1.15.0/plugins/com.st.stm32cube.ide.mcu.externaltools.gnu-tools-for-stm32.12.3.rel1.linux64_1.0.200.202406132123/tools/bin/../lib/gcc/arm-none-eabi/12.3.1/../../../../arm-none-eabi/lib/thumb/v7-m/nofp/libc_nano.a(libc_a-isattyr.o)
 .ARM.attributes
                0x000009cd       0x2d /home/emanuele/st/stm32cubeide_1.15.0/plugins/com.st.stm32cube.ide.mcu.externaltools.gnu-tools-for-stm32.12.3.rel1.linux64_1.0.200.202406132123/tools/bin/../lib/gcc/arm-none-eabi/12.3.1/../../../../arm-none-eabi/lib/thumb/v7-m/nofp/libc_nano.a(libc_a-memchr-stub.o)
 .ARM.attributes
                0x000009fa       0x1d /home/emanuele/st/stm32cubeide_1.15.0/plugins/com.st.stm32cube.ide.mcu.externaltools.gnu-tools-for-stm32.12.3.rel1.linux64_1.0.200.202406132123/tools/bin/../lib/gcc/arm-none-eabi/12.3.1/thumb/v7-m/nofp/libgcc.a(_aeabi_uldivmod.o)
 .ARM.attributes
                0x00000a17       0x2d /home/emanuele/st/stm32cubeide_1.15.0/plugins/com.st.stm32cube.ide.mcu.externaltools.gnu-tools-for-stm32.12.3.rel1.linux64_1.0.200.202406132123/tools/bin/../lib/gcc/arm-none-eabi/12.3.1/thumb/v7-m/nofp/libgcc.a(_udivmoddi4.o)
 .ARM.attributes
                0x00000a44       0x1d /home/emanuele/st/stm32cubeide_1.15.0/plugins/com.st.stm32cube.ide.mcu.externaltools.gnu-tools-for-stm32.12.3.rel1.linux64_1.0.200.202406132123/tools/bin/../lib/gcc/arm-none-eabi/12.3.1/thumb/v7-m/nofp/libgcc.a(_dvmd_tls.o)
 .ARM.attributes
                0x00000a61       0x1d /home/emanuele/st/stm32cubeide_1.15.0/plugins/com.st.stm32cube.ide.mcu.externaltools.gnu-tools-for-stm32.12.3.rel1.linux64_1.0.200.202406132123/tools/bin/../lib/gcc/arm-none-eabi/12.3.1/thumb/v7-m/nofp/crtn.o
OUTPUT(bitcoin_wallet_demo.elf elf32-littlearm)
LOAD linker stubs
LOAD /home/emanuele/st/stm32cubeide_1.15.0/plugins/com.st.stm32cube.ide.mcu.externaltools.gnu-tools-for-stm32.12.3.rel1.linux64_1.0.200.202406132123/tools/bin/../lib/gcc/arm-none-eabi/12.3.1/../../../../arm-none-eabi/lib/thumb/v7-m/nofp/libc.a
LOAD /home/emanuele/st/stm32cubeide_1.15.0/plugins/com.st.stm32cube.ide.mcu.externaltools.gnu-tools-for-stm32.12.3.rel1.linux64_1.0.200.202406132123/tools/bin/../lib/gcc/arm-none-eabi/12.3.1/../../../../arm-none-eabi/lib/thumb/v7-m/nofp/libm.a
LOAD /home/emanuele/st/stm32cubeide_1.15.0/plugins/com.st.stm32cube.ide.mcu.externaltools.gnu-tools-for-stm32.12.3.rel1.linux64_1.0.200.202406132123/tools/bin/../lib/gcc/arm-none-eabi/12.3.1/thumb/v7-m/nofp/libgcc.a

.debug_info     0x00000000    0x1433c
 .debug_info    0x00000000     0x30bc Build/main.o
 .debug_info    0x000030bc     0x2812 Build/stm32l4xx_hal_msp.o
 .debug_info    0x000058ce      0x270 Build/stm32l4xx_it.o
 .debug_info    0x00005b3e      0x842 Build/syscalls.o
 .debug_info    0x00006380      0x18c Build/sysmem.o
 .debug_info    0x0000650c      0x48b Build/system_stm32l4xx.o
 .debug_info    0x00006997      0xca6 Build/tee_client_api.o
 .debug_info    0x0000763d     0x118f Build/stm32l4xx_hal_cortex.o
 .debug_info    0x000087cc      0x91b Build/stm32l4xx_hal_gpio.o
 .debug_info    0x000090e7      0xab2 Build/stm32l4xx_hal_pwr.o
 .debug_info    0x00009b99      0xb9b Build/stm32l4xx_hal_pwr_ex.o
 .debug_info    0x0000a734     0x10ad Build/stm32l4xx_hal_rcc.o
 .debug_info    0x0000b7e1     0x13ed Build/stm32l4xx_hal_rcc_ex.o
 .debug_info    0x0000cbce      0x60b Build/stm32l4xx_hal_rng.o
 .debug_info    0x0000d1d9     0x5520 Build/stm32l4xx_hal_uart.o
 .debug_info    0x000126f9      0xd05 Build/stm32l4xx_hal.o
 .debug_info    0x000133fe      0xf3e Build/tx.o

.debug_abbrev   0x00000000     0x28a8
 .debug_abbrev  0x00000000      0x4e7 Build/main.o
 .debug_abbrev  0x000004e7      0x298 Build/stm32l4xx_hal_msp.o
 .debug_abbrev  0x0000077f       0xcf Build/stm32l4xx_it.o
 .debug_abbrev  0x0000084e      0x1e3 Build/syscalls.o
 .debug_abbrev  0x00000a31       0xeb Build/sysmem.o
 .debug_abbrev  0x00000b1c      0x11b Build/system_stm32l4xx.o
 .debug_abbrev  0x00000c37      0x2c9 Build/tee_client_api.o
 .debug_abbrev  0x00000f00      0x3ca Build/stm32l4xx_hal_cortex.o
 .debug_abbrev  0x000012ca      0x222 Build/stm32l4xx_hal_gpio.o
 .debug_abbrev  0x000014ec      0x1d6 Build/stm32l4xx_hal_pwr.o
 .debug_abbrev  0x000016c2      0x233 Build/stm32l4xx_hal_pwr_ex.o
 .debug_abbrev  0x000018f5      0x2de Build/stm32l4xx_hal_rcc.o
 .debug_abbrev  0x00001bd3      0x2de Build/stm32l4xx_hal_rcc_ex.o
 .debug_abbrev  0x00001eb1      0x1fb Build/stm32l4xx_hal_rng.o
 .debug_abbrev  0x000020ac      0x32f Build/stm32l4xx_hal_uart.o
 .debug_abbrev  0x000023db      0x284 Build/stm32l4xx_hal.o
 .debug_abbrev  0x0000265f      0x249 Build/tx.o

.debug_loc      0x00000000     0xc0de
 .debug_loc     0x00000000      0xacd Build/main.o
 .debug_loc     0x00000acd      0x5b2 Build/stm32l4xx_hal_msp.o
 .debug_loc     0x0000107f       0x60 Build/stm32l4xx_it.o
 .debug_loc     0x000010df      0x511 Build/syscalls.o
 .debug_loc     0x000015f0       0x84 Build/sysmem.o
 .debug_loc     0x00001674      0x127 Build/system_stm32l4xx.o
 .debug_loc     0x0000179b      0x970 Build/tee_client_api.o
 .debug_loc     0x0000210b      0x7c7 Build/stm32l4xx_hal_cortex.o
 .debug_loc     0x000028d2      0x489 Build/stm32l4xx_hal_gpio.o
 .debug_loc     0x00002d5b      0x1f1 Build/stm32l4xx_hal_pwr.o
 .debug_loc     0x00002f4c      0x8e8 Build/stm32l4xx_hal_pwr_ex.o
 .debug_loc     0x00003834      0x9ac Build/stm32l4xx_hal_rcc.o
 .debug_loc     0x000041e0     0x1ca4 Build/stm32l4xx_hal_rcc_ex.o
 .debug_loc     0x00005e84      0x4e0 Build/stm32l4xx_hal_rng.o
 .debug_loc     0x00006364     0x5166 Build/stm32l4xx_hal_uart.o
 .debug_loc     0x0000b4ca      0x2af Build/stm32l4xx_hal.o
 .debug_loc     0x0000b779      0x965 Build/tx.o

.debug_aranges  0x00000000      0xc18
 .debug_aranges
                0x00000000       0xa8 Build/main.o
 .debug_aranges
                0x000000a8       0x90 Build/stm32l4xx_hal_msp.o
 .debug_aranges
                0x00000138       0x70 Build/stm32l4xx_it.o
 .debug_aranges
                0x000001a8       0xa8 Build/syscalls.o
 .debug_aranges
                0x00000250       0x20 Build/sysmem.o
 .debug_aranges
                0x00000270       0x28 Build/system_stm32l4xx.o
 .debug_aranges
                0x00000298       0x60 Build/tee_client_api.o
 .debug_aranges
                0x000002f8       0xf0 Build/stm32l4xx_hal_cortex.o
 .debug_aranges
                0x000003e8       0x58 Build/stm32l4xx_hal_gpio.o
 .debug_aranges
                0x00000440       0x98 Build/stm32l4xx_hal_pwr.o
 .debug_aranges
                0x000004d8      0x150 Build/stm32l4xx_hal_pwr_ex.o
 .debug_aranges
                0x00000628       0x90 Build/stm32l4xx_hal_rcc.o
 .debug_aranges
                0x000006b8       0xc0 Build/stm32l4xx_hal_rcc_ex.o
 .debug_aranges
                0x00000778       0x88 Build/stm32l4xx_hal_rng.o
 .debug_aranges
                0x00000800      0x228 Build/stm32l4xx_hal_uart.o
 .debug_aranges
                0x00000a28      0x130 Build/stm32l4xx_hal.o
 .debug_aranges
                0x00000b58       0xc0 Build/tx.o

.debug_ranges   0x00000000      0xbb0
 .debug_ranges  0x00000000       0xc8 Build/main.o
 .debug_ranges  0x000000c8       0x80 Build/stm32l4xx_hal_msp.o
 .debug_ranges  0x00000148       0x60 Build/stm32l4xx_it.o
 .debug_ranges  0x000001a8       0x98 Build/syscalls.o
 .debug_ranges  0x00000240       0x10 Build/sysmem.o
 .debug_ranges  0x00000250       0x18 Build/system_stm32l4xx.o
 .debug_ranges  0x00000268       0x80 Build/tee_client_api.o
 .debug_ranges  0x000002e8       0xe0 Build/stm32l4xx_hal_cortex.o
 .debug_ranges  0x000003c8       0x48 Build/stm32l4xx_hal_gpio.o
 .debug_ranges  0x00000410       0x88 Build/stm32l4xx_hal_pwr.o
 .debug_ranges  0x00000498      0x140 Build/stm32l4xx_hal_pwr_ex.o
 .debug_ranges  0x000005d8       0x98 Build/stm32l4xx_hal_rcc.o
 .debug_ranges  0x00000670       0xc8 Build/stm32l4xx_hal_rcc_ex.o
 .debug_ranges  0x00000738       0x78 Build/stm32l4xx_hal_rng.o
 .debug_ranges  0x000007b0      0x230 Build/stm32l4xx_hal_uart.o
 .debug_ranges  0x000009e0      0x120 Build/stm32l4xx_hal.o
 .debug_ranges  0x00000b00       0xb0 Build/tx.o

.debug_line     0x00000000     0xe174
 .debug_line    0x00000000     0x10d6 Build/main.o
 .debug_line    0x000010d6      0x8bb Build/stm32l4xx_hal_msp.o
 .debug_line    0x00001991      0x355 Build/stm32l4xx_it.o
 .debug_line    0x00001ce6      0x4ad Build/syscalls.o
 .debug_line    0x00002193      0x2ee Build/sysmem.o
 .debug_line    0x00002481      0x333 Build/system_stm32l4xx.o
 .debug_line    0x000027b4      0x88e Build/tee_client_api.o
 .debug_line    0x00003042      0x8ff Build/stm32l4xx_hal_cortex.o
 .debug_line    0x00003941      0x7b0 Build/stm32l4xx_hal_gpio.o
 .debug_line    0x000040f1      0x4e6 Build/stm32l4xx_hal_pwr.o
 .debug_line    0x000045d7      0xb30 Build/stm32l4xx_hal_pwr_ex.o
 .debug_line    0x00005107      0xfc1 Build/stm32l4xx_hal_rcc.o
 .debug_line    0x000060c8     0x15eb Build/stm32l4xx_hal_rcc_ex.o
 .debug_line    0x000076b3      0x6f0 Build/stm32l4xx_hal_rng.o
 .debug_line    0x00007da3     0x52b2 Build/stm32l4xx_hal_uart.o
 .debug_line    0x0000d055      0x76a Build/stm32l4xx_hal.o
 .debug_line    0x0000d7bf      0x9b5 Build/tx.o

.debug_str      0x00000000     0x4841
 .debug_str     0x00000000     0x15ee Build/main.o
                               0x16f7 (size before relaxing)
 .debug_str     0x000015ee      0xcc9 Build/stm32l4xx_hal_msp.o
                               0x1864 (size before relaxing)
 .debug_str     0x000022b7       0xf8 Build/stm32l4xx_it.o
                                0x26a (size before relaxing)
 .debug_str     0x000023af      0x20b Build/syscalls.o
                                0x3df (size before relaxing)
 .debug_str     0x000025ba       0x75 Build/sysmem.o
                                0x20b (size before relaxing)
 .debug_str     0x0000262f       0x9e Build/system_stm32l4xx.o
                                0x36b (size before relaxing)
 .debug_str     0x000026cd      0x13f Build/tee_client_api.o
                                0x4aa (size before relaxing)
 .debug_str     0x0000280c      0x500 Build/stm32l4xx_hal_cortex.o
                                0xc2f (size before relaxing)
 .debug_str     0x00002d0c      0x10c Build/stm32l4xx_hal_gpio.o
                                0x526 (size before relaxing)
 .debug_str     0x00002e18      0x2d0 Build/stm32l4xx_hal_pwr.o
                                0x694 (size before relaxing)
 .debug_str     0x000030e8      0x405 Build/stm32l4xx_hal_pwr_ex.o
                                0x7fa (size before relaxing)
 .debug_str     0x000034ed      0x26b Build/stm32l4xx_hal_rcc.o
                                0x882 (size before relaxing)
 .debug_str     0x00003758      0x2a9 Build/stm32l4xx_hal_rcc_ex.o
                                0xaa1 (size before relaxing)
 .debug_str     0x00003a01      0x15a Build/stm32l4xx_hal_rng.o
                                0x446 (size before relaxing)
 .debug_str     0x00003b5b      0x7e4 Build/stm32l4xx_hal_uart.o
                                0xffa (size before relaxing)
 .debug_str     0x0000433f      0x3d7 Build/stm32l4xx_hal.o
                                0xcd5 (size before relaxing)
 .debug_str     0x00004716      0x12b Build/tx.o
                                0x39e (size before relaxing)

.comment        0x00000000       0x43
 .comment       0x00000000       0x43 Build/main.o
                                 0x44 (size before relaxing)
 .comment       0x00000043       0x44 Build/stm32l4xx_hal_msp.o
 .comment       0x00000043       0x44 Build/stm32l4xx_it.o
 .comment       0x00000043       0x44 Build/syscalls.o
 .comment       0x00000043       0x44 Build/sysmem.o
 .comment       0x00000043       0x44 Build/system_stm32l4xx.o
 .comment       0x00000043       0x44 Build/tee_client_api.o
 .comment       0x00000043       0x44 Build/stm32l4xx_hal_cortex.o
 .comment       0x00000043       0x44 Build/stm32l4xx_hal_gpio.o
 .comment       0x00000043       0x44 Build/stm32l4xx_hal_pwr.o
 .comment       0x00000043       0x44 Build/stm32l4xx_hal_pwr_ex.o
 .comment       0x00000043       0x44 Build/stm32l4xx_hal_rcc.o
 .comment       0x00000043       0x44 Build/stm32l4xx_hal_rcc_ex.o
 .comment       0x00000043       0x44 Build/stm32l4xx_hal_rng.o
 .comment       0x00000043       0x44 Build/stm32l4xx_hal_uart.o
 .comment       0x00000043       0x44 Build/stm32l4xx_hal.o
 .comment       0x00000043       0x44 Build/tx.o

.debug_frame    0x00000000     0x27fc
 .debug_frame   0x00000000      0x244 Build/main.o
 .debug_frame   0x00000244      0x1b0 Build/stm32l4xx_hal_msp.o
 .debug_frame   0x000003f4       0xd8 Build/stm32l4xx_it.o
 .debug_frame   0x000004cc      0x190 Build/syscalls.o
 .debug_frame   0x0000065c       0x28 Build/sysmem.o
 .debug_frame   0x00000684       0x30 Build/system_stm32l4xx.o
 .debug_frame   0x000006b4       0xf8 Build/tee_client_api.o
 .debug_frame   0x000007ac      0x204 Build/stm32l4xx_hal_cortex.o
 .debug_frame   0x000009b0       0xd0 Build/stm32l4xx_hal_gpio.o
 .debug_frame   0x00000a80      0x120 Build/stm32l4xx_hal_pwr.o
 .debug_frame   0x00000ba0      0x298 Build/stm32l4xx_hal_pwr_ex.o
 .debug_frame   0x00000e38      0x19c Build/stm32l4xx_hal_rcc.o
 .debug_frame   0x00000fd4      0x204 Build/stm32l4xx_hal_rcc_ex.o
 .debug_frame   0x000011d8      0x130 Build/stm32l4xx_hal_rng.o
 .debug_frame   0x00001308      0x600 Build/stm32l4xx_hal_uart.o
 .debug_frame   0x00001908      0x274 Build/stm32l4xx_hal.o
 .debug_frame   0x00001b7c      0x25c Build/tx.o
 .debug_frame   0x00001dd8       0x20 /home/emanuele/st/stm32cubeide_1.15.0/plugins/com.st.stm32cube.ide.mcu.externaltools.gnu-tools-for-stm32.12.3.rel1.linux64_1.0.200.202406132123/tools/bin/../lib/gcc/arm-none-eabi/12.3.1/../../../../arm-none-eabi/lib/thumb/v7-m/nofp/libc_nano.a(libc_a-calloc.o)
 .debug_frame   0x00001df8       0x2c /home/emanuele/st/stm32cubeide_1.15.0/plugins/com.st.stm32cube.ide.mcu.externaltools.gnu-tools-for-stm32.12.3.rel1.linux64_1.0.200.202406132123/tools/bin/../lib/gcc/arm-none-eabi/12.3.1/../../../../arm-none-eabi/lib/thumb/v7-m/nofp/libc_nano.a(libc_a-callocr.o)
 .debug_frame   0x00001e24       0x30 /home/emanuele/st/stm32cubeide_1.15.0/plugins/com.st.stm32cube.ide.mcu.externaltools.gnu-tools-for-stm32.12.3.rel1.linux64_1.0.200.202406132123/tools/bin/../lib/gcc/arm-none-eabi/12.3.1/../../../../arm-none-eabi/lib/thumb/v7-m/nofp/libc_nano.a(libc_a-malloc.o)
 .debug_frame   0x00001e54       0x50 /home/emanuele/st/stm32cubeide_1.15.0/plugins/com.st.stm32cube.ide.mcu.externaltools.gnu-tools-for-stm32.12.3.rel1.linux64_1.0.200.202406132123/tools/bin/../lib/gcc/arm-none-eabi/12.3.1/../../../../arm-none-eabi/lib/thumb/v7-m/nofp/libc_nano.a(libc_a-mallocr.o)
 .debug_frame   0x00001ea4       0x30 /home/emanuele/st/stm32cubeide_1.15.0/plugins/com.st.stm32cube.ide.mcu.externaltools.gnu-tools-for-stm32.12.3.rel1.linux64_1.0.200.202406132123/tools/bin/../lib/gcc/arm-none-eabi/12.3.1/../../../../arm-none-eabi/lib/thumb/v7-m/nofp/libc_nano.a(libc_a-mlock.o)
 .debug_frame   0x00001ed4       0x20 /home/emanuele/st/stm32cubeide_1.15.0/plugins/com.st.stm32cube.ide.mcu.externaltools.gnu-tools-for-stm32.12.3.rel1.linux64_1.0.200.202406132123/tools/bin/../lib/gcc/arm-none-eabi/12.3.1/../../../../arm-none-eabi/lib/thumb/v7-m/nofp/libc_nano.a(libc_a-realloc.o)
 .debug_frame   0x00001ef4       0x3c /home/emanuele/st/stm32cubeide_1.15.0/plugins/com.st.stm32cube.ide.mcu.externaltools.gnu-tools-for-stm32.12.3.rel1.linux64_1.0.200.202406132123/tools/bin/../lib/gcc/arm-none-eabi/12.3.1/../../../../arm-none-eabi/lib/thumb/v7-m/nofp/libc_nano.a(libc_a-reallocr.o)
 .debug_frame   0x00001f30      0x144 /home/emanuele/st/stm32cubeide_1.15.0/plugins/com.st.stm32cube.ide.mcu.externaltools.gnu-tools-for-stm32.12.3.rel1.linux64_1.0.200.202406132123/tools/bin/../lib/gcc/arm-none-eabi/12.3.1/../../../../arm-none-eabi/lib/thumb/v7-m/nofp/libc_nano.a(libc_a-findfp.o)
 .debug_frame   0x00002074       0x34 /home/emanuele/st/stm32cubeide_1.15.0/plugins/com.st.stm32cube.ide.mcu.externaltools.gnu-tools-for-stm32.12.3.rel1.linux64_1.0.200.202406132123/tools/bin/../lib/gcc/arm-none-eabi/12.3.1/../../../../arm-none-eabi/lib/thumb/v7-m/nofp/libc_nano.a(libc_a-fwalk.o)
 .debug_frame   0x000020a8       0x6c /home/emanuele/st/stm32cubeide_1.15.0/plugins/com.st.stm32cube.ide.mcu.externaltools.gnu-tools-for-stm32.12.3.rel1.linux64_1.0.200.202406132123/tools/bin/../lib/gcc/arm-none-eabi/12.3.1/../../../../arm-none-eabi/lib/thumb/v7-m/nofp/libc_nano.a(libc_a-printf.o)
 .debug_frame   0x00002114       0x30 /home/emanuele/st/stm32cubeide_1.15.0/plugins/com.st.stm32cube.ide.mcu.externaltools.gnu-tools-for-stm32.12.3.rel1.linux64_1.0.200.202406132123/tools/bin/../lib/gcc/arm-none-eabi/12.3.1/../../../../arm-none-eabi/lib/thumb/v7-m/nofp/libc_nano.a(libc_a-putchar.o)
 .debug_frame   0x00002144       0x3c /home/emanuele/st/stm32cubeide_1.15.0/plugins/com.st.stm32cube.ide.mcu.externaltools.gnu-tools-for-stm32.12.3.rel1.linux64_1.0.200.202406132123/tools/bin/../lib/gcc/arm-none-eabi/12.3.1/../../../../arm-none-eabi/lib/thumb/v7-m/nofp/libc_nano.a(libc_a-puts.o)
 .debug_frame   0x00002180       0x88 /home/emanuele/st/stm32cubeide_1.15.0/plugins/com.st.stm32cube.ide.mcu.externaltools.gnu-tools-for-stm32.12.3.rel1.linux64_1.0.200.202406132123/tools/bin/../lib/gcc/arm-none-eabi/12.3.1/../../../../arm-none-eabi/lib/thumb/v7-m/nofp/libc_nano.a(libc_a-stdio.o)
 .debug_frame   0x00002208       0x40 /home/emanuele/st/stm32cubeide_1.15.0/plugins/com.st.stm32cube.ide.mcu.externaltools.gnu-tools-for-stm32.12.3.rel1.linux64_1.0.200.202406132123/tools/bin/../lib/gcc/arm-none-eabi/12.3.1/../../../../arm-none-eabi/lib/thumb/v7-m/nofp/libc_nano.a(libc_a-wbuf.o)
 .debug_frame   0x00002248       0x2c /home/emanuele/st/stm32cubeide_1.15.0/plugins/com.st.stm32cube.ide.mcu.externaltools.gnu-tools-for-stm32.12.3.rel1.linux64_1.0.200.202406132123/tools/bin/../lib/gcc/arm-none-eabi/12.3.1/../../../../arm-none-eabi/lib/thumb/v7-m/nofp/libc_nano.a(libc_a-wsetup.o)