../Core/Src/main.c:87:5:main	8	static
../Core/Src/main.c:142:6:SystemClock_Config	96	static
../Core/Src/main.c:202:6:PeriphCommonClock_Config	144	static
../Core/Src/main.c:229:13:MX_DFSDM1_Init	8	static
../Core/Src/main.c:267:13:MX_I2C2_Init	8	static
../Core/Src/main.c:315:13:MX_QUADSPI_Init	8	static
../Core/Src/main.c:348:13:MX_RNG_Init	8	static
../Core/Src/main.c:374:13:MX_SPI3_Init	8	static
../Core/Src/main.c:414:13:MX_USART1_UART_Init	8	static
../Core/Src/main.c:449:13:MX_USART3_UART_Init	8	static
../Core/Src/main.c:484:13:MX_USB_OTG_FS_PCD_Init	8	static
../Core/Src/main.c:519:13:MX_GPIO_Init	48	static
../Core/Src/main.c:713:6:Error_Handler	4	static,ignoring_inline_asm
