Archive member included to satisfy reference by file (symbol)

/home/emanuele/st/stm32cubeide_1.15.0/plugins/com.st.stm32cube.ide.mcu.externaltools.gnu-tools-for-stm32.12.3.rel1.linux64_1.0.200.202406132123/tools/bin/../lib/gcc/arm-none-eabi/12.3.1/../../../../arm-none-eabi/lib/thumb/v7-m/nofp/libc_nano.a(libc_a-calloc.o)
                              Build/tee_client_api.o (calloc)
/home/emanuele/st/stm32cubeide_1.15.0/plugins/com.st.stm32cube.ide.mcu.externaltools.gnu-tools-for-stm32.12.3.rel1.linux64_1.0.200.202406132123/tools/bin/../lib/gcc/arm-none-eabi/12.3.1/../../../../arm-none-eabi/lib/thumb/v7-m/nofp/libc_nano.a(libc_a-callocr.o)
                              /home/emanuele/st/stm32cubeide_1.15.0/plugins/com.st.stm32cube.ide.mcu.externaltools.gnu-tools-for-stm32.12.3.rel1.linux64_1.0.200.202406132123/tools/bin/../lib/gcc/arm-none-eabi/12.3.1/../../../../arm-none-eabi/lib/thumb/v7-m/nofp/libc_nano.a(libc_a-calloc.o) (_calloc_r)
/home/emanuele/st/stm32cubeide_1.15.0/plugins/com.st.stm32cube.ide.mcu.externaltools.gnu-tools-for-stm32.12.3.rel1.linux64_1.0.200.202406132123/tools/bin/../lib/gcc/arm-none-eabi/12.3.1/../../../../arm-none-eabi/lib/thumb/v7-m/nofp/libc_nano.a(libc_a-exit.o)
                              /home/emanuele/st/stm32cubeide_1.15.0/plugins/com.st.stm32cube.ide.mcu.externaltools.gnu-tools-for-stm32.12.3.rel1.linux64_1.0.200.202406132123/tools/bin/../lib/gcc/arm-none-eabi/12.3.1/../../../../arm-none-eabi/lib/thumb/v7-m/nofp/crt0.o (exit)
/home/emanuele/st/stm32cubeide_1.15.0/plugins/com.st.stm32cube.ide.mcu.externaltools.gnu-tools-for-stm32.12.3.rel1.linux64_1.0.200.202406132123/tools/bin/../lib/gcc/arm-none-eabi/12.3.1/../../../../arm-none-eabi/lib/thumb/v7-m/nofp/libc_nano.a(libc_a-malloc.o)
                              Build/tee_client_api.o (free)
/home/emanuele/st/stm32cubeide_1.15.0/plugins/com.st.stm32cube.ide.mcu.externaltools.gnu-tools-for-stm32.12.3.rel1.linux64_1.0.200.202406132123/tools/bin/../lib/gcc/arm-none-eabi/12.3.1/../../../../arm-none-eabi/lib/thumb/v7-m/nofp/libc_nano.a(libc_a-mallocr.o)
                              /home/emanuele/st/stm32cubeide_1.15.0/plugins/com.st.stm32cube.ide.mcu.externaltools.gnu-tools-for-stm32.12.3.rel1.linux64_1.0.200.202406132123/tools/bin/../lib/gcc/arm-none-eabi/12.3.1/../../../../arm-none-eabi/lib/thumb/v7-m/nofp/libc_nano.a(libc_a-callocr.o) (_malloc_r)
/home/emanuele/st/stm32cubeide_1.15.0/plugins/com.st.stm32cube.ide.mcu.externaltools.gnu-tools-for-stm32.12.3.rel1.linux64_1.0.200.202406132123/tools/bin/../lib/gcc/arm-none-eabi/12.3.1/../../../../arm-none-eabi/lib/thumb/v7-m/nofp/libc_nano.a(libc_a-mlock.o)
                              /home/emanuele/st/stm32cubeide_1.15.0/plugins/com.st.stm32cube.ide.mcu.externaltools.gnu-tools-for-stm32.12.3.rel1.linux64_1.0.200.202406132123/tools/bin/../lib/gcc/arm-none-eabi/12.3.1/../../../../arm-none-eabi/lib/thumb/v7-m/nofp/libc_nano.a(libc_a-mallocr.o) (__malloc_lock)
/home/emanuele/st/stm32cubeide_1.15.0/plugins/com.st.stm32cube.ide.mcu.externaltools.gnu-tools-for-stm32.12.3.rel1.linux64_1.0.200.202406132123/tools/bin/../lib/gcc/arm-none-eabi/12.3.1/../../../../arm-none-eabi/lib/thumb/v7-m/nofp/libc_nano.a(libc_a-findfp.o)
                              /home/emanuele/st/stm32cubeide_1.15.0/plugins/com.st.stm32cube.ide.mcu.externaltools.gnu-tools-for-stm32.12.3.rel1.linux64_1.0.200.202406132123/tools/bin/../lib/gcc/arm-none-eabi/12.3.1/../../../../arm-none-eabi/lib/thumb/v7-m/nofp/libc_nano.a(libc_a-exit.o) (__stdio_exit_handler)
/home/emanuele/st/stm32cubeide_1.15.0/plugins/com.st.stm32cube.ide.mcu.externaltools.gnu-tools-for-stm32.12.3.rel1.linux64_1.0.200.202406132123/tools/bin/../lib/gcc/arm-none-eabi/12.3.1/../../../../arm-none-eabi/lib/thumb/v7-m/nofp/libc_nano.a(libc_a-fwalk.o)
                              /home/emanuele/st/stm32cubeide_1.15.0/plugins/com.st.stm32cube.ide.mcu.externaltools.gnu-tools-for-stm32.12.3.rel1.linux64_1.0.200.202406132123/tools/bin/../lib/gcc/arm-none-eabi/12.3.1/../../../../arm-none-eabi/lib/thumb/v7-m/nofp/libc_nano.a(libc_a-findfp.o) (_fwalk_sglue)
/home/emanuele/st/stm32cubeide_1.15.0/plugins/com.st.stm32cube.ide.mcu.externaltools.gnu-tools-for-stm32.12.3.rel1.linux64_1.0.200.202406132123/tools/bin/../lib/gcc/arm-none-eabi/12.3.1/../../../../arm-none-eabi/lib/thumb/v7-m/nofp/libc_nano.a(libc_a-printf.o)
                              Build/main.o (printf)
/home/emanuele/st/stm32cubeide_1.15.0/plugins/com.st.stm32cube.ide.mcu.externaltools.gnu-tools-for-stm32.12.3.rel1.linux64_1.0.200.202406132123/tools/bin/../lib/gcc/arm-none-eabi/12.3.1/../../../../arm-none-eabi/lib/thumb/v7-m/nofp/libc_nano.a(libc_a-puts.o)
                              Build/main.o (puts)
/home/emanuele/st/stm32cubeide_1.15.0/plugins/com.st.stm32cube.ide.mcu.externaltools.gnu-tools-for-stm32.12.3.rel1.linux64_1.0.200.202406132123/tools/bin/../lib/gcc/arm-none-eabi/12.3.1/../../../../arm-none-eabi/lib/thumb/v7-m/nofp/libc_nano.a(libc_a-stdio.o)
[...]
Memory Configuration

Name             Origin             Length             Attributes
FLASH_BOOT       0x08000000         0x00020000         xr
FLASH_TA1        0x08020000         0x0003c000         xr
FLASH_SECURE_TA1 0x0805c000         0x00004000         rw
FLASH_TA2        0x08060000         0x0003c000         xr
FLASH_SECURE_TA2 0x0809c000         0x00004000         rw
FLASH            0x080a0000         0x00058000         xr
FLASH_BOOT_NOPRI 0x080f8000         0x00008000         xr
RAM_BOOT         0x10000000         0x00000020         xrw
RAM              0x10004000         0x00004000         xrw
RAM_TA1          0x20000000         0x0000c000         xrw
RAM_TA2          0x2000c000         0x0000c000         xrw
*default*        0x00000000         0xffffffff

Linker script and memory map

LOAD /home/emanuele/st/stm32cubeide_1.15.0/plugins/com.st.stm32cube.ide.mcu.externaltools.gnu-tools-for-stm32.12.3.rel1.linux64_1.0.200.202406132123/tools/bin/../lib/gcc/arm-none-eabi/12.3.1/thumb/v7-m/nofp/crti.o
LOAD /home/emanuele/st/stm32cubeide_1.15.0/plugins/com.st.stm32cube.ide.mcu.externaltools.gnu-tools-for-stm32.12.3.rel1.linux64_1.0.200.202406132123/tools/bin/../lib/gcc/arm-none-eabi/12.3.1/thumb/v7-m/nofp/crtbegin.o
LOAD /home/emanuele/st/stm32cubeide_1.15.0/plugins/com.st.stm32cube.ide.mcu.externaltools.gnu-tools-for-stm32.12.3.rel1.linux64_1.0.200.202406132123/tools/bin/../lib/gcc/arm-none-eabi/12.3.1/../../../../arm-none-eabi/lib/thumb/v7-m/nofp/crt0.o
LOAD Build/main.o
LOAD Build/stm32l4xx_hal_msp.o
LOAD Build/stm32l4xx_it.o
LOAD Build/syscalls.o
LOAD Build/sysmem.o
LOAD Build/system_stm32l4xx.o
LOAD Build/tee_client_api.o
LOAD Build/stm32l4xx_hal_cortex.o
LOAD Build/stm32l4xx_hal_dfsdm.o
LOAD Build/stm32l4xx_hal_dma_ex.o
LOAD Build/stm32l4xx_hal_dma.o
LOAD Build/stm32l4xx_hal_exti.o
LOAD Build/stm32l4xx_hal_flash_ex.o
LOAD Build/stm32l4xx_hal_flash_ramfunc.o
LOAD Build/stm32l4xx_hal_flash.o
LOAD Build/stm32l4xx_hal_gpio.o
LOAD Build/stm32l4xx_hal_i2c.o
LOAD Build/stm32l4xx_hal_i2c_ex.o
LOAD Build/stm32l4xx_hal_pcd_ex.o
LOAD Build/stm32l4xx_hal_pcd.o
LOAD Build/stm32l4xx_hal_pwr.o
LOAD Build/stm32l4xx_hal_pwr_ex.o
LOAD Build/stm32l4xx_hal_qspi.o
LOAD Build/stm32l4xx_hal_rcc.o
LOAD Build/stm32l4xx_hal_rcc_ex.o
LOAD Build/stm32l4xx_hal_rng.o
LOAD Build/stm32l4xx_hal_spi.o
LOAD Build/stm32l4xx_hal_spi_ex.o
LOAD Build/stm32l4xx_hal_uart.o
LOAD Build/stm32l4xx_hal_uart_ex.o
LOAD Build/stm32l4xx_hal.o
LOAD Build/stm32l4xx_ll_usb.o
LOAD Build/startup_stm32l475vgtx.o
LOAD /home/emanuele/st/stm32cubeide_1.15.0/plugins/com.st.stm32cube.ide.mcu.externaltools.gnu-tools-for-stm32.12.3.rel1.linux64_1.0.200.202406132123/tools/bin/../lib/gcc/arm-none-eabi/12.3.1/../../../../arm-none-eabi/lib/thumb/v7-m/nofp/libc_nano.a
LOAD /home/emanuele/st/stm32cubeide_1.15.0/plugins/com.st.stm32cube.ide.mcu.externaltools.gnu-tools-for-stm32.12.3.rel1.linux64_1.0.200.202406132123/tools/bin/../lib/gcc/arm-none-eabi/12.3.1/../../../../arm-none-eabi/lib/thumb/v7-m/nofp/libm.a
LOAD /home/emanuele/st/stm32cubeide_1.15.0/plugins/com.st.stm32cube.ide.mcu.externaltools.gnu-tools-for-stm32.12.3.rel1.linux64_1.0.200.202406132123/tools/bin/../lib/gcc/arm-none-eabi/12.3.1/../../../../arm-none-eabi/lib/thumb/v7-m/nofp/libnosys.a
START GROUP
LOAD /home/emanuele/st/stm32cubeide_1.15.0/plugins/com.st.stm32cube.ide.mcu.externaltools.gnu-tools-for-stm32.12.3.rel1.linux64_1.0.200.202406132123/tools/bin/../lib/gcc/arm-none-eabi/12.3.1/thumb/v7-m/nofp/libgcc.a
LOAD /home/emanuele/st/stm32cubeide_1.15.0/plugins/com.st.stm32cube.ide.mcu.externaltools.gnu-tools-for-stm32.12.3.rel1.linux64_1.0.200.202406132123/tools/bin/../lib/gcc/arm-none-eabi/12.3.1/../../../../arm-none-eabi/lib/thumb/v7-m/nofp/libc_nano.a
END GROUP
START GROUP
LOAD /home/emanuele/st/stm32cubeide_1.15.0/plugins/com.st.stm32cube.ide.mcu.externaltools.gnu-tools-for-stm32.12.3.rel1.linux64_1.0.200.202406132123/tools/bin/../lib/gcc/arm-none-eabi/12.3.1/thumb/v7-m/nofp/libgcc.a
LOAD /home/emanuele/st/stm32cubeide_1.15.0/plugins/com.st.stm32cube.ide.mcu.externaltools.gnu-tools-for-stm32.12.3.rel1.linux64_1.0.200.202406132123/tools/bin/../lib/gcc/arm-none-eabi/12.3.1/../../../../arm-none-eabi/lib/thumb/v7-m/nofp/libc_nano.a
END GROUP
LOAD /home/emanuele/st/stm32cubeide_1.15.0/plugins/com.st.stm32cube.ide.mcu.externaltools.gnu-tools-for-stm32.12.3.rel1.linux64_1.0.200.202406132123/tools/bin/../lib/gcc/arm-none-eabi/12.3.1/thumb/v7-m/nofp/crtend.o
LOAD /home/emanuele/st/stm32cubeide_1.15.0/plugins/com.st.stm32cube.ide.mcu.externaltools.gnu-tools-for-stm32.12.3.rel1.linux64_1.0.200.202406132123/tools/bin/../lib/gcc/arm-none-eabi/12.3.1/thumb/v7-m/nofp/crtn.o
                0x10008000                        _estack = (ORIGIN (RAM) + LENGTH (RAM))
                0x00000200                        _Min_Heap_Size = 0x200
                0x00000400                        _Min_Stack_Size = 0x400
                0x08000000                        __flash_boot_start__ = ORIGIN (FLASH_BOOT)
                0x00020000                        __flash_boot_size__ = LENGTH (FLASH_BOOT)
                0x080f8000                        __flash_boot_nopri_start__ = ORIGIN (FLASH_BOOT_NOPRI)
                0x00008000                        __flash_boot_nopri_size__ = LENGTH (FLASH_BOOT_NOPRI)
                0x080a0000                        __flash_start__ = ORIGIN (FLASH)
                0x00058000                        __flash_size__ = LENGTH (FLASH)
                0x08020000                        __flash_TA1_start__ = ORIGIN (FLASH_TA1)
                0x0003c000                        __flash_TA1_size__ = LENGTH (FLASH_TA1)
                0x08060000                        __flash_TA2_start__ = ORIGIN (FLASH_TA2)
                0x0003c000                        __flash_TA2_size__ = LENGTH (FLASH_TA2)
                0x0805c000                        __flash_secure_TA1_start__ = ORIGIN (FLASH_SECURE_TA1)
                0x00004000                        __flash_secure_TA1_size__ = LENGTH (FLASH_SECURE_TA1)
                0x0809c000                        __flash_secure_TA2_start__ = ORIGIN (FLASH_SECURE_TA2)
                0x00004000                        __flash_secure_TA2_size__ = LENGTH (FLASH_SECURE_TA2)
                0x10000000                        __ram_boot_start__ = ORIGIN (RAM_BOOT)

.isr_vector     0x080a0000      0x188
                0x080a0000                        . = ALIGN (0x4)
 *(.isr_vector)
 .isr_vector    0x080a0000      0x188 Build/startup_stm32l475vgtx.o
                0x080a0000                g_pfnVectors
                0x080a0188                        . = ALIGN (0x4)

.text           0x080a0188     0x4670
                0x080a0188                        . = ALIGN (0x4)
 *(.text)
 .text          0x080a0188       0x40 /home/emanuele/st/stm32cubeide_1.15.0/plugins/com.st.stm32cube.ide.mcu.externaltools.gnu-tools-for-stm32.12.3.rel1.linux64_1.0.200.202406132123/tools/bin/../lib/gcc/arm-none-eabi/12.3.1/thumb/v7-m/nofp/crtbegin.o
 .text          0x080a01c8       0x30 /home/emanuele/st/stm32cubeide_1.15.0/plugins/com.st.stm32cube.ide.mcu.externaltools.gnu-tools-for-stm32.12.3.rel1.linux64_1.0.200.202406132123/tools/bin/../lib/gcc/arm-none-eabi/12.3.1/thumb/v7-m/nofp/libgcc.a(_aeabi_uldivmod.o)
                0x080a01c8                __aeabi_uldivmod
 .text          0x080a01f8      0x2b8 /home/emanuele/st/stm32cubeide_1.15.0/plugins/com.st.stm32cube.ide.mcu.externaltools.gnu-tools-for-stm32.12.3.rel1.linux64_1.0.200.202406132123/tools/bin/../lib/gcc/arm-none-eabi/12.3.1/thumb/v7-m/nofp/libgcc.a(_udivmoddi4.o)
                0x080a01f8                __udivmoddi4
 .text          0x080a04b0        0x4 /home/emanuele/st/stm32cubeide_1.15.0/plugins/com.st.stm32cube.ide.mcu.externaltools.gnu-tools-for-stm32.12.3.rel1.linux64_1.0.200.202406132123/tools/bin/../lib/gcc/arm-none-eabi/12.3.1/thumb/v7-m/nofp/libgcc.a(_dvmd_tls.o)
                0x080a04b0                __aeabi_ldiv0
                0x080a04b0                __aeabi_idiv0
 *(.text*)
 .text.MX_GPIO_Init
                0x080a04b4      0x2b0 Build/main.o
 .text.__io_putchar
                0x080a0764       0x20 Build/main.o
                0x080a0764                __io_putchar
 .text.Error_Handler
                0x080a0784        0x6 Build/main.o
                0x080a0784                Error_Handler
 *fill*         0x080a078a        0x2 
 .text.MX_DFSDM1_Init
                0x080a078c       0x40 Build/main.o
 .text.MX_I2C2_Init
                0x080a07cc       0x50 Build/main.o
 .text.MX_QUADSPI_Init
                0x080a081c       0x34 Build/main.o
 .text.MX_SPI3_Init
                0x080a0850       0x48 Build/main.o
 .text.MX_USART1_UART_Init
                0x080a0898       0x38 Build/main.o
 .text.MX_USART3_UART_Init
                0x080a08d0       0x38 Build/main.o
 .text.MX_USB_OTG_FS_PCD_Init
                0x080a0908       0x34 Build/main.o
 .text.MX_RNG_Init
                0x080a093c       0x1c Build/main.o
 .text.SystemClock_Config
                0x080a0958       0x9c Build/main.o
                0x080a0958                SystemClock_Config
 .text.PeriphCommonClock_Config
                0x080a09f4       0x48 Build/main.o
                0x080a09f4                PeriphCommonClock_Config
 .text.main     0x080a0a3c       0xf0 Build/main.o
                0x080a0a3c                main
 .text.HAL_MspInit
                0x080a0b2c       0x30 Build/stm32l4xx_hal_msp.o
                0x080a0b2c                HAL_MspInit
 .text.HAL_DFSDM_ChannelMspInit
                0x080a0b5c       0x90 Build/stm32l4xx_hal_msp.o
                0x080a0b5c                HAL_DFSDM_ChannelMspInit
 .text.HAL_I2C_MspInit
                0x080a0bec       0x8c Build/stm32l4xx_hal_msp.o
                0x080a0bec                HAL_I2C_MspInit
 .text.HAL_QSPI_MspInit
                0x080a0c78       0x70 Build/stm32l4xx_hal_msp.o
                0x080a0c78                HAL_QSPI_MspInit
 .text.HAL_RNG_MspInit
                0x080a0ce8       0x30 Build/stm32l4xx_hal_msp.o
                0x080a0ce8                HAL_RNG_MspInit
 .text.HAL_SPI_MspInit
                0x080a0d18       0x6c Build/stm32l4xx_hal_msp.o
                0x080a0d18                HAL_SPI_MspInit
 .text.HAL_UART_MspInit
                0x080a0d84       0xf0 Build/stm32l4xx_hal_msp.o
                0x080a0d84                HAL_UART_MspInit
 .text.HAL_PCD_MspInit
                0x080a0e74       0xa4 Build/stm32l4xx_hal_msp.o
                0x080a0e74                HAL_PCD_MspInit
 .text.NMI_Handler
                0x080a0f18        0x2 Build/stm32l4xx_it.o
                0x080a0f18                NMI_Handler
 .text.HardFault_Handler
                0x080a0f1a        0x2 Build/stm32l4xx_it.o
                0x080a0f1a                HardFault_Handler
 .text.MemManage_Handler
                0x080a0f1c        0x2 Build/stm32l4xx_it.o
                0x080a0f1c                MemManage_Handler
 .text.BusFault_Handler
                0x080a0f1e        0x2 Build/stm32l4xx_it.o
                0x080a0f1e                BusFault_Handler
 .text.UsageFault_Handler
                0x080a0f20        0x2 Build/stm32l4xx_it.o
                0x080a0f20                UsageFault_Handler
 .text.SVC_Handler
                0x080a0f22        0x2 Build/stm32l4xx_it.o
                0x080a0f22                SVC_Handler
 .text.DebugMon_Handler
                0x080a0f24        0x2 Build/stm32l4xx_it.o
                0x080a0f24                DebugMon_Handler
 .text.PendSV_Handler
                0x080a0f26        0x2 Build/stm32l4xx_it.o
                0x080a0f26                PendSV_Handler
 .text.SysTick_Handler
                0x080a0f28        0x8 Build/stm32l4xx_it.o
                0x080a0f28                SysTick_Handler
 .text.EXTI9_5_IRQHandler
                0x080a0f30       0x1e Build/stm32l4xx_it.o
                0x080a0f30                EXTI9_5_IRQHandler
 .text.EXTI15_10_IRQHandler
                0x080a0f4e       0x2c Build/stm32l4xx_it.o
                0x080a0f4e                EXTI15_10_IRQHandler
 .text._read    0x080a0f7a       0x20 Build/syscalls.o
                0x080a0f7a                _read
 .text._write   0x080a0f9a       0x1c Build/syscalls.o
                0x080a0f9a                _write
 .text._close   0x080a0fb6        0x6 Build/syscalls.o
                0x080a0fb6                _close
 .text._fstat   0x080a0fbc        0xa Build/syscalls.o
                0x080a0fbc                _fstat
 .text._isatty  0x080a0fc6        0x4 Build/syscalls.o
                0x080a0fc6                _isatty
 .text._lseek   0x080a0fca        0x4 Build/syscalls.o
                0x080a0fca                _lseek
 *fill*         0x080a0fce        0x2 
 .text._sbrk    0x080a0fd0       0x48 Build/sysmem.o
                0x080a0fd0                _sbrk
 .text.SystemInit
                0x080a1018        0x2 Build/system_stm32l4xx.o
                0x080a1018                SystemInit
 *fill*         0x080a101a        0x2 
 .text.check_context
                0x080a101c       0x40 Build/tee_client_api.o
 .text.TEEC_InitializeContext
                0x080a105c       0x68 Build/tee_client_api.o
                0x080a105c                TEEC_InitializeContext
 .text.TEEC_FinalizeContext
                0x080a10c4       0x48 Build/tee_client_api.o
                0x080a10c4                TEEC_FinalizeContext
 .text.TEEC_OpenSession
                0x080a110c       0xc0 Build/tee_client_api.o
                0x080a110c                TEEC_OpenSession
 .text.TEEC_CloseSession
                0x080a11cc       0x34 Build/tee_client_api.o
                0x080a11cc                TEEC_CloseSession
 .text.TEEC_InvokeCommand
                0x080a1200       0xbc Build/tee_client_api.o
                0x080a1200                TEEC_InvokeCommand
 .text.__NVIC_EnableIRQ
                0x080a12bc       0x1c Build/stm32l4xx_hal_cortex.o
 .text.__NVIC_SetPriority
                0x080a12d8       0x28 Build/stm32l4xx_hal_cortex.o
 .text.NVIC_EncodePriority
                0x080a1300       0x3e Build/stm32l4xx_hal_cortex.o
 *fill*         0x080a133e        0x2 
 .text.HAL_NVIC_SetPriorityGrouping
                0x080a1340       0x24 Build/stm32l4xx_hal_cortex.o
                0x080a1340                HAL_NVIC_SetPriorityGrouping
 .text.HAL_NVIC_SetPriority
                0x080a1364       0x20 Build/stm32l4xx_hal_cortex.o
                0x080a1364                HAL_NVIC_SetPriority
 .text.HAL_NVIC_EnableIRQ
                0x080a1384        0x8 Build/stm32l4xx_hal_cortex.o
                0x080a1384                HAL_NVIC_EnableIRQ
 .text.HAL_SYSTICK_Config
                0x080a138c       0x28 Build/stm32l4xx_hal_cortex.o
                0x080a138c                HAL_SYSTICK_Config
 .text.DFSDM_GetChannelFromInstance
                0x080a13b4       0x50 Build/stm32l4xx_hal_dfsdm.o
 .text.HAL_DFSDM_ChannelInit
                0x080a1404      0x108 Build/stm32l4xx_hal_dfsdm.o
                0x080a1404                HAL_DFSDM_ChannelInit
 .text.HAL_GPIO_Init
                0x080a150c      0x20c Build/stm32l4xx_hal_gpio.o
                0x080a150c                HAL_GPIO_Init
 .text.HAL_GPIO_WritePin
                0x080a1718        0xa Build/stm32l4xx_hal_gpio.o
                0x080a1718                HAL_GPIO_WritePin
 .text.HAL_GPIO_TogglePin
                0x080a1722       0x12 Build/stm32l4xx_hal_gpio.o
                0x080a1722                HAL_GPIO_TogglePin
 .text.HAL_GPIO_EXTI_Callback
                0x080a1734        0x2 Build/stm32l4xx_hal_gpio.o
                0x080a1734                HAL_GPIO_EXTI_Callback
 *fill*         0x080a1736        0x2 
 .text.HAL_GPIO_EXTI_IRQHandler
                0x080a1738       0x1c Build/stm32l4xx_hal_gpio.o
                0x080a1738                HAL_GPIO_EXTI_IRQHandler
 .text.HAL_I2C_Init
                0x080a1754       0xc8 Build/stm32l4xx_hal_i2c.o
                0x080a1754                HAL_I2C_Init
 .text.HAL_I2CEx_ConfigAnalogFilter
                0x080a181c       0x5c Build/stm32l4xx_hal_i2c_ex.o
                0x080a181c                HAL_I2CEx_ConfigAnalogFilter
 .text.HAL_I2CEx_ConfigDigitalFilter
                0x080a1878       0x58 Build/stm32l4xx_hal_i2c_ex.o
                0x080a1878                HAL_I2CEx_ConfigDigitalFilter
 .text.HAL_PCDEx_ActivateLPM
                0x080a18d0       0x26 Build/stm32l4xx_hal_pcd_ex.o
                0x080a18d0                HAL_PCDEx_ActivateLPM
 .text.HAL_PCD_Init
                0x080a18f6      0x106 Build/stm32l4xx_hal_pcd.o
                0x080a18f6                HAL_PCD_Init
 .text.HAL_PWR_EnableBkUpAccess
                0x080a19fc       0x10 Build/stm32l4xx_hal_pwr.o
                0x080a19fc                HAL_PWR_EnableBkUpAccess
 .text.HAL_PWREx_GetVoltageRange
                0x080a1a0c       0x10 Build/stm32l4xx_hal_pwr_ex.o
                0x080a1a0c                HAL_PWREx_GetVoltageRange
 .text.HAL_PWREx_ControlVoltageScaling
                0x080a1a1c       0x90 Build/stm32l4xx_hal_pwr_ex.o
                0x080a1a1c                HAL_PWREx_ControlVoltageScaling
 .text.HAL_PWREx_EnableVddUSB
                0x080a1aac       0x10 Build/stm32l4xx_hal_pwr_ex.o
                0x080a1aac                HAL_PWREx_EnableVddUSB
 .text.QSPI_WaitFlagStateUntilTimeout
                0x080a1abc       0x54 Build/stm32l4xx_hal_qspi.o
 .text.HAL_QSPI_SetTimeout
                0x080a1b10        0x4 Build/stm32l4xx_hal_qspi.o
                0x080a1b10                HAL_QSPI_SetTimeout
 .text.HAL_QSPI_Init
                0x080a1b14       0xa8 Build/stm32l4xx_hal_qspi.o
                0x080a1b14                HAL_QSPI_Init
 .text.RCC_SetFlashLatencyFromMSIRange
                0x080a1bbc       0x90 Build/stm32l4xx_hal_rcc.o
 .text.HAL_RCC_GetSysClockFreq
                0x080a1c4c       0xb4 Build/stm32l4xx_hal_rcc.o
                0x080a1c4c                HAL_RCC_GetSysClockFreq
 .text.HAL_RCC_OscConfig
                0x080a1d00      0x61c Build/stm32l4xx_hal_rcc.o
                0x080a1d00                HAL_RCC_OscConfig
 .text.HAL_RCC_ClockConfig
                0x080a231c      0x188 Build/stm32l4xx_hal_rcc.o
                0x080a231c                HAL_RCC_ClockConfig
 .text.HAL_RCC_GetHCLKFreq
                0x080a24a4        0xc Build/stm32l4xx_hal_rcc.o
                0x080a24a4                HAL_RCC_GetHCLKFreq
 .text.HAL_RCC_GetPCLK1Freq
                0x080a24b0       0x24 Build/stm32l4xx_hal_rcc.o
                0x080a24b0                HAL_RCC_GetPCLK1Freq
 .text.HAL_RCC_GetPCLK2Freq
                0x080a24d4       0x24 Build/stm32l4xx_hal_rcc.o
                0x080a24d4                HAL_RCC_GetPCLK2Freq
 .text.RCCEx_PLLSAI1_Config
                0x080a24f8      0x170 Build/stm32l4xx_hal_rcc_ex.o
 .text.RCCEx_PLLSAI2_Config
                0x080a2668      0x14c Build/stm32l4xx_hal_rcc_ex.o
 .text.HAL_RCCEx_PeriphCLKConfig
                0x080a27b4      0x454 Build/stm32l4xx_hal_rcc_ex.o
                0x080a27b4                HAL_RCCEx_PeriphCLKConfig
 .text.HAL_RCCEx_EnableMSIPLLMode
                0x080a2c08       0x10 Build/stm32l4xx_hal_rcc_ex.o
                0x080a2c08                HAL_RCCEx_EnableMSIPLLMode
 .text.HAL_RNG_Init
                0x080a2c18       0x72 Build/stm32l4xx_hal_rng.o
                0x080a2c18                HAL_RNG_Init
 .text.HAL_SPI_Init
                0x080a2c8a       0xde Build/stm32l4xx_hal_spi.o
                0x080a2c8a                HAL_SPI_Init
 .text.UART_EndRxTransfer
                0x080a2d68       0x52 Build/stm32l4xx_hal_uart.o
 *fill*         0x080a2dba        0x2 
 .text.UART_SetConfig
                0x080a2dbc      0x328 Build/stm32l4xx_hal_uart.o
                0x080a2dbc                UART_SetConfig
 .text.UART_AdvFeatureConfig
                0x080a30e4       0xca Build/stm32l4xx_hal_uart.o
                0x080a30e4                UART_AdvFeatureConfig
 .text.UART_WaitOnFlagUntilTimeout
                0x080a31ae       0x9e Build/stm32l4xx_hal_uart.o
                0x080a31ae                UART_WaitOnFlagUntilTimeout
 .text.HAL_UART_Transmit
                0x080a324c       0xc8 Build/stm32l4xx_hal_uart.o
                0x080a324c                HAL_UART_Transmit
 .text.UART_CheckIdleState
                0x080a3314       0xc6 Build/stm32l4xx_hal_uart.o
                0x080a3314                UART_CheckIdleState
 .text.HAL_UART_Init
                0x080a33da       0x62 Build/stm32l4xx_hal_uart.o
                0x080a33da                HAL_UART_Init
 .text.HAL_InitTick
                0x080a343c       0x50 Build/stm32l4xx_hal.o
                0x080a343c                HAL_InitTick
 .text.HAL_Init
                0x080a348c       0x1e Build/stm32l4xx_hal.o
                0x080a348c                HAL_Init
 *fill*         0x080a34aa        0x2 
 .text.HAL_IncTick
                0x080a34ac       0x18 Build/stm32l4xx_hal.o
                0x080a34ac                HAL_IncTick
 .text.HAL_GetTick
                0x080a34c4        0xc Build/stm32l4xx_hal.o
                0x080a34c4                HAL_GetTick
 .text.HAL_Delay
                0x080a34d0       0x28 Build/stm32l4xx_hal.o
                0x080a34d0                HAL_Delay
 .text.USB_CoreReset
                0x080a34f8       0x4a Build/stm32l4xx_ll_usb.o
 .text.USB_CoreInit
                0x080a3542       0x3a Build/stm32l4xx_ll_usb.o
                0x080a3542                USB_CoreInit
 .text.USB_DisableGlobalInt
                0x080a357c        0xc Build/stm32l4xx_ll_usb.o
                0x080a357c                USB_DisableGlobalInt
 .text.USB_FlushTxFifo
                0x080a3588       0x4a Build/stm32l4xx_ll_usb.o
                0x080a3588                USB_FlushTxFifo
 .text.USB_FlushRxFifo
                0x080a35d2       0x46 Build/stm32l4xx_ll_usb.o
                0x080a35d2                USB_FlushRxFifo
 .text.USB_SetDevSpeed
                0x080a3618        0xe Build/stm32l4xx_ll_usb.o
                0x080a3618                USB_SetDevSpeed
 *fill*         0x080a3626        0x2 
 .text.USB_DevInit
                0x080a3628      0x164 Build/stm32l4xx_ll_usb.o
                0x080a3628                USB_DevInit
 .text.USB_DevDisconnect
                0x080a378c       0x1c Build/stm32l4xx_ll_usb.o
                0x080a378c                USB_DevDisconnect
 .text.USB_GetMode
                0x080a37a8        0x8 Build/stm32l4xx_ll_usb.o
                0x080a37a8                USB_GetMode
 .text.USB_SetCurrentMode
                0x080a37b0       0x62 Build/stm32l4xx_ll_usb.o
                0x080a37b0                USB_SetCurrentMode
 *fill*         0x080a3812        0x2 
 .text.Reset_Handler
                0x080a3814       0x50 Build/startup_stm32l475vgtx.o
                0x080a3814                Reset_Handler
 .text.Default_Handler
                0x080a3864        0x2 Build/startup_stm32l475vgtx.o
                0x080a3864                RTC_Alarm_IRQHandler
                0x080a3864                EXTI2_IRQHandler
                0x080a3864                TIM8_TRG_COM_IRQHandler
                0x080a3864                TIM8_CC_IRQHandler
                0x080a3864                TIM1_CC_IRQHandler
                0x080a3864                TSC_IRQHandler
                0x080a3864                TAMP_STAMP_IRQHandler
                0x080a3864                EXTI3_IRQHandler
                0x080a3864                LPTIM2_IRQHandler
                0x080a3864                DFSDM1_FLT1_IRQHandler
                0x080a3864                I2C3_ER_IRQHandler
                0x080a3864                DFSDM1_FLT2_IRQHandler
                0x080a3864                EXTI0_IRQHandler
                0x080a3864                I2C2_EV_IRQHandler
                0x080a3864                CAN1_RX0_IRQHandler
                0x080a3864                FPU_IRQHandler
                0x080a3864                TIM1_UP_TIM16_IRQHandler
                0x080a3864                ADC1_2_IRQHandler
                0x080a3864                SPI1_IRQHandler
                0x080a3864                TIM6_DAC_IRQHandler
                0x080a3864                TIM8_UP_IRQHandler
                0x080a3864                DMA2_Channel2_IRQHandler
                0x080a3864                DMA1_Channel4_IRQHandler
                0x080a3864                SAI2_IRQHandler
                0x080a3864                DFSDM1_FLT3_IRQHandler
                0x080a3864                USART3_IRQHandler
                0x080a3864                DMA1_Channel7_IRQHandler
                0x080a3864                CAN1_RX1_IRQHandler
                0x080a3864                UART5_IRQHandler
                0x080a3864                ADC3_IRQHandler
                0x080a3864                TIM4_IRQHandler
                0x080a3864                DMA2_Channel1_IRQHandler
                0x080a3864                QUADSPI_IRQHandler
                0x080a3864                I2C1_EV_IRQHandler
                0x080a3864                DMA1_Channel6_IRQHandler
                0x080a3864                UART4_IRQHandler
                0x080a3864                DMA2_Channel4_IRQHandler
                0x080a3864                TIM3_IRQHandler
                0x080a3864                RCC_IRQHandler
                0x080a3864                DMA1_Channel1_IRQHandler
                0x080a3864                Default_Handler
                0x080a3864                DMA2_Channel7_IRQHandler
                0x080a3864                TIM7_IRQHandler
                0x080a3864                SDMMC1_IRQHandler
                0x080a3864                TIM5_IRQHandler
                0x080a3864                I2C3_EV_IRQHandler
                0x080a3864                RTC_WKUP_IRQHandler
                0x080a3864                PVD_PVM_IRQHandler
                0x080a3864                SPI2_IRQHandler
                0x080a3864                CAN1_TX_IRQHandler
                0x080a3864                DMA2_Channel5_IRQHandler
                0x080a3864                DMA1_Channel5_IRQHandler
                0x080a3864                EXTI4_IRQHandler
                0x080a3864                RNG_IRQHandler
                0x080a3864                TIM1_TRG_COM_TIM17_IRQHandler
                0x080a3864                DMA1_Channel3_IRQHandler
                0x080a3864                COMP_IRQHandler
                0x080a3864                WWDG_IRQHandler
                0x080a3864                LPUART1_IRQHandler
                0x080a3864                DMA2_Channel6_IRQHandler
                0x080a3864                TIM2_IRQHandler
                0x080a3864                EXTI1_IRQHandler
                0x080a3864                USART2_IRQHandler
                0x080a3864                DFSDM1_FLT0_IRQHandler
                0x080a3864                I2C2_ER_IRQHandler
                0x080a3864                DMA1_Channel2_IRQHandler
                0x080a3864                TIM8_BRK_IRQHandler
                0x080a3864                CAN1_SCE_IRQHandler
                0x080a3864                FLASH_IRQHandler
                0x080a3864                USART1_IRQHandler
                0x080a3864                OTG_FS_IRQHandler
                0x080a3864                SPI3_IRQHandler
                0x080a3864                I2C1_ER_IRQHandler
                0x080a3864                FMC_IRQHandler
                0x080a3864                SWPMI1_IRQHandler
                0x080a3864                LPTIM1_IRQHandler
                0x080a3864                SAI1_IRQHandler
                0x080a3864                DMA2_Channel3_IRQHandler
                0x080a3864                TIM1_BRK_TIM15_IRQHandler
 *fill*         0x080a3866        0x2 
 .text.calloc   0x080a3868       0x10 /home/emanuele/st/stm32cubeide_1.15.0/plugins/com.st.stm32cube.ide.mcu.externaltools.gnu-tools-for-stm32.12.3.rel1.linux64_1.0.200.202406132123/tools/bin/../lib/gcc/arm-none-eabi/12.3.1/../../../../arm-none-eabi/lib/thumb/v7-m/nofp/libc_nano.a(libc_a-calloc.o)
                0x080a3868                calloc
 .text._calloc_r
                0x080a3878       0x28 /home/emanuele/st/stm32cubeide_1.15.0/plugins/com.st.stm32cube.ide.mcu.externaltools.gnu-tools-for-stm32.12.3.rel1.linux64_1.0.200.202406132123/tools/bin/../lib/gcc/arm-none-eabi/12.3.1/../../../../arm-none-eabi/lib/thumb/v7-m/nofp/libc_nano.a(libc_a-callocr.o)
                0x080a3878                _calloc_r
 .text.free     0x080a38a0       0x10 /home/emanuele/st/stm32cubeide_1.15.0/plugins/com.st.stm32cube.ide.mcu.externaltools.gnu-tools-for-stm32.12.3.rel1.linux64_1.0.200.202406132123/tools/bin/../lib/gcc/arm-none-eabi/12.3.1/../../../../arm-none-eabi/lib/thumb/v7-m/nofp/libc_nano.a(libc_a-malloc.o)
                0x080a38a0                free
 .text.sbrk_aligned
                0x080a38b0       0x44 /home/emanuele/st/stm32cubeide_1.15.0/plugins/com.st.stm32cube.ide.mcu.externaltools.gnu-tools-for-stm32.12.3.rel1.linux64_1.0.200.202406132123/tools/bin/../lib/gcc/arm-none-eabi/12.3.1/../../../../arm-none-eabi/lib/thumb/v7-m/nofp/libc_nano.a(libc_a-mallocr.o)
 .text._malloc_r
                0x080a38f4      0x100 /home/emanuele/st/stm32cubeide_1.15.0/plugins/com.st.stm32cube.ide.mcu.externaltools.gnu-tools-for-stm32.12.3.rel1.linux64_1.0.200.202406132123/tools/bin/../lib/gcc/arm-none-eabi/12.3.1/../../../../arm-none-eabi/lib/thumb/v7-m/nofp/libc_nano.a(libc_a-mallocr.o)
                0x080a38f4                _malloc_r
 .text.__malloc_lock
                0x080a39f4        0xc /home/emanuele/st/stm32cubeide_1.15.0/plugins/com.st.stm32cube.ide.mcu.externaltools.gnu-tools-for-stm32.12.3.rel1.linux64_1.0.200.202406132123/tools/bin/../lib/gcc/arm-none-eabi/12.3.1/../../../../arm-none-eabi/lib/thumb/v7-m/nofp/libc_nano.a(libc_a-mlock.o)
                0x080a39f4                __malloc_lock
 .text.__malloc_unlock
                0x080a3a00        0xc /home/emanuele/st/stm32cubeide_1.15.0/plugins/com.st.stm32cube.ide.mcu.externaltools.gnu-tools-for-stm32.12.3.rel1.linux64_1.0.200.202406132123/tools/bin/../lib/gcc/arm-none-eabi/12.3.1/../../../../arm-none-eabi/lib/thumb/v7-m/nofp/libc_nano.a(libc_a-mlock.o)
                0x080a3a00                __malloc_unlock
 .text.std      0x080a3a0c       0x6c /home/emanuele/st/stm32cubeide_1.15.0/plugins/com.st.stm32cube.ide.mcu.externaltools.gnu-tools-for-stm32.12.3.rel1.linux64_1.0.200.202406132123/tools/bin/../lib/gcc/arm-none-eabi/12.3.1/../../../../arm-none-eabi/lib/thumb/v7-m/nofp/libc_nano.a(libc_a-findfp.o)
 .text.stdio_exit_handler
                0x080a3a78       0x18 /home/emanuele/st/stm32cubeide_1.15.0/plugins/com.st.stm32cube.ide.mcu.externaltools.gnu-tools-for-stm32.12.3.rel1.linux64_1.0.200.202406132123/tools/bin/../lib/gcc/arm-none-eabi/12.3.1/../../../../arm-none-eabi/lib/thumb/v7-m/nofp/libc_nano.a(libc_a-findfp.o)
 .text.cleanup_stdio
                0x080a3a90       0x40 /home/emanuele/st/stm32cubeide_1.15.0/plugins/com.st.stm32cube.ide.mcu.externaltools.gnu-tools-for-stm32.12.3.rel1.linux64_1.0.200.202406132123/tools/bin/../lib/gcc/arm-none-eabi/12.3.1/../../../../arm-none-eabi/lib/thumb/v7-m/nofp/libc_nano.a(libc_a-findfp.o)
 .text.global_stdio_init.part.0
                0x080a3ad0       0x3c /home/emanuele/st/stm32cubeide_1.15.0/plugins/com.st.stm32cube.ide.mcu.externaltools.gnu-tools-for-stm32.12.3.rel1.linux64_1.0.200.202406132123/tools/bin/../lib/gcc/arm-none-eabi/12.3.1/../../../../arm-none-eabi/lib/thumb/v7-m/nofp/libc_nano.a(libc_a-findfp.o)
 .text.__sfp_lock_acquire
                0x080a3b0c        0xc /home/emanuele/st/stm32cubeide_1.15.0/plugins/com.st.stm32cube.ide.mcu.externaltools.gnu-tools-for-stm32.12.3.rel1.linux64_1.0.200.202406132123/tools/bin/../lib/gcc/arm-none-eabi/12.3.1/../../../../arm-none-eabi/lib/thumb/v7-m/nofp/libc_nano.a(libc_a-findfp.o)
                0x080a3b0c                __sfp_lock_acquire
 .text.__sfp_lock_release
                0x080a3b18        0xc /home/emanuele/st/stm32cubeide_1.15.0/plugins/com.st.stm32cube.ide.mcu.externaltools.gnu-tools-for-stm32.12.3.rel1.linux64_1.0.200.202406132123/tools/bin/../lib/gcc/arm-none-eabi/12.3.1/../../../../arm-none-eabi/lib/thumb/v7-m/nofp/libc_nano.a(libc_a-findfp.o)
                0x080a3b18                __sfp_lock_release
 .text.__sinit  0x080a3b24       0x30 /home/emanuele/st/stm32cubeide_1.15.0/plugins/com.st.stm32cube.ide.mcu.externaltools.gnu-tools-for-stm32.12.3.rel1.linux64_1.0.200.202406132123/tools/bin/../lib/gcc/arm-none-eabi/12.3.1/../../../../arm-none-eabi/lib/thumb/v7-m/nofp/libc_nano.a(libc_a-findfp.o)
                0x080a3b24                __sinit
 .text._fwalk_sglue
                0x080a3b54       0x3c /home/emanuele/st/stm32cubeide_1.15.0/plugins/com.st.stm32cube.ide.mcu.externaltools.gnu-tools-for-stm32.12.3.rel1.linux64_1.0.200.202406132123/tools/bin/../lib/gcc/arm-none-eabi/12.3.1/../../../../arm-none-eabi/lib/thumb/v7-m/nofp/libc_nano.a(libc_a-fwalk.o)
                0x080a3b54                _fwalk_sglue
 .text.printf   0x080a3b90       0x24 /home/emanuele/st/stm32cubeide_1.15.0/plugins/com.st.stm32cube.ide.mcu.externaltools.gnu-tools-for-stm32.12.3.rel1.linux64_1.0.200.202406132123/tools/bin/../lib/gcc/arm-none-eabi/12.3.1/../../../../arm-none-eabi/lib/thumb/v7-m/nofp/libc_nano.a(libc_a-printf.o)
                0x080a3b90                printf
                0x080a3b90                iprintf
 .text._puts_r  0x080a3bb4       0xaa /home/emanuele/st/stm32cubeide_1.15.0/plugins/com.st.stm32cube.ide.mcu.externaltools.gnu-tools-for-stm32.12.3.rel1.linux64_1.0.200.202406132123/tools/bin/../lib/gcc/arm-none-eabi/12.3.1/../../../../arm-none-eabi/lib/thumb/v7-m/nofp/libc_nano.a(libc_a-puts.o)
                0x080a3bb4                _puts_r
 *fill*         0x080a3c5e        0x2 
 .text.puts     0x080a3c60       0x10 /home/emanuele/st/stm32cubeide_1.15.0/plugins/com.st.stm32cube.ide.mcu.externaltools.gnu-tools-for-stm32.12.3.rel1.linux64_1.0.200.202406132123/tools/bin/../lib/gcc/arm-none-eabi/12.3.1/../../../../arm-none-eabi/lib/thumb/v7-m/nofp/libc_nano.a(libc_a-puts.o)
                0x080a3c60                puts
 .text.__sread  0x080a3c70       0x22 /home/emanuele/st/stm32cubeide_1.15.0/plugins/com.st.stm32cube.ide.mcu.externaltools.gnu-tools-for-stm32.12.3.rel1.linux64_1.0.200.202406132123/tools/bin/../lib/gcc/arm-none-eabi/12.3.1/../../../../arm-none-eabi/lib/thumb/v7-m/nofp/libc_nano.a(libc_a-stdio.o)
                0x080a3c70                __sread
 .text.__swrite
                0x080a3c92       0x38 /home/emanuele/st/stm32cubeide_1.15.0/plugins/com.st.stm32cube.ide.mcu.externaltools.gnu-tools-for-stm32.12.3.rel1.linux64_1.0.200.202406132123/tools/bin/../lib/gcc/arm-none-eabi/12.3.1/../../../../arm-none-eabi/lib/thumb/v7-m/nofp/libc_nano.a(libc_a-stdio.o)
                0x080a3c92                __swrite
 .text.__sseek  0x080a3cca       0x24 /home/emanuele/st/stm32cubeide_1.15.0/plugins/com.st.stm32cube.ide.mcu.externaltools.gnu-tools-for-stm32.12.3.rel1.linux64_1.0.200.202406132123/tools/bin/../lib/gcc/arm-none-eabi/12.3.1/../../../../arm-none-eabi/lib/thumb/v7-m/nofp/libc_nano.a(libc_a-stdio.o)
                0x080a3cca                __sseek
 .text.__sclose
                0x080a3cee        0x8 /home/emanuele/st/stm32cubeide_1.15.0/plugins/com.st.stm32cube.ide.mcu.externaltools.gnu-tools-for-stm32.12.3.rel1.linux64_1.0.200.202406132123/tools/bin/../lib/gcc/arm-none-eabi/12.3.1/../../../../arm-none-eabi/lib/thumb/v7-m/nofp/libc_nano.a(libc_a-stdio.o)
                0x080a3cee                __sclose
 .text.__swbuf_r
                0x080a3cf6       0x7c /home/emanuele/st/stm32cubeide_1.15.0/plugins/com.st.stm32cube.ide.mcu.externaltools.gnu-tools-for-stm32.12.3.rel1.linux64_1.0.200.202406132123/tools/bin/../lib/gcc/arm-none-eabi/12.3.1/../../../../arm-none-eabi/lib/thumb/v7-m/nofp/libc_nano.a(libc_a-wbuf.o)
                0x080a3cf6                __swbuf_r
 *fill*         0x080a3d72        0x2 
 .text.__swsetup_r
                0x080a3d74       0xac /home/emanuele/st/stm32cubeide_1.15.0/plugins/com.st.stm32cube.ide.mcu.externaltools.gnu-tools-for-stm32.12.3.rel1.linux64_1.0.200.202406132123/tools/bin/../lib/gcc/arm-none-eabi/12.3.1/../../../../arm-none-eabi/lib/thumb/v7-m/nofp/libc_nano.a(libc_a-wsetup.o)
                0x080a3d74                __swsetup_r
 .text.memset   0x080a3e20       0x10 /home/emanuele/st/stm32cubeide_1.15.0/plugins/com.st.stm32cube.ide.mcu.externaltools.gnu-tools-for-stm32.12.3.rel1.linux64_1.0.200.202406132123/tools/bin/../lib/gcc/arm-none-eabi/12.3.1/../../../../arm-none-eabi/lib/thumb/v7-m/nofp/libc_nano.a(libc_a-memset.o)
                0x080a3e20                memset
 .text._close_r
                0x080a3e30       0x20 /home/emanuele/st/stm32cubeide_1.15.0/plugins/com.st.stm32cube.ide.mcu.externaltools.gnu-tools-for-stm32.12.3.rel1.linux64_1.0.200.202406132123/tools/bin/../lib/gcc/arm-none-eabi/12.3.1/../../../../arm-none-eabi/lib/thumb/v7-m/nofp/libc_nano.a(libc_a-closer.o)
                0x080a3e30                _close_r
 .text._lseek_r
                0x080a3e50       0x24 /home/emanuele/st/stm32cubeide_1.15.0/plugins/com.st.stm32cube.ide.mcu.externaltools.gnu-tools-for-stm32.12.3.rel1.linux64_1.0.200.202406132123/tools/bin/../lib/gcc/arm-none-eabi/12.3.1/../../../../arm-none-eabi/lib/thumb/v7-m/nofp/libc_nano.a(libc_a-lseekr.o)
                0x080a3e50                _lseek_r
 .text._read_r  0x080a3e74       0x24 /home/emanuele/st/stm32cubeide_1.15.0/plugins/com.st.stm32cube.ide.mcu.externaltools.gnu-tools-for-stm32.12.3.rel1.linux64_1.0.200.202406132123/tools/bin/../lib/gcc/arm-none-eabi/12.3.1/../../../../arm-none-eabi/lib/thumb/v7-m/nofp/libc_nano.a(libc_a-readr.o)
                0x080a3e74                _read_r
 .text._sbrk_r  0x080a3e98       0x20 /home/emanuele/st/stm32cubeide_1.15.0/plugins/com.st.stm32cube.ide.mcu.externaltools.gnu-tools-for-stm32.12.3.rel1.linux64_1.0.200.202406132123/tools/bin/../lib/gcc/arm-none-eabi/12.3.1/../../../../arm-none-eabi/lib/thumb/v7-m/nofp/libc_nano.a(libc_a-sbrkr.o)
                0x080a3e98                _sbrk_r
 .text._write_r
                0x080a3eb8       0x24 /home/emanuele/st/stm32cubeide_1.15.0/plugins/com.st.stm32cube.ide.mcu.externaltools.gnu-tools-for-stm32.12.3.rel1.linux64_1.0.200.202406132123/tools/bin/../lib/gcc/arm-none-eabi/12.3.1/../../../../arm-none-eabi/lib/thumb/v7-m/nofp/libc_nano.a(libc_a-writer.o)
                0x080a3eb8                _write_r
 .text.__errno  0x080a3edc        0xc /home/emanuele/st/stm32cubeide_1.15.0/plugins/com.st.stm32cube.ide.mcu.externaltools.gnu-tools-for-stm32.12.3.rel1.linux64_1.0.200.202406132123/tools/bin/../lib/gcc/arm-none-eabi/12.3.1/../../../../arm-none-eabi/lib/thumb/v7-m/nofp/libc_nano.a(libc_a-errno.o)
                0x080a3edc                __errno
 .text.__libc_init_array
                0x080a3ee8       0x48 /home/emanuele/st/stm32cubeide_1.15.0/plugins/com.st.stm32cube.ide.mcu.externaltools.gnu-tools-for-stm32.12.3.rel1.linux64_1.0.200.202406132123/tools/bin/../lib/gcc/arm-none-eabi/12.3.1/../../../../arm-none-eabi/lib/thumb/v7-m/nofp/libc_nano.a(libc_a-init.o)
                0x080a3ee8                __libc_init_array
 .text.__retarget_lock_init_recursive
                0x080a3f30        0x2 /home/emanuele/st/stm32cubeide_1.15.0/plugins/com.st.stm32cube.ide.mcu.externaltools.gnu-tools-for-stm32.12.3.rel1.linux64_1.0.200.202406132123/tools/bin/../lib/gcc/arm-none-eabi/12.3.1/../../../../arm-none-eabi/lib/thumb/v7-m/nofp/libc_nano.a(libc_a-lock.o)
                0x080a3f30                __retarget_lock_init_recursive
 .text.__retarget_lock_acquire_recursive
                0x080a3f32        0x2 /home/emanuele/st/stm32cubeide_1.15.0/plugins/com.st.stm32cube.ide.mcu.externaltools.gnu-tools-for-stm32.12.3.rel1.linux64_1.0.200.202406132123/tools/bin/../lib/gcc/arm-none-eabi/12.3.1/../../../../arm-none-eabi/lib/thumb/v7-m/nofp/libc_nano.a(libc_a-lock.o)
                0x080a3f32                __retarget_lock_acquire_recursive
 .text.__retarget_lock_release_recursive
                0x080a3f34        0x2 /home/emanuele/st/stm32cubeide_1.15.0/plugins/com.st.stm32cube.ide.mcu.externaltools.gnu-tools-for-stm32.12.3.rel1.linux64_1.0.200.202406132123/tools/bin/../lib/gcc/arm-none-eabi/12.3.1/../../../../arm-none-eabi/lib/thumb/v7-m/nofp/libc_nano.a(libc_a-lock.o)
                0x080a3f34                __retarget_lock_release_recursive
 *fill*         0x080a3f36        0x2 
 .text._free_r  0x080a3f38       0x90 /home/emanuele/st/stm32cubeide_1.15.0/plugins/com.st.stm32cube.ide.mcu.externaltools.gnu-tools-for-stm32.12.3.rel1.linux64_1.0.200.202406132123/tools/bin/../lib/gcc/arm-none-eabi/12.3.1/../../../../arm-none-eabi/lib/thumb/v7-m/nofp/libc_nano.a(libc_a-freer.o)
                0x080a3f38                _free_r
 .text.__sfputc_r
                0x080a3fc8       0x2a /home/emanuele/st/stm32cubeide_1.15.0/plugins/com.st.stm32cube.ide.mcu.externaltools.gnu-tools-for-stm32.12.3.rel1.linux64_1.0.200.202406132123/tools/bin/../lib/gcc/arm-none-eabi/12.3.1/../../../../arm-none-eabi/lib/thumb/v7-m/nofp/libc_nano.a(libc_a-nano-vfprintf.o)
 .text.__sfputs_r
                0x080a3ff2       0x24 /home/emanuele/st/stm32cubeide_1.15.0/plugins/com.st.stm32cube.ide.mcu.externaltools.gnu-tools-for-stm32.12.3.rel1.linux64_1.0.200.202406132123/tools/bin/../lib/gcc/arm-none-eabi/12.3.1/../../../../arm-none-eabi/lib/thumb/v7-m/nofp/libc_nano.a(libc_a-nano-vfprintf.o)
                0x080a3ff2                __sfputs_r
 *fill*         0x080a4016        0x2 
 .text._vfprintf_r
                0x080a4018      0x230 /home/emanuele/st/stm32cubeide_1.15.0/plugins/com.st.stm32cube.ide.mcu.externaltools.gnu-tools-for-stm32.12.3.rel1.linux64_1.0.200.202406132123/tools/bin/../lib/gcc/arm-none-eabi/12.3.1/../../../../arm-none-eabi/lib/thumb/v7-m/nofp/libc_nano.a(libc_a-nano-vfprintf.o)
                0x080a4018                _vfiprintf_r
                0x080a4018                _vfprintf_r
 .text._printf_common
                0x080a4248       0xe4 /home/emanuele/st/stm32cubeide_1.15.0/plugins/com.st.stm32cube.ide.mcu.externaltools.gnu-tools-for-stm32.12.3.rel1.linux64_1.0.200.202406132123/tools/bin/../lib/gcc/arm-none-eabi/12.3.1/../../../../arm-none-eabi/lib/thumb/v7-m/nofp/libc_nano.a(libc_a-nano-vfprintf_i.o)
                0x080a4248                _printf_common
 .text._printf_i
                0x080a432c      0x240 /home/emanuele/st/stm32cubeide_1.15.0/plugins/com.st.stm32cube.ide.mcu.externaltools.gnu-tools-for-stm32.12.3.rel1.linux64_1.0.200.202406132123/tools/bin/../lib/gcc/arm-none-eabi/12.3.1/../../../../arm-none-eabi/lib/thumb/v7-m/nofp/libc_nano.a(libc_a-nano-vfprintf_i.o)
                0x080a432c                _printf_i
 .text.__sflush_r
                0x080a456c      0x100 /home/emanuele/st/stm32cubeide_1.15.0/plugins/com.st.stm32cube.ide.mcu.externaltools.gnu-tools-for-stm32.12.3.rel1.linux64_1.0.200.202406132123/tools/bin/../lib/gcc/arm-none-eabi/12.3.1/../../../../arm-none-eabi/lib/thumb/v7-m/nofp/libc_nano.a(libc_a-fflush.o)
                0x080a456c                __sflush_r
 .text._fflush_r
                0x080a466c       0x50 /home/emanuele/st/stm32cubeide_1.15.0/plugins/com.st.stm32cube.ide.mcu.externaltools.gnu-tools-for-stm32.12.3.rel1.linux64_1.0.200.202406132123/tools/bin/../lib/gcc/arm-none-eabi/12.3.1/../../../../arm-none-eabi/lib/thumb/v7-m/nofp/libc_nano.a(libc_a-fflush.o)
                0x080a466c                _fflush_r
 .text.__swhatbuf_r
                0x080a46bc       0x4a /home/emanuele/st/stm32cubeide_1.15.0/plugins/com.st.stm32cube.ide.mcu.externaltools.gnu-tools-for-stm32.12.3.rel1.linux64_1.0.200.202406132123/tools/bin/../lib/gcc/arm-none-eabi/12.3.1/../../../../arm-none-eabi/lib/thumb/v7-m/nofp/libc_nano.a(libc_a-makebuf.o)
                0x080a46bc                __swhatbuf_r
 .text.__smakebuf_r
                0x080a4706       0x78 /home/emanuele/st/stm32cubeide_1.15.0/plugins/com.st.stm32cube.ide.mcu.externaltools.gnu-tools-for-stm32.12.3.rel1.linux64_1.0.200.202406132123/tools/bin/../lib/gcc/arm-none-eabi/12.3.1/../../../../arm-none-eabi/lib/thumb/v7-m/nofp/libc_nano.a(libc_a-makebuf.o)
                0x080a4706                __smakebuf_r
 *fill*         0x080a477e        0x2 
 .text._fstat_r
                0x080a4780       0x24 /home/emanuele/st/stm32cubeide_1.15.0/plugins/com.st.stm32cube.ide.mcu.externaltools.gnu-tools-for-stm32.12.3.rel1.linux64_1.0.200.202406132123/tools/bin/../lib/gcc/arm-none-eabi/12.3.1/../../../../arm-none-eabi/lib/thumb/v7-m/nofp/libc_nano.a(libc_a-fstatr.o)
                0x080a4780                _fstat_r
 .text._isatty_r
                0x080a47a4       0x20 /home/emanuele/st/stm32cubeide_1.15.0/plugins/com.st.stm32cube.ide.mcu.externaltools.gnu-tools-for-stm32.12.3.rel1.linux64_1.0.200.202406132123/tools/bin/../lib/gcc/arm-none-eabi/12.3.1/../../../../arm-none-eabi/lib/thumb/v7-m/nofp/libc_nano.a(libc_a-isattyr.o)
                0x080a47a4                _isatty_r
 .text.memchr   0x080a47c4       0x1c /home/emanuele/st/stm32cubeide_1.15.0/plugins/com.st.stm32cube.ide.mcu.externaltools.gnu-tools-for-stm32.12.3.rel1.linux64_1.0.200.202406132123/tools/bin/../lib/gcc/arm-none-eabi/12.3.1/../../../../arm-none-eabi/lib/thumb/v7-m/nofp/libc_nano.a(libc_a-memchr-stub.o)
                0x080a47c4                memchr
 *(.glue_7)
 .glue_7        0x080a47e0        0x0 linker stubs
 *(.glue_7t)
 .glue_7t       0x080a47e0        0x0 linker stubs
 *(.eh_frame)
 .eh_frame      0x080a47e0        0x0 /home/emanuele/st/stm32cubeide_1.15.0/plugins/com.st.stm32cube.ide.mcu.externaltools.gnu-tools-for-stm32.12.3.rel1.linux64_1.0.200.202406132123/tools/bin/../lib/gcc/arm-none-eabi/12.3.1/thumb/v7-m/nofp/crtbegin.o
 *(.init)
 .init          0x080a47e0        0x4 /home/emanuele/st/stm32cubeide_1.15.0/plugins/com.st.stm32cube.ide.mcu.externaltools.gnu-tools-for-stm32.12.3.rel1.linux64_1.0.200.202406132123/tools/bin/../lib/gcc/arm-none-eabi/12.3.1/thumb/v7-m/nofp/crti.o
                0x080a47e0                _init
 .init          0x080a47e4        0x8 /home/emanuele/st/stm32cubeide_1.15.0/plugins/com.st.stm32cube.ide.mcu.externaltools.gnu-tools-for-stm32.12.3.rel1.linux64_1.0.200.202406132123/tools/bin/../lib/gcc/arm-none-eabi/12.3.1/thumb/v7-m/nofp/crtn.o
 *(.fini)
 .fini          0x080a47ec        0x4 /home/emanuele/st/stm32cubeide_1.15.0/plugins/com.st.stm32cube.ide.mcu.externaltools.gnu-tools-for-stm32.12.3.rel1.linux64_1.0.200.202406132123/tools/bin/../lib/gcc/arm-none-eabi/12.3.1/thumb/v7-m/nofp/crti.o
                0x080a47ec                _fini
 .fini          0x080a47f0        0x8 /home/emanuele/st/stm32cubeide_1.15.0/plugins/com.st.stm32cube.ide.mcu.externaltools.gnu-tools-for-stm32.12.3.rel1.linux64_1.0.200.202406132123/tools/bin/../lib/gcc/arm-none-eabi/12.3.1/thumb/v7-m/nofp/crtn.o
                0x080a47f8                        . = ALIGN (0x4)
                0x080a47f8                        _etext = .

.vfp11_veneer   0x080a47f8        0x0
 .vfp11_veneer  0x080a47f8        0x0 linker stubs

.v4_bx          0x080a47f8        0x0
 .v4_bx         0x080a47f8        0x0 linker stubs

.iplt           0x080a47f8        0x0
 .iplt          0x080a47f8        0x0 /home/emanuele/st/stm32cubeide_1.15.0/plugins/com.st.stm32cube.ide.mcu.externaltools.gnu-tools-for-stm32.12.3.rel1.linux64_1.0.200.202406132123/tools/bin/../lib/gcc/arm-none-eabi/12.3.1/thumb/v7-m/nofp/crtbegin.o

.rodata         0x080a47f8      0x3f8
                0x080a47f8                        . = ALIGN (0x4)
 *(.rodata)
 .rodata        0x080a47f8       0x10 Build/main.o
 *(.rodata*)
 .rodata.main.str1.4
                0x080a4808       0xe7 Build/main.o
 *fill*         0x080a48ef        0x1 
 .rodata.MSIRangeTable
                0x080a48f0       0x30 Build/system_stm32l4xx.o
                0x080a48f0                MSIRangeTable
 .rodata.APBPrescTable
                0x080a4920        0x8 Build/system_stm32l4xx.o
                0x080a4920                APBPrescTable
 .rodata.AHBPrescTable
                0x080a4928       0x10 Build/system_stm32l4xx.o
                0x080a4928                AHBPrescTable
 .rodata.check_context.str1.4
                0x080a4938       0x81 Build/tee_client_api.o
 *fill*         0x080a49b9        0x3 
 .rodata.TEEC_InitializeContext.str1.4
                0x080a49bc       0x3a Build/tee_client_api.o
 *fill*         0x080a49f6        0x2 
 .rodata.TEEC_FinalizeContext.str1.4
                0x080a49f8       0x33 Build/tee_client_api.o
 *fill*         0x080a4a2b        0x1 
 .rodata.TEEC_OpenSession.str1.4
                0x080a4a2c       0x2b Build/tee_client_api.o
 *fill*         0x080a4a57        0x1 
 .rodata.TEEC_CloseSession.str1.4
                0x080a4a58       0x30 Build/tee_client_api.o
 .rodata.TEEC_InvokeCommand.str1.4
                0x080a4a88       0xb6 Build/tee_client_api.o
 *fill*         0x080a4b3e        0x2 
 .rodata.__func__.1
                0x080a4b40       0x13 Build/tee_client_api.o
 *fill*         0x080a4b53        0x1 
 .rodata.__func__.2
                0x080a4b54       0x12 Build/tee_client_api.o
 *fill*         0x080a4b66        0x2 
 .rodata.__func__.3
                0x080a4b68        0xe Build/tee_client_api.o
 *fill*         0x080a4b76        0x2 
 .rodata.__func__.4
                0x080a4b78       0x11 Build/tee_client_api.o
 *fill*         0x080a4b89        0x3 
 .rodata.__func__.5
                0x080a4b8c       0x15 Build/tee_client_api.o
 *fill*         0x080a4ba1        0x3 
 .rodata.__func__.6
                0x080a4ba4       0x17 Build/tee_client_api.o
 .rodata._vfprintf_r.str1.1
                0x080a4bbb       0x11 /home/emanuele/st/stm32cubeide_1.15.0/plugins/com.st.stm32cube.ide.mcu.externaltools.gnu-tools-for-stm32.12.3.rel1.linux64_1.0.200.202406132123/tools/bin/../lib/gcc/arm-none-eabi/12.3.1/../../../../arm-none-eabi/lib/thumb/v7-m/nofp/libc_nano.a(libc_a-nano-vfprintf.o)
 .rodata._printf_i.str1.1
                0x080a4bcc       0x22 /home/emanuele/st/stm32cubeide_1.15.0/plugins/com.st.stm32cube.ide.mcu.externaltools.gnu-tools-for-stm32.12.3.rel1.linux64_1.0.200.202406132123/tools/bin/../lib/gcc/arm-none-eabi/12.3.1/../../../../arm-none-eabi/lib/thumb/v7-m/nofp/libc_nano.a(libc_a-nano-vfprintf_i.o)
                0x080a4bf0                        . = ALIGN (0x4)
 *fill*         0x080a4bee        0x2 

.TA_data
 *(.TEE_TA_data*)

.ARM.extab      0x080a4bf0        0x0
                0x080a4bf0                        . = ALIGN (0x4)
 *(.ARM.extab* .gnu.linkonce.armextab.*)
                0x080a4bf0                        . = ALIGN (0x4)

.ARM            0x080a4bf0        0x8
                0x080a4bf0                        . = ALIGN (0x4)
                0x080a4bf0                        __exidx_start = .
 *(.ARM.exidx*)
 .ARM.exidx     0x080a4bf0        0x8 /home/emanuele/st/stm32cubeide_1.15.0/plugins/com.st.stm32cube.ide.mcu.externaltools.gnu-tools-for-stm32.12.3.rel1.linux64_1.0.200.202406132123/tools/bin/../lib/gcc/arm-none-eabi/12.3.1/thumb/v7-m/nofp/libgcc.a(_udivmoddi4.o)
                0x080a4bf8                        __exidx_end = .
                0x080a4bf8                        . = ALIGN (0x4)

.rel.dyn        0x080a4bf8        0x0
 .rel.iplt      0x080a4bf8        0x0 /home/emanuele/st/stm32cubeide_1.15.0/plugins/com.st.stm32cube.ide.mcu.externaltools.gnu-tools-for-stm32.12.3.rel1.linux64_1.0.200.202406132123/tools/bin/../lib/gcc/arm-none-eabi/12.3.1/thumb/v7-m/nofp/crtbegin.o

.preinit_array  0x080a4bf8        0x0
                0x080a4bf8                        . = ALIGN (0x4)
                0x080a4bf8                        PROVIDE (__preinit_array_start = .)
 *(.preinit_array*)
                0x080a4bf8                        PROVIDE (__preinit_array_end = .)
                0x080a4bf8                        . = ALIGN (0x4)

.init_array     0x080a4bf8        0x4
                0x080a4bf8                        . = ALIGN (0x4)
                0x080a4bf8                        PROVIDE (__init_array_start = .)
 *(SORT_BY_NAME(.init_array.*))
 *(.init_array*)
 .init_array    0x080a4bf8        0x4 /home/emanuele/st/stm32cubeide_1.15.0/plugins/com.st.stm32cube.ide.mcu.externaltools.gnu-tools-for-stm32.12.3.rel1.linux64_1.0.200.202406132123/tools/bin/../lib/gcc/arm-none-eabi/12.3.1/thumb/v7-m/nofp/crtbegin.o
                0x080a4bfc                        PROVIDE (__init_array_end = .)
                0x080a4bfc                        . = ALIGN (0x4)

.fini_array     0x080a4bfc        0x4
                0x080a4bfc                        . = ALIGN (0x4)
                [!provide]                        PROVIDE (__fini_array_start = .)
 *(SORT_BY_NAME(.fini_array.*))
 *(.fini_array*)
 .fini_array    0x080a4bfc        0x4 /home/emanuele/st/stm32cubeide_1.15.0/plugins/com.st.stm32cube.ide.mcu.externaltools.gnu-tools-for-stm32.12.3.rel1.linux64_1.0.200.202406132123/tools/bin/../lib/gcc/arm-none-eabi/12.3.1/thumb/v7-m/nofp/crtbegin.o
                [!provide]                        PROVIDE (__fini_array_end = .)
                0x080a4c00                        . = ALIGN (0x4)
                0x080a4c00                        _sidata = LOADADDR (.data)

.data           0x10004000       0x68 load address 0x080a4c00
                0x10004000                        . = ALIGN (0x4)
                0x10004000                        _sdata = .
 *(.data)
 *(.data*)
 .data.SystemCoreClock
                0x10004000        0x4 Build/system_stm32l4xx.o
                0x10004000                SystemCoreClock
 .data.uwTickFreq
                0x10004004        0x1 Build/stm32l4xx_hal.o
                0x10004004                uwTickFreq
 *fill*         0x10004005        0x3 
 .data.uwTickPrio
                0x10004008        0x4 Build/stm32l4xx_hal.o
                0x10004008                uwTickPrio
 .data.__sglue  0x1000400c        0xc /home/emanuele/st/stm32cubeide_1.15.0/plugins/com.st.stm32cube.ide.mcu.externaltools.gnu-tools-for-stm32.12.3.rel1.linux64_1.0.200.202406132123/tools/bin/../lib/gcc/arm-none-eabi/12.3.1/../../../../arm-none-eabi/lib/thumb/v7-m/nofp/libc_nano.a(libc_a-findfp.o)
                0x1000400c                __sglue
 .data._impure_ptr
                0x10004018        0x4 /home/emanuele/st/stm32cubeide_1.15.0/plugins/com.st.stm32cube.ide.mcu.externaltools.gnu-tools-for-stm32.12.3.rel1.linux64_1.0.200.202406132123/tools/bin/../lib/gcc/arm-none-eabi/12.3.1/../../../../arm-none-eabi/lib/thumb/v7-m/nofp/libc_nano.a(libc_a-impure.o)
                0x10004018                _impure_ptr
 .data._impure_data
                0x1000401c       0x4c /home/emanuele/st/stm32cubeide_1.15.0/plugins/com.st.stm32cube.ide.mcu.externaltools.gnu-tools-for-stm32.12.3.rel1.linux64_1.0.200.202406132123/tools/bin/../lib/gcc/arm-none-eabi/12.3.1/../../../../arm-none-eabi/lib/thumb/v7-m/nofp/libc_nano.a(libc_a-impure.o)
                0x1000401c                _impure_data
 *(.RamFunc)
 *(.RamFunc*)
                0x10004068                        . = ALIGN (0x4)
                0x10004068                        _edata = .

.igot.plt       0x10004068        0x0 load address 0x080a4c68
 .igot.plt      0x10004068        0x0 /home/emanuele/st/stm32cubeide_1.15.0/plugins/com.st.stm32cube.ide.mcu.externaltools.gnu-tools-for-stm32.12.3.rel1.linux64_1.0.200.202406132123/tools/bin/../lib/gcc/arm-none-eabi/12.3.1/thumb/v7-m/nofp/crtbegin.o
                0x10004068                        . = ALIGN (0x4)

.bss            0x10004068      0x8d8 load address 0x080a4c68
                0x10004068                        _sbss = .
                0x10004068                        __bss_start__ = _sbss
 *(.bss)
 .bss           0x10004068       0x1c /home/emanuele/st/stm32cubeide_1.15.0/plugins/com.st.stm32cube.ide.mcu.externaltools.gnu-tools-for-stm32.12.3.rel1.linux64_1.0.200.202406132123/tools/bin/../lib/gcc/arm-none-eabi/12.3.1/thumb/v7-m/nofp/crtbegin.o
 *(.bss*)
 .bss.hpcd_USB_OTG_FS
                0x10004084      0x4e4 Build/main.o
                0x10004084                hpcd_USB_OTG_FS
 .bss.huart3    0x10004568       0x88 Build/main.o
                0x10004568                huart3
 .bss.huart1    0x100045f0       0x88 Build/main.o
                0x100045f0                huart1
 .bss.hspi3     0x10004678       0x64 Build/main.o
                0x10004678                hspi3
 .bss.hrng      0x100046dc       0x10 Build/main.o
                0x100046dc                hrng
 .bss.hqspi     0x100046ec       0x44 Build/main.o
                0x100046ec                hqspi
 .bss.hi2c2     0x10004730       0x54 Build/main.o
                0x10004730                hi2c2
 .bss.hdfsdm1_channel1
                0x10004784       0x38 Build/main.o
                0x10004784                hdfsdm1_channel1
 .bss.DFSDM1_Init
                0x100047bc        0x4 Build/stm32l4xx_hal_msp.o
 .bss.__sbrk_heap_end
                0x100047c0        0x4 Build/sysmem.o
 .bss.internal_op
                0x100047c4        0x8 Build/tee_client_api.o
                0x100047c4                internal_op
 .bss.a_dfsdm1ChannelHandle
                0x100047cc       0x20 Build/stm32l4xx_hal_dfsdm.o
 .bss.v_dfsdm1ChannelCounter
                0x100047ec        0x4 Build/stm32l4xx_hal_dfsdm.o
 .bss.uwTick    0x100047f0        0x4 Build/stm32l4xx_hal.o
                0x100047f0                uwTick
 .bss.__malloc_sbrk_start
                0x100047f4        0x4 /home/emanuele/st/stm32cubeide_1.15.0/plugins/com.st.stm32cube.ide.mcu.externaltools.gnu-tools-for-stm32.12.3.rel1.linux64_1.0.200.202406132123/tools/bin/../lib/gcc/arm-none-eabi/12.3.1/../../../../arm-none-eabi/lib/thumb/v7-m/nofp/libc_nano.a(libc_a-mallocr.o)
                0x100047f4                __malloc_sbrk_start
 .bss.__malloc_free_list
                0x100047f8        0x4 /home/emanuele/st/stm32cubeide_1.15.0/plugins/com.st.stm32cube.ide.mcu.externaltools.gnu-tools-for-stm32.12.3.rel1.linux64_1.0.200.202406132123/tools/bin/../lib/gcc/arm-none-eabi/12.3.1/../../../../arm-none-eabi/lib/thumb/v7-m/nofp/libc_nano.a(libc_a-mallocr.o)
                0x100047f8                __malloc_free_list
 .bss.__sf      0x100047fc      0x138 /home/emanuele/st/stm32cubeide_1.15.0/plugins/com.st.stm32cube.ide.mcu.externaltools.gnu-tools-for-stm32.12.3.rel1.linux64_1.0.200.202406132123/tools/bin/../lib/gcc/arm-none-eabi/12.3.1/../../../../arm-none-eabi/lib/thumb/v7-m/nofp/libc_nano.a(libc_a-findfp.o)
                0x100047fc                __sf
 .bss.__stdio_exit_handler
                0x10004934        0x4 /home/emanuele/st/stm32cubeide_1.15.0/plugins/com.st.stm32cube.ide.mcu.externaltools.gnu-tools-for-stm32.12.3.rel1.linux64_1.0.200.202406132123/tools/bin/../lib/gcc/arm-none-eabi/12.3.1/../../../../arm-none-eabi/lib/thumb/v7-m/nofp/libc_nano.a(libc_a-findfp.o)
                0x10004934                __stdio_exit_handler
 .bss.errno     0x10004938        0x4 /home/emanuele/st/stm32cubeide_1.15.0/plugins/com.st.stm32cube.ide.mcu.externaltools.gnu-tools-for-stm32.12.3.rel1.linux64_1.0.200.202406132123/tools/bin/../lib/gcc/arm-none-eabi/12.3.1/../../../../arm-none-eabi/lib/thumb/v7-m/nofp/libc_nano.a(libc_a-reent.o)
                0x10004938                errno
 .bss.__lock___malloc_recursive_mutex
                0x1000493c        0x1 /home/emanuele/st/stm32cubeide_1.15.0/plugins/com.st.stm32cube.ide.mcu.externaltools.gnu-tools-for-stm32.12.3.rel1.linux64_1.0.200.202406132123/tools/bin/../lib/gcc/arm-none-eabi/12.3.1/../../../../arm-none-eabi/lib/thumb/v7-m/nofp/libc_nano.a(libc_a-lock.o)
                0x1000493c                __lock___malloc_recursive_mutex
 .bss.__lock___sfp_recursive_mutex
                0x1000493d        0x1 /home/emanuele/st/stm32cubeide_1.15.0/plugins/com.st.stm32cube.ide.mcu.externaltools.gnu-tools-for-stm32.12.3.rel1.linux64_1.0.200.202406132123/tools/bin/../lib/gcc/arm-none-eabi/12.3.1/../../../../arm-none-eabi/lib/thumb/v7-m/nofp/libc_nano.a(libc_a-lock.o)
                0x1000493d                __lock___sfp_recursive_mutex
 *(COMMON)
                0x10004940                        . = ALIGN (0x4)
 *fill*         0x1000493e        0x2 
                0x10004940                        _ebss = .
                0x10004940                        __bss_end__ = _ebss

._user_heap_stack
                0x10004940      0x600 load address 0x080a4c68
                0x10004940                        . = ALIGN (0x8)
                [!provide]                        PROVIDE (end = .)
                0x10004940                        PROVIDE (_end = .)
                0x10004b40                        . = (. + _Min_Heap_Size)
 *fill*         0x10004940      0x200 
                0x10004f40                        . = (. + _Min_Stack_Size)
 *fill*         0x10004b40      0x400 
                0x10004f40                        . = ALIGN (0x8)

/DISCARD/
 libc.a(*)
 libm.a(*)
 libgcc.a(*)

.ARM.attributes
                0x00000000       0x29
 *(.ARM.attributes)
 .ARM.attributes
                0x00000000       0x1d /home/emanuele/st/stm32cubeide_1.15.0/plugins/com.st.stm32cube.ide.mcu.externaltools.gnu-tools-for-stm32.12.3.rel1.linux64_1.0.200.202406132123/tools/bin/../lib/gcc/arm-none-eabi/12.3.1/thumb/v7-m/nofp/crti.o
 .ARM.attributes
                0x0000001d       0x2d /home/emanuele/st/stm32cubeide_1.15.0/plugins/com.st.stm32cube.ide.mcu.externaltools.gnu-tools-for-stm32.12.3.rel1.linux64_1.0.200.202406132123/tools/bin/../lib/gcc/arm-none-eabi/12.3.1/thumb/v7-m/nofp/crtbegin.o
 .ARM.attributes
                0x0000004a       0x2d Build/main.o
 .ARM.attributes
                0x00000077       0x2d Build/stm32l4xx_hal_msp.o
 .ARM.attributes
                0x000000a4       0x2d Build/stm32l4xx_it.o
 .ARM.attributes
                0x000000d1       0x2d Build/syscalls.o
 .ARM.attributes
                0x000000fe       0x2d Build/sysmem.o
 .ARM.attributes
                0x0000012b       0x2d Build/system_stm32l4xx.o
 .ARM.attributes
                0x00000158       0x2d Build/tee_client_api.o
 .ARM.attributes
                0x00000185       0x2d Build/stm32l4xx_hal_cortex.o
 .ARM.attributes
                0x000001b2       0x2d Build/stm32l4xx_hal_dfsdm.o
 .ARM.attributes
                0x000001df       0x2d Build/stm32l4xx_hal_gpio.o
 .ARM.attributes
                0x0000020c       0x2d Build/stm32l4xx_hal_i2c.o
 .ARM.attributes
                0x00000239       0x2d Build/stm32l4xx_hal_i2c_ex.o
 .ARM.attributes
                0x00000266       0x2d Build/stm32l4xx_hal_pcd_ex.o
 .ARM.attributes
                0x00000293       0x2d Build/stm32l4xx_hal_pcd.o
 .ARM.attributes
                0x000002c0       0x2d Build/stm32l4xx_hal_pwr.o
 .ARM.attributes
                0x000002ed       0x2d Build/stm32l4xx_hal_pwr_ex.o
 .ARM.attributes
                0x0000031a       0x2d Build/stm32l4xx_hal_qspi.o
 .ARM.attributes
                0x00000347       0x2d Build/stm32l4xx_hal_rcc.o
 .ARM.attributes
                0x00000374       0x2d Build/stm32l4xx_hal_rcc_ex.o
 .ARM.attributes
                0x000003a1       0x2d Build/stm32l4xx_hal_rng.o
 .ARM.attributes
                0x000003ce       0x2d Build/stm32l4xx_hal_spi.o
 .ARM.attributes
                0x000003fb       0x2d Build/stm32l4xx_hal_uart.o
 .ARM.attributes
                0x00000428       0x2d Build/stm32l4xx_hal.o
 .ARM.attributes
                0x00000455       0x2d Build/stm32l4xx_ll_usb.o
 .ARM.attributes
                0x00000482       0x1b Build/startup_stm32l475vgtx.o
 .ARM.attributes
                0x0000049d       0x2d /home/emanuele/st/stm32cubeide_1.15.0/plugins/com.st.stm32cube.ide.mcu.externaltools.gnu-tools-for-stm32.12.3.rel1.linux64_1.0.200.202406132123/tools/bin/../lib/gcc/arm-none-eabi/12.3.1/../../../../arm-none-eabi/lib/thumb/v7-m/nofp/libc_nano.a(libc_a-calloc.o)
 .ARM.attributes
                0x000004ca       0x2d /home/emanuele/st/stm32cubeide_1.15.0/plugins/com.st.stm32cube.ide.mcu.externaltools.gnu-tools-for-stm32.12.3.rel1.linux64_1.0.200.202406132123/tools/bin/../lib/gcc/arm-none-eabi/12.3.1/../../../../arm-none-eabi/lib/thumb/v7-m/nofp/libc_nano.a(libc_a-callocr.o)
 .ARM.attributes
                0x000004f7       0x2d /home/emanuele/st/stm32cubeide_1.15.0/plugins/com.st.stm32cube.ide.mcu.externaltools.gnu-tools-for-stm32.12.3.rel1.linux64_1.0.200.202406132123/tools/bin/../lib/gcc/arm-none-eabi/12.3.1/../../../../arm-none-eabi/lib/thumb/v7-m/nofp/libc_nano.a(libc_a-malloc.o)
 .ARM.attributes
                0x00000524       0x2d /home/emanuele/st/stm32cubeide_1.15.0/plugins/com.st.stm32cube.ide.mcu.externaltools.gnu-tools-for-stm32.12.3.rel1.linux64_1.0.200.202406132123/tools/bin/../lib/gcc/arm-none-eabi/12.3.1/../../../../arm-none-eabi/lib/thumb/v7-m/nofp/libc_nano.a(libc_a-mallocr.o)
 .ARM.attributes
                0x00000551       0x2d /home/emanuele/st/stm32cubeide_1.15.0/plugins/com.st.stm32cube.ide.mcu.externaltools.gnu-tools-for-stm32.12.3.rel1.linux64_1.0.200.202406132123/tools/bin/../lib/gcc/arm-none-eabi/12.3.1/../../../../arm-none-eabi/lib/thumb/v7-m/nofp/libc_nano.a(libc_a-mlock.o)
 .ARM.attributes
                0x0000057e       0x2d /home/emanuele/st/stm32cubeide_1.15.0/plugins/com.st.stm32cube.ide.mcu.externaltools.gnu-tools-for-stm32.12.3.rel1.linux64_1.0.200.202406132123/tools/bin/../lib/gcc/arm-none-eabi/12.3.1/../../../../arm-none-eabi/lib/thumb/v7-m/nofp/libc_nano.a(libc_a-findfp.o)
 .ARM.attributes
                0x000005ab       0x2d /home/emanuele/st/stm32cubeide_1.15.0/plugins/com.st.stm32cube.ide.mcu.externaltools.gnu-tools-for-stm32.12.3.rel1.linux64_1.0.200.202406132123/tools/bin/../lib/gcc/arm-none-eabi/12.3.1/../../../../arm-none-eabi/lib/thumb/v7-m/nofp/libc_nano.a(libc_a-fwalk.o)
 .ARM.attributes
                0x000005d8       0x2d /home/emanuele/st/stm32cubeide_1.15.0/plugins/com.st.stm32cube.ide.mcu.externaltools.gnu-tools-for-stm32.12.3.rel1.linux64_1.0.200.202406132123/tools/bin/../lib/gcc/arm-none-eabi/12.3.1/../../../../arm-none-eabi/lib/thumb/v7-m/nofp/libc_nano.a(libc_a-printf.o)
 .ARM.attributes
                0x00000605       0x2d /home/emanuele/st/stm32cubeide_1.15.0/plugins/com.st.stm32cube.ide.mcu.externaltools.gnu-tools-for-stm32.12.3.rel1.linux64_1.0.200.202406132123/tools/bin/../lib/gcc/arm-none-eabi/12.3.1/../../../../arm-none-eabi/lib/thumb/v7-m/nofp/libc_nano.a(libc_a-puts.o)
 .ARM.attributes
                0x00000632       0x2d /home/emanuele/st/stm32cubeide_1.15.0/plugins/com.st.stm32cube.ide.mcu.externaltools.gnu-tools-for-stm32.12.3.rel1.linux64_1.0.200.202406132123/tools/bin/../lib/gcc/arm-none-eabi/12.3.1/../../../../arm-none-eabi/lib/thumb/v7-m/nofp/libc_nano.a(libc_a-stdio.o)
 .ARM.attributes
                0x0000065f       0x2d /home/emanuele/st/stm32cubeide_1.15.0/plugins/com.st.stm32cube.ide.mcu.externaltools.gnu-tools-for-stm32.12.3.rel1.linux64_1.0.200.202406132123/tools/bin/../lib/gcc/arm-none-eabi/12.3.1/../../../../arm-none-eabi/lib/thumb/v7-m/nofp/libc_nano.a(libc_a-wbuf.o)
 .ARM.attributes
                0x0000068c       0x2d /home/emanuele/st/stm32cubeide_1.15.0/plugins/com.st.stm32cube.ide.mcu.externaltools.gnu-tools-for-stm32.12.3.rel1.linux64_1.0.200.202406132123/tools/bin/../lib/gcc/arm-none-eabi/12.3.1/../../../../arm-none-eabi/lib/thumb/v7-m/nofp/libc_nano.a(libc_a-wsetup.o)
 .ARM.attributes
                0x000006b9       0x2d /home/emanuele/st/stm32cubeide_1.15.0/plugins/com.st.stm32cube.ide.mcu.externaltools.gnu-tools-for-stm32.12.3.rel1.linux64_1.0.200.202406132123/tools/bin/../lib/gcc/arm-none-eabi/12.3.1/../../../../arm-none-eabi/lib/thumb/v7-m/nofp/libc_nano.a(libc_a-memset.o)
 .ARM.attributes
                0x000006e6       0x2d /home/emanuele/st/stm32cubeide_1.15.0/plugins/com.st.stm32cube.ide.mcu.externaltools.gnu-tools-for-stm32.12.3.rel1.linux64_1.0.200.202406132123/tools/bin/../lib/gcc/arm-none-eabi/12.3.1/../../../../arm-none-eabi/lib/thumb/v7-m/nofp/libc_nano.a(libc_a-closer.o)
 .ARM.attributes
                0x00000713       0x2d /home/emanuele/st/stm32cubeide_1.15.0/plugins/com.st.stm32cube.ide.mcu.externaltools.gnu-tools-for-stm32.12.3.rel1.linux64_1.0.200.202406132123/tools/bin/../lib/gcc/arm-none-eabi/12.3.1/../../../../arm-none-eabi/lib/thumb/v7-m/nofp/libc_nano.a(libc_a-reent.o)
 .ARM.attributes
                0x00000740       0x2d /home/emanuele/st/stm32cubeide_1.15.0/plugins/com.st.stm32cube.ide.mcu.externaltools.gnu-tools-for-stm32.12.3.rel1.linux64_1.0.200.202406132123/tools/bin/../lib/gcc/arm-none-eabi/12.3.1/../../../../arm-none-eabi/lib/thumb/v7-m/nofp/libc_nano.a(libc_a-impure.o)
 .ARM.attributes
                0x0000076d       0x2d /home/emanuele/st/stm32cubeide_1.15.0/plugins/com.st.stm32cube.ide.mcu.externaltools.gnu-tools-for-stm32.12.3.rel1.linux64_1.0.200.202406132123/tools/bin/../lib/gcc/arm-none-eabi/12.3.1/../../../../arm-none-eabi/lib/thumb/v7-m/nofp/libc_nano.a(libc_a-lseekr.o)
 .ARM.attributes
                0x0000079a       0x2d /home/emanuele/st/stm32cubeide_1.15.0/plugins/com.st.stm32cube.ide.mcu.externaltools.gnu-tools-for-stm32.12.3.rel1.linux64_1.0.200.202406132123/tools/bin/../lib/gcc/arm-none-eabi/12.3.1/../../../../arm-none-eabi/lib/thumb/v7-m/nofp/libc_nano.a(libc_a-readr.o)
 .ARM.attributes
                0x000007c7       0x2d /home/emanuele/st/stm32cubeide_1.15.0/plugins/com.st.stm32cube.ide.mcu.externaltools.gnu-tools-for-stm32.12.3.rel1.linux64_1.0.200.202406132123/tools/bin/../lib/gcc/arm-none-eabi/12.3.1/../../../../arm-none-eabi/lib/thumb/v7-m/nofp/libc_nano.a(libc_a-sbrkr.o)
 .ARM.attributes
                0x000007f4       0x2d /home/emanuele/st/stm32cubeide_1.15.0/plugins/com.st.stm32cube.ide.mcu.externaltools.gnu-tools-for-stm32.12.3.rel1.linux64_1.0.200.202406132123/tools/bin/../lib/gcc/arm-none-eabi/12.3.1/../../../../arm-none-eabi/lib/thumb/v7-m/nofp/libc_nano.a(libc_a-writer.o)
 .ARM.attributes
                0x00000821       0x2d /home/emanuele/st/stm32cubeide_1.15.0/plugins/com.st.stm32cube.ide.mcu.externaltools.gnu-tools-for-stm32.12.3.rel1.linux64_1.0.200.202406132123/tools/bin/../lib/gcc/arm-none-eabi/12.3.1/../../../../arm-none-eabi/lib/thumb/v7-m/nofp/libc_nano.a(libc_a-errno.o)
 .ARM.attributes
                0x0000084e       0x2d /home/emanuele/st/stm32cubeide_1.15.0/plugins/com.st.stm32cube.ide.mcu.externaltools.gnu-tools-for-stm32.12.3.rel1.linux64_1.0.200.202406132123/tools/bin/../lib/gcc/arm-none-eabi/12.3.1/../../../../arm-none-eabi/lib/thumb/v7-m/nofp/libc_nano.a(libc_a-init.o)
 .ARM.attributes
                0x0000087b       0x2d /home/emanuele/st/stm32cubeide_1.15.0/plugins/com.st.stm32cube.ide.mcu.externaltools.gnu-tools-for-stm32.12.3.rel1.linux64_1.0.200.202406132123/tools/bin/../lib/gcc/arm-none-eabi/12.3.1/../../../../arm-none-eabi/lib/thumb/v7-m/nofp/libc_nano.a(libc_a-lock.o)
 .ARM.attributes
                0x000008a8       0x2d /home/emanuele/st/stm32cubeide_1.15.0/plugins/com.st.stm32cube.ide.mcu.externaltools.gnu-tools-for-stm32.12.3.rel1.linux64_1.0.200.202406132123/tools/bin/../lib/gcc/arm-none-eabi/12.3.1/../../../../arm-none-eabi/lib/thumb/v7-m/nofp/libc_nano.a(libc_a-freer.o)
 .ARM.attributes
                0x000008d5       0x2d /home/emanuele/st/stm32cubeide_1.15.0/plugins/com.st.stm32cube.ide.mcu.externaltools.gnu-tools-for-stm32.12.3.rel1.linux64_1.0.200.202406132123/tools/bin/../lib/gcc/arm-none-eabi/12.3.1/../../../../arm-none-eabi/lib/thumb/v7-m/nofp/libc_nano.a(libc_a-nano-vfprintf.o)
 .ARM.attributes
                0x00000902       0x2d /home/emanuele/st/stm32cubeide_1.15.0/plugins/com.st.stm32cube.ide.mcu.externaltools.gnu-tools-for-stm32.12.3.rel1.linux64_1.0.200.202406132123/tools/bin/../lib/gcc/arm-none-eabi/12.3.1/../../../../arm-none-eabi/lib/thumb/v7-m/nofp/libc_nano.a(libc_a-nano-vfprintf_i.o)
 .ARM.attributes
                0x0000092f       0x2d /home/emanuele/st/stm32cubeide_1.15.0/plugins/com.st.stm32cube.ide.mcu.externaltools.gnu-tools-for-stm32.12.3.rel1.linux64_1.0.200.202406132123/tools/bin/../lib/gcc/arm-none-eabi/12.3.1/../../../../arm-none-eabi/lib/thumb/v7-m/nofp/libc_nano.a(libc_a-fflush.o)
 .ARM.attributes
                0x0000095c       0x2d /home/emanuele/st/stm32cubeide_1.15.0/plugins/com.st.stm32cube.ide.mcu.externaltools.gnu-tools-for-stm32.12.3.rel1.linux64_1.0.200.202406132123/tools/bin/../lib/gcc/arm-none-eabi/12.3.1/../../../../arm-none-eabi/lib/thumb/v7-m/nofp/libc_nano.a(libc_a-makebuf.o)
 .ARM.attributes
                0x00000989       0x2d /home/emanuele/st/stm32cubeide_1.15.0/plugins/com.st.stm32cube.ide.mcu.externaltools.gnu-tools-for-stm32.12.3.rel1.linux64_1.0.200.202406132123/tools/bin/../lib/gcc/arm-none-eabi/12.3.1/../../../../arm-none-eabi/lib/thumb/v7-m/nofp/libc_nano.a(libc_a-fstatr.o)
 .ARM.attributes
                0x000009b6       0x2d /home/emanuele/st/stm32cubeide_1.15.0/plugins/com.st.stm32cube.ide.mcu.externaltools.gnu-tools-for-stm32.12.3.rel1.linux64_1.0.200.202406132123/tools/bin/../lib/gcc/arm-none-eabi/12.3.1/../../../../arm-none-eabi/lib/thumb/v7-m/nofp/libc_nano.a(libc_a-isattyr.o)
 .ARM.attributes
                0x000009e3       0x2d /home/emanuele/st/stm32cubeide_1.15.0/plugins/com.st.stm32cube.ide.mcu.externaltools.gnu-tools-for-stm32.12.3.rel1.linux64_1.0.200.202406132123/tools/bin/../lib/gcc/arm-none-eabi/12.3.1/../../../../arm-none-eabi/lib/thumb/v7-m/nofp/libc_nano.a(libc_a-memchr-stub.o)
 .ARM.attributes
                0x00000a10       0x1d /home/emanuele/st/stm32cubeide_1.15.0/plugins/com.st.stm32cube.ide.mcu.externaltools.gnu-tools-for-stm32.12.3.rel1.linux64_1.0.200.202406132123/tools/bin/../lib/gcc/arm-none-eabi/12.3.1/thumb/v7-m/nofp/libgcc.a(_aeabi_uldivmod.o)
 .ARM.attributes
                0x00000a2d       0x2d /home/emanuele/st/stm32cubeide_1.15.0/plugins/com.st.stm32cube.ide.mcu.externaltools.gnu-tools-for-stm32.12.3.rel1.linux64_1.0.200.202406132123/tools/bin/../lib/gcc/arm-none-eabi/12.3.1/thumb/v7-m/nofp/libgcc.a(_udivmoddi4.o)
 .ARM.attributes
                0x00000a5a       0x1d /home/emanuele/st/stm32cubeide_1.15.0/plugins/com.st.stm32cube.ide.mcu.externaltools.gnu-tools-for-stm32.12.3.rel1.linux64_1.0.200.202406132123/tools/bin/../lib/gcc/arm-none-eabi/12.3.1/thumb/v7-m/nofp/libgcc.a(_dvmd_tls.o)
 .ARM.attributes
                0x00000a77       0x1d /home/emanuele/st/stm32cubeide_1.15.0/plugins/com.st.stm32cube.ide.mcu.externaltools.gnu-tools-for-stm32.12.3.rel1.linux64_1.0.200.202406132123/tools/bin/../lib/gcc/arm-none-eabi/12.3.1/thumb/v7-m/nofp/crtn.o
OUTPUT(keylogger.elf elf32-littlearm)
LOAD linker stubs
LOAD /home/emanuele/st/stm32cubeide_1.15.0/plugins/com.st.stm32cube.ide.mcu.externaltools.gnu-tools-for-stm32.12.3.rel1.linux64_1.0.200.202406132123/tools/bin/../lib/gcc/arm-none-eabi/12.3.1/../../../../arm-none-eabi/lib/thumb/v7-m/nofp/libc.a
LOAD /home/emanuele/st/stm32cubeide_1.15.0/plugins/com.st.stm32cube.ide.mcu.externaltools.gnu-tools-for-stm32.12.3.rel1.linux64_1.0.200.202406132123/tools/bin/../lib/gcc/arm-none-eabi/12.3.1/../../../../arm-none-eabi/lib/thumb/v7-m/nofp/libm.a
LOAD /home/emanuele/st/stm32cubeide_1.15.0/plugins/com.st.stm32cube.ide.mcu.externaltools.gnu-tools-for-stm32.12.3.rel1.linux64_1.0.200.202406132123/tools/bin/../lib/gcc/arm-none-eabi/12.3.1/thumb/v7-m/nofp/libgcc.a

.debug_info     0x00000000    0x23417
 .debug_info    0x00000000     0x344c Build/main.o
 .debug_info    0x0000344c     0x2811 Build/stm32l4xx_hal_msp.o
 .debug_info    0x00005c5d      0x270 Build/stm32l4xx_it.o
 .debug_info    0x00005ecd      0x842 Build/syscalls.o
 .debug_info    0x0000670f      0x18c Build/sysmem.o
 .debug_info    0x0000689b      0x48b Build/system_stm32l4xx.o
 .debug_info    0x00006d26      0xca6 Build/tee_client_api.o
 .debug_info    0x000079cc     0x118f Build/stm32l4xx_hal_cortex.o
 .debug_info    0x00008b5b     0x23b2 Build/stm32l4xx_hal_dfsdm.o
 .debug_info    0x0000af0d      0x91b Build/stm32l4xx_hal_gpio.o
 .debug_info    0x0000b828     0x4679 Build/stm32l4xx_hal_i2c.o
 .debug_info    0x0000fea1      0xb52 Build/stm32l4xx_hal_i2c_ex.o
 .debug_info    0x000109f3      0xb22 Build/stm32l4xx_hal_pcd_ex.o
 .debug_info    0x00011515     0x1e09 Build/stm32l4xx_hal_pcd.o
 .debug_info    0x0001331e      0xab2 Build/stm32l4xx_hal_pwr.o
 .debug_info    0x00013dd0      0xb9b Build/stm32l4xx_hal_pwr_ex.o
 .debug_info    0x0001496b     0x1a1d Build/stm32l4xx_hal_qspi.o
 .debug_info    0x00016388     0x10ad Build/stm32l4xx_hal_rcc.o
 .debug_info    0x00017435     0x13ed Build/stm32l4xx_hal_rcc_ex.o
 .debug_info    0x00018822      0x60b Build/stm32l4xx_hal_rng.o
 .debug_info    0x00018e2d     0x2226 Build/stm32l4xx_hal_spi.o
 .debug_info    0x0001b053     0x5520 Build/stm32l4xx_hal_uart.o
 .debug_info    0x00020573      0xd05 Build/stm32l4xx_hal.o
 .debug_info    0x00021278     0x219f Build/stm32l4xx_ll_usb.o

.debug_abbrev   0x00000000     0x3a37
 .debug_abbrev  0x00000000      0x351 Build/main.o
 .debug_abbrev  0x00000351      0x298 Build/stm32l4xx_hal_msp.o
 .debug_abbrev  0x000005e9       0xcf Build/stm32l4xx_it.o
 .debug_abbrev  0x000006b8      0x1e3 Build/syscalls.o
 .debug_abbrev  0x0000089b       0xeb Build/sysmem.o
 .debug_abbrev  0x00000986      0x11b Build/system_stm32l4xx.o
 .debug_abbrev  0x00000aa1      0x2c9 Build/tee_client_api.o
 .debug_abbrev  0x00000d6a      0x3ca Build/stm32l4xx_hal_cortex.o
 .debug_abbrev  0x00001134      0x2c6 Build/stm32l4xx_hal_dfsdm.o
 .debug_abbrev  0x000013fa      0x222 Build/stm32l4xx_hal_gpio.o
 .debug_abbrev  0x0000161c      0x2e4 Build/stm32l4xx_hal_i2c.o
 .debug_abbrev  0x00001900      0x1b5 Build/stm32l4xx_hal_i2c_ex.o
 .debug_abbrev  0x00001ab5      0x287 Build/stm32l4xx_hal_pcd_ex.o
 .debug_abbrev  0x00001d3c      0x308 Build/stm32l4xx_hal_pcd.o
 .debug_abbrev  0x00002044      0x1d6 Build/stm32l4xx_hal_pwr.o
 .debug_abbrev  0x0000221a      0x233 Build/stm32l4xx_hal_pwr_ex.o
 .debug_abbrev  0x0000244d      0x298 Build/stm32l4xx_hal_qspi.o
 .debug_abbrev  0x000026e5      0x2de Build/stm32l4xx_hal_rcc.o
 .debug_abbrev  0x000029c3      0x2de Build/stm32l4xx_hal_rcc_ex.o
 .debug_abbrev  0x00002ca1      0x1fb Build/stm32l4xx_hal_rng.o
 .debug_abbrev  0x00002e9c      0x2a4 Build/stm32l4xx_hal_spi.o
 .debug_abbrev  0x00003140      0x32f Build/stm32l4xx_hal_uart.o
 .debug_abbrev  0x0000346f      0x284 Build/stm32l4xx_hal.o
 .debug_abbrev  0x000036f3      0x344 Build/stm32l4xx_ll_usb.o

.debug_loc      0x00000000    0x1b015
 .debug_loc     0x00000000      0x2e3 Build/main.o
 .debug_loc     0x000002e3      0x5b2 Build/stm32l4xx_hal_msp.o
 .debug_loc     0x00000895       0x60 Build/stm32l4xx_it.o
 .debug_loc     0x000008f5      0x511 Build/syscalls.o
 .debug_loc     0x00000e06       0x84 Build/sysmem.o
 .debug_loc     0x00000e8a      0x127 Build/system_stm32l4xx.o
 .debug_loc     0x00000fb1      0x970 Build/tee_client_api.o
 .debug_loc     0x00001921      0x7c7 Build/stm32l4xx_hal_cortex.o
 .debug_loc     0x000020e8     0x25c0 Build/stm32l4xx_hal_dfsdm.o
 .debug_loc     0x000046a8      0x489 Build/stm32l4xx_hal_gpio.o
 .debug_loc     0x00004b31     0x5df4 Build/stm32l4xx_hal_i2c.o
 .debug_loc     0x0000a925      0x237 Build/stm32l4xx_hal_i2c_ex.o
 .debug_loc     0x0000ab5c      0x28e Build/stm32l4xx_hal_pcd_ex.o
 .debug_loc     0x0000adea     0x1498 Build/stm32l4xx_hal_pcd.o
 .debug_loc     0x0000c282      0x1f1 Build/stm32l4xx_hal_pwr.o
 .debug_loc     0x0000c473      0x8e8 Build/stm32l4xx_hal_pwr_ex.o
 .debug_loc     0x0000cd5b     0x18fc Build/stm32l4xx_hal_qspi.o
 .debug_loc     0x0000e657      0x9ac Build/stm32l4xx_hal_rcc.o
 .debug_loc     0x0000f003     0x1ca4 Build/stm32l4xx_hal_rcc_ex.o
 .debug_loc     0x00010ca7      0x4e0 Build/stm32l4xx_hal_rng.o
 .debug_loc     0x00011187     0x2596 Build/stm32l4xx_hal_spi.o
 .debug_loc     0x0001371d     0x5166 Build/stm32l4xx_hal_uart.o
 .debug_loc     0x00018883      0x2af Build/stm32l4xx_hal.o
 .debug_loc     0x00018b32     0x24e3 Build/stm32l4xx_ll_usb.o

.debug_aranges  0x00000000     0x16d8
 .debug_aranges
                0x00000000       0x88 Build/main.o
 .debug_aranges
                0x00000088       0x90 Build/stm32l4xx_hal_msp.o
 .debug_aranges
                0x00000118       0x70 Build/stm32l4xx_it.o
 .debug_aranges
                0x00000188       0xa8 Build/syscalls.o
 .debug_aranges
                0x00000230       0x20 Build/sysmem.o
 .debug_aranges
                0x00000250       0x28 Build/system_stm32l4xx.o
 .debug_aranges
                0x00000278       0x60 Build/tee_client_api.o
 .debug_aranges
                0x000002d8       0xf0 Build/stm32l4xx_hal_cortex.o
 .debug_aranges
                0x000003c8      0x248 Build/stm32l4xx_hal_dfsdm.o
 .debug_aranges
                0x00000610       0x58 Build/stm32l4xx_hal_gpio.o
 .debug_aranges
                0x00000668      0x2a0 Build/stm32l4xx_hal_i2c.o
 .debug_aranges
                0x00000908       0x48 Build/stm32l4xx_hal_i2c_ex.o
 .debug_aranges
                0x00000950       0x60 Build/stm32l4xx_hal_pcd_ex.o
 .debug_aranges
                0x000009b0      0x138 Build/stm32l4xx_hal_pcd.o
 .debug_aranges
                0x00000ae8       0x98 Build/stm32l4xx_hal_pwr.o
 .debug_aranges
                0x00000b80      0x150 Build/stm32l4xx_hal_pwr_ex.o
 .debug_aranges
                0x00000cd0      0x160 Build/stm32l4xx_hal_qspi.o
 .debug_aranges
                0x00000e30       0x90 Build/stm32l4xx_hal_rcc.o
 .debug_aranges
                0x00000ec0       0xc0 Build/stm32l4xx_hal_rcc_ex.o
 .debug_aranges
                0x00000f80       0x88 Build/stm32l4xx_hal_rng.o
 .debug_aranges
                0x00001008      0x1d8 Build/stm32l4xx_hal_spi.o
 .debug_aranges
                0x000011e0      0x228 Build/stm32l4xx_hal_uart.o
 .debug_aranges
                0x00001408      0x130 Build/stm32l4xx_hal.o
 .debug_aranges
                0x00001538      0x1a0 Build/stm32l4xx_ll_usb.o

.debug_ranges   0x00000000     0x15f0
 .debug_ranges  0x00000000       0x78 Build/main.o
 .debug_ranges  0x00000078       0x80 Build/stm32l4xx_hal_msp.o
 .debug_ranges  0x000000f8       0x60 Build/stm32l4xx_it.o
 .debug_ranges  0x00000158       0x98 Build/syscalls.o
 .debug_ranges  0x000001f0       0x10 Build/sysmem.o
 .debug_ranges  0x00000200       0x18 Build/system_stm32l4xx.o
 .debug_ranges  0x00000218       0x80 Build/tee_client_api.o
 .debug_ranges  0x00000298       0xe0 Build/stm32l4xx_hal_cortex.o
 .debug_ranges  0x00000378      0x258 Build/stm32l4xx_hal_dfsdm.o
 .debug_ranges  0x000005d0       0x48 Build/stm32l4xx_hal_gpio.o
 .debug_ranges  0x00000618      0x290 Build/stm32l4xx_hal_i2c.o
 .debug_ranges  0x000008a8       0x38 Build/stm32l4xx_hal_i2c_ex.o
 .debug_ranges  0x000008e0       0x50 Build/stm32l4xx_hal_pcd_ex.o
 .debug_ranges  0x00000930      0x128 Build/stm32l4xx_hal_pcd.o
 .debug_ranges  0x00000a58       0x88 Build/stm32l4xx_hal_pwr.o
 .debug_ranges  0x00000ae0      0x140 Build/stm32l4xx_hal_pwr_ex.o
 .debug_ranges  0x00000c20      0x150 Build/stm32l4xx_hal_qspi.o
 .debug_ranges  0x00000d70       0x98 Build/stm32l4xx_hal_rcc.o
 .debug_ranges  0x00000e08       0xc8 Build/stm32l4xx_hal_rcc_ex.o
 .debug_ranges  0x00000ed0       0x78 Build/stm32l4xx_hal_rng.o
 .debug_ranges  0x00000f48      0x1c8 Build/stm32l4xx_hal_spi.o
 .debug_ranges  0x00001110      0x230 Build/stm32l4xx_hal_uart.o
 .debug_ranges  0x00001340      0x120 Build/stm32l4xx_hal.o
 .debug_ranges  0x00001460      0x190 Build/stm32l4xx_ll_usb.o

.debug_line     0x00000000    0x1c8f2
 .debug_line    0x00000000      0xe4c Build/main.o
 .debug_line    0x00000e4c      0x8ba Build/stm32l4xx_hal_msp.o
 .debug_line    0x00001706      0x355 Build/stm32l4xx_it.o
 .debug_line    0x00001a5b      0x4ad Build/syscalls.o
 .debug_line    0x00001f08      0x2ee Build/sysmem.o
 .debug_line    0x000021f6      0x333 Build/system_stm32l4xx.o
 .debug_line    0x00002529      0x88e Build/tee_client_api.o
 .debug_line    0x00002db7      0x8ff Build/stm32l4xx_hal_cortex.o
 .debug_line    0x000036b6     0x2081 Build/stm32l4xx_hal_dfsdm.o
 .debug_line    0x00005737      0x7b0 Build/stm32l4xx_hal_gpio.o
 .debug_line    0x00005ee7     0x545b Build/stm32l4xx_hal_i2c.o
 .debug_line    0x0000b342      0x5c0 Build/stm32l4xx_hal_i2c_ex.o
 .debug_line    0x0000b902      0x587 Build/stm32l4xx_hal_pcd_ex.o
 .debug_line    0x0000be89     0x1489 Build/stm32l4xx_hal_pcd.o
 .debug_line    0x0000d312      0x4e6 Build/stm32l4xx_hal_pwr.o
 .debug_line    0x0000d7f8      0xb30 Build/stm32l4xx_hal_pwr_ex.o
 .debug_line    0x0000e328     0x16d6 Build/stm32l4xx_hal_qspi.o
 .debug_line    0x0000f9fe      0xfc1 Build/stm32l4xx_hal_rcc.o
 .debug_line    0x000109bf     0x15eb Build/stm32l4xx_hal_rcc_ex.o
 .debug_line    0x00011faa      0x6f0 Build/stm32l4xx_hal_rng.o
 .debug_line    0x0001269a     0x2b76 Build/stm32l4xx_hal_spi.o
 .debug_line    0x00015210     0x52b2 Build/stm32l4xx_hal_uart.o
 .debug_line    0x0001a4c2      0x76a Build/stm32l4xx_hal.o
 .debug_line    0x0001ac2c     0x1cc6 Build/stm32l4xx_ll_usb.o

.debug_str      0x00000000     0x722f
 .debug_str     0x00000000     0x1fb4 Build/main.o
                               0x21a1 (size before relaxing)
 .debug_str     0x00001fb4      0x193 Build/stm32l4xx_hal_msp.o
                               0x186f (size before relaxing)
 .debug_str     0x00002147       0xf8 Build/stm32l4xx_it.o
                                0x275 (size before relaxing)
 .debug_str     0x0000223f      0x20b Build/syscalls.o
                                0x3ea (size before relaxing)
 .debug_str     0x0000244a       0x75 Build/sysmem.o
                                0x216 (size before relaxing)
 .debug_str     0x000024bf       0x9e Build/system_stm32l4xx.o
                                0x376 (size before relaxing)
 .debug_str     0x0000255d      0x148 Build/tee_client_api.o
                                0x4b5 (size before relaxing)
 .debug_str     0x000026a5      0x500 Build/stm32l4xx_hal_cortex.o
                                0xc3a (size before relaxing)
 .debug_str     0x00002ba5      0xbb7 Build/stm32l4xx_hal_dfsdm.o
                               0x1250 (size before relaxing)
 .debug_str     0x0000375c      0x10c Build/stm32l4xx_hal_gpio.o
                                0x531 (size before relaxing)
 .debug_str     0x00003868      0x8d1 Build/stm32l4xx_hal_i2c.o
                                0xfca (size before relaxing)
 .debug_str     0x00004139       0xb8 Build/stm32l4xx_hal_i2c_ex.o
                                0x8d7 (size before relaxing)
 .debug_str     0x000041f1      0x20f Build/stm32l4xx_hal_pcd_ex.o
                                0x819 (size before relaxing)
 .debug_str     0x00004400      0x76e Build/stm32l4xx_hal_pcd.o
                                0xdfd (size before relaxing)
 .debug_str     0x00004b6e      0x2d0 Build/stm32l4xx_hal_pwr.o
                                0x69f (size before relaxing)
 .debug_str     0x00004e3e      0x405 Build/stm32l4xx_hal_pwr_ex.o
                                0x805 (size before relaxing)
 .debug_str     0x00005243      0x4ca Build/stm32l4xx_hal_qspi.o
                                0xb2a (size before relaxing)
 .debug_str     0x0000570d      0x236 Build/stm32l4xx_hal_rcc.o
                                0x88d (size before relaxing)
 .debug_str     0x00005943      0x2a9 Build/stm32l4xx_hal_rcc_ex.o
                                0xaac (size before relaxing)
 .debug_str     0x00005bec      0x153 Build/stm32l4xx_hal_rng.o
                                0x451 (size before relaxing)
 .debug_str     0x00005d3f      0x510 Build/stm32l4xx_hal_spi.o
                                0xbcc (size before relaxing)
 .debug_str     0x0000624f      0x791 Build/stm32l4xx_hal_uart.o
                               0x1005 (size before relaxing)
 .debug_str     0x000069e0      0x3d7 Build/stm32l4xx_hal.o
                                0xce0 (size before relaxing)
 .debug_str     0x00006db7      0x478 Build/stm32l4xx_ll_usb.o
                                0xd23 (size before relaxing)

.comment        0x00000000       0x43
 .comment       0x00000000       0x43 Build/main.o
                                 0x44 (size before relaxing)
 .comment       0x00000043       0x44 Build/stm32l4xx_hal_msp.o
 .comment       0x00000043       0x44 Build/stm32l4xx_it.o
 .comment       0x00000043       0x44 Build/syscalls.o
 .comment       0x00000043       0x44 Build/sysmem.o
 .comment       0x00000043       0x44 Build/system_stm32l4xx.o
 .comment       0x00000043       0x44 Build/tee_client_api.o
 .comment       0x00000043       0x44 Build/stm32l4xx_hal_cortex.o
 .comment       0x00000043       0x44 Build/stm32l4xx_hal_dfsdm.o
 .comment       0x00000043       0x44 Build/stm32l4xx_hal_gpio.o
 .comment       0x00000043       0x44 Build/stm32l4xx_hal_i2c.o
 .comment       0x00000043       0x44 Build/stm32l4xx_hal_i2c_ex.o
 .comment       0x00000043       0x44 Build/stm32l4xx_hal_pcd_ex.o
 .comment       0x00000043       0x44 Build/stm32l4xx_hal_pcd.o
 .comment       0x00000043       0x44 Build/stm32l4xx_hal_pwr.o
 .comment       0x00000043       0x44 Build/stm32l4xx_hal_pwr_ex.o
 .comment       0x00000043       0x44 Build/stm32l4xx_hal_qspi.o
 .comment       0x00000043       0x44 Build/stm32l4xx_hal_rcc.o
 .comment       0x00000043       0x44 Build/stm32l4xx_hal_rcc_ex.o
 .comment       0x00000043       0x44 Build/stm32l4xx_hal_rng.o
 .comment       0x00000043       0x44 Build/stm32l4xx_hal_spi.o
 .comment       0x00000043       0x44 Build/stm32l4xx_hal_uart.o
 .comment       0x00000043       0x44 Build/stm32l4xx_hal.o
 .comment       0x00000043       0x44 Build/stm32l4xx_ll_usb.o

.debug_frame    0x00000000     0x4678
 .debug_frame   0x00000000      0x18c Build/main.o
 .debug_frame   0x0000018c      0x1b0 Build/stm32l4xx_hal_msp.o
 .debug_frame   0x0000033c       0xd8 Build/stm32l4xx_it.o
 .debug_frame   0x00000414      0x190 Build/syscalls.o
 .debug_frame   0x000005a4       0x28 Build/sysmem.o
 .debug_frame   0x000005cc       0x30 Build/system_stm32l4xx.o
 .debug_frame   0x000005fc       0xf8 Build/tee_client_api.o
 .debug_frame   0x000006f4      0x204 Build/stm32l4xx_hal_cortex.o
 .debug_frame   0x000008f8      0x620 Build/stm32l4xx_hal_dfsdm.o
 .debug_frame   0x00000f18       0xd0 Build/stm32l4xx_hal_gpio.o
 .debug_frame   0x00000fe8      0x970 Build/stm32l4xx_hal_i2c.o
 .debug_frame   0x00001958       0x80 Build/stm32l4xx_hal_i2c_ex.o
 .debug_frame   0x000019d8       0xb8 Build/stm32l4xx_hal_pcd_ex.o
 .debug_frame   0x00001a90      0x35c Build/stm32l4xx_hal_pcd.o
 .debug_frame   0x00001dec      0x120 Build/stm32l4xx_hal_pwr.o
 .debug_frame   0x00001f0c      0x298 Build/stm32l4xx_hal_pwr_ex.o
 .debug_frame   0x000021a4      0x40c Build/stm32l4xx_hal_qspi.o
 .debug_frame   0x000025b0      0x19c Build/stm32l4xx_hal_rcc.o
 .debug_frame   0x0000274c      0x204 Build/stm32l4xx_hal_rcc_ex.o
 .debug_frame   0x00002950      0x130 Build/stm32l4xx_hal_rng.o
 .debug_frame   0x00002a80      0x5f8 Build/stm32l4xx_hal_spi.o
 .debug_frame   0x00003078      0x600 Build/stm32l4xx_hal_uart.o
 .debug_frame   0x00003678      0x274 Build/stm32l4xx_hal.o
 .debug_frame   0x000038ec      0x478 Build/stm32l4xx_ll_usb.o
 .debug_frame   0x00003d64       0x20 /home/emanuele/st/stm32cubeide_1.15.0/plugins/com.st.stm32cube.ide.mcu.externaltools.gnu-tools-for-stm32.12.3.rel1.linux64_1.0.200.202406132123/tools/bin/../lib/gcc/arm-none-eabi/12.3.1/../../../../arm-none-eabi/lib/thumb/v7-m/nofp/libc_nano.a(libc_a-calloc.o)
 .debug_frame   0x00003d84       0x2c /home/emanuele/st/stm32cubeide_1.15.0/plugins/com.st.stm32cube.ide.mcu.externaltools.gnu-tools-for-stm32.12.3.rel1.linux64_1.0.200.202406132123/tools/bin/../lib/gcc/arm-none-eabi/12.3.1/../../../../arm-none-eabi/lib/thumb/v7-m/nofp/libc_nano.a(libc_a-callocr.o)
 .debug_frame   0x00003db0       0x30 /home/emanuele/st/stm32cubeide_1.15.0/plugins/com.st.stm32cube.ide.mcu.externaltools.gnu-tools-for-stm32.12.3.rel1.linux64_1.0.200.202406132123/tools/bin/../lib/gcc/arm-none-eabi/12.3.1/../../../../arm-none-eabi/lib/thumb/v7-m/nofp/libc_nano.a(libc_a-malloc.o)
 .debug_frame   0x00003de0       0x50 /home/emanuele/st/stm32cubeide_1.15.0/plugins/com.st.stm32cube.ide.mcu.externaltools.gnu-tools-for-stm32.12.3.rel1.linux64_1.0.200.202406132123/tools/bin/../lib/gcc/arm-none-eabi/12.3.1/../../../../arm-none-eabi/lib/thumb/v7-m/nofp/libc_nano.a(libc_a-mallocr.o)
 .debug_frame   0x00003e30       0x30 /home/emanuele/st/stm32cubeide_1.15.0/plugins/com.st.stm32cube.ide.mcu.externaltools.gnu-tools-for-stm32.12.3.rel1.linux64_1.0.200.202406132123/tools/bin/../lib/gcc/arm-none-eabi/12.3.1/../../../../arm-none-eabi/lib/thumb/v7-m/nofp/libc_nano.a(libc_a-mlock.o)
 .debug_frame   0x00003e60      0x144 /home/emanuele/st/stm32cubeide_1.15.0/plugins/com.st.stm32cube.ide.mcu.externaltools.gnu-tools-for-stm32.12.3.rel1.linux64_1.0.200.202406132123/tools/bin/../lib/gcc/arm-none-eabi/12.3.1/../../../../arm-none-eabi/lib/thumb/v7-m/nofp/libc_nano.a(libc_a-findfp.o)
 .debug_frame   0x00003fa4       0x34 /home/emanuele/st/stm32cubeide_1.15.0/plugins/com.st.stm32cube.ide.mcu.externaltools.gnu-tools-for-stm32.12.3.rel1.linux64_1.0.200.202406132123/tools/bin/../lib/gcc/arm-none-eabi/12.3.1/../../../../arm-none-eabi/lib/thumb/v7-m/nofp/libc_nano.a(libc_a-fwalk.o)
 .debug_frame   0x00003fd8       0x6c /home/emanuele/st/stm32cubeide_1.15.0/plugins/com.st.stm32cube.ide.mcu.externaltools.gnu-tools-for-stm32.12.3.rel1.linux64_1.0.200.202406132123/tools/bin/../lib/gcc/arm-none-eabi/12.3.1/../../../../arm-none-eabi/lib/thumb/v7-m/nofp/libc_nano.a(libc_a-printf.o)
 .debug_frame   0x00004044       0x3c /home/emanuele/st/stm32cubeide_1.15.0/plugins/com.st.stm32cube.ide.mcu.externaltools.gnu-tools-for-stm32.12.3.rel1.linux64_1.0.200.202406132123/tools/bin/../lib/gcc/arm-none-eabi/12.3.1/../../../../arm-none-eabi/lib/thumb/v7-m/nofp/libc_nano.a(libc_a-puts.o)
 .debug_frame   0x00004080       0x88 /home/emanuele/st/stm32cubeide_1.15.0/plugins/com.st.stm32cube.ide.mcu.externaltools.gnu-tools-for-stm32.12.3.rel1.linux64_1.0.200.202406132123/tools/bin/../lib/gcc/arm-none-eabi/12.3.1/../../../../arm-none-eabi/lib/thumb/v7-m/nofp/libc_nano.a(libc_a-stdio.o)
 .debug_frame   0x00004108       0x40 /home/emanuele/st/stm32cubeide_1.15.0/plugins/com.st.stm32cube.ide.mcu.externaltools.gnu-tools-for-stm32.12.3.rel1.linux64_1.0.200.202406132123/tools/bin/../lib/gcc/arm-none-eabi/12.3.1/../../../../arm-none-eabi/lib/thumb/v7-m/nofp/libc_nano.a(libc_a-wbuf.o)
 .debug_frame   0x00004148       0x2c /home/emanuele/st/stm32cubeide_1.15.0/plugins/com.st.stm32cube.ide.mcu.externaltools.gnu-tools-for-stm32.12.3.rel1.linux64_1.0.200.202406132123/tools/bin/../lib/gcc/arm-none-eabi/12.3.1/../../../../arm-none-eabi/lib/thumb/v7-m/nofp/libc_nano.a(libc_a-wsetup.o)